06-22 13:43:21.140 13816 13887 W ViolationHandler: 	at com.itsaky.androidide.activities.MainActivity.handleOpenProject(MainActivity.kt:390)
06-22 13:43:21.140 13816 13887 W ViolationHandler: 	at com.itsaky.androidide.activities.MainActivity.access$handleOpenProject(MainActivity.kt:83)
06-22 13:43:21.140 13816 13887 W ViolationHandler: 	at com.itsaky.androidide.activities.MainActivity$tryOpenLastProject$1$1.invokeSuspend(MainActivity.kt:371)
06-22 13:43:21.140 13816 13887 W ViolationHandler: 	at kotlin.coroutines.jvm.internal.BaseContinuationImpl.resumeWith(ContinuationImpl.kt:34)
06-22 13:43:21.140 13816 13887 W ViolationHandler: 	at kotlinx.coroutines.DispatchedTask.run(DispatchedTask.kt:100)
06-22 13:43:21.140 13816 13887 W ViolationHandler: 	at android.os.Handler.handleCallback(Handler.java:958)
06-22 13:43:21.140 13816 13887 W ViolationHandler: 	at android.os.Handler.dispatchMessage(Handler.java:99)
06-22 13:43:21.140 13816 13887 W ViolationHandler: 	at android.os.Looper.loopOnce(Looper.java:243)
06-22 13:43:21.140 13816 13887 W ViolationHandler: 	at android.os.Looper.loop(Looper.java:338)
06-22 13:43:21.140 13816 13887 W ViolationHandler: 	at com.itsaky.androidide.app.CredentialProtectedApplicationLoader.installPluginCrashLooperGuard$lambda$0(CredentialProtectedApplicationLoader.kt:223)
06-22 13:43:21.140 13816 13887 W ViolationHandler: 	at com.itsaky.androidide.app.CredentialProtectedApplicationLoader.$r8$lambda$o4KQZd6K2NtRhir9kivKIce16xM(Unknown Source:0)
06-22 13:43:21.140 13816 13887 W ViolationHandler: 	at com.itsaky.androidide.app.CredentialProtectedApplicationLoader$$ExternalSyntheticLambda1.run(D8$$SyntheticClass:0)
06-22 13:43:21.140 13816 13887 W ViolationHandler: 	at android.os.Handler.handleCallback(Handler.java:958)
06-22 13:43:21.140 13816 13887 W ViolationHandler: 	at android.os.Handler.dispatchMessage(Handler.java:99)
06-22 13:43:21.140 13816 13887 W ViolationHandler: 	at android.os.Looper.loopOnce(Looper.java:243)
06-22 13:43:21.140 13816 13887 W ViolationHandler: 	at android.os.Looper.loop(Looper.java:338)
06-22 13:43:21.140 13816 13887 W ViolationHandler: 	at android.app.ActivityThread.main(ActivityThread.java:8524)
06-22 13:43:21.140 13816 13887 W ViolationHandler: 	at java.lang.reflect.Method.invoke(Native Method)
06-22 13:43:21.140 13816 13887 W ViolationHandler: 	at com.android.internal.os.RuntimeInit$MethodAndArgsCaller.run(RuntimeInit.java:602)
06-22 13:43:21.140 13816 13887 W ViolationHandler: 	at com.android.internal.os.ZygoteInit.main(ZygoteInit.java:1064)
06-22 13:43:21.149 13816 13816 D DefaultActionsRegistry: [main] ACTION_DEBUG:  Clearing all 8 actions from location 'ide.main.screen'.
06-22 13:43:21.149 13816 13816 D DefaultActionsRegistry: [main] ACTION_DEBUG:  Location 'ide.main.screen' is now empty.
06-22 13:43:21.150   906   987 E surfaceflinger: == MALI DEBUG ===eglp_winsys_populate_image_templates ==12288
06-22 13:43:21.150 13816 13887 W ViolationHandler: [pool-8-thread-1] StrictMode violation detected
06-22 13:43:21.150 13816 13887 W ViolationHandler: android.os.strictmode.DiskReadViolation: null
06-22 13:43:21.150 13816 13887 W ViolationHandler: 	at android.os.StrictMode$AndroidBlockGuardPolicy.onReadFromDisk(StrictMode.java:1666)
06-22 13:43:21.150 13816 13887 W ViolationHandler: 	at libcore.io.BlockGuardOs.read(BlockGuardOs.java:324)
06-22 13:43:21.150 13816 13887 W ViolationHandler: 	at libcore.io.ForwardingOs.read(ForwardingOs.java:624)
06-22 13:43:21.150 13816 13887 W ViolationHandler: 	at libcore.io.IoBridge.read(IoBridge.java:604)
06-22 13:43:21.150 13816 13887 W ViolationHandler: 	at java.io.RandomAccessFile.readBytes(RandomAccessFile.java:405)
06-22 13:43:21.150 13816 13887 W ViolationHandler: 	at java.io.RandomAccessFile.read(RandomAccessFile.java:434)
06-22 13:43:21.150 13816 13887 W ViolationHandler: 	at java.io.RandomAccessFile.readFully(RandomAccessFile.java:493)
06-22 13:43:21.150 13816 13887 W ViolationHandler: 	at java.util.zip.ZipFile$Source.readFullyAt(ZipFile.java:1696)
06-22 13:43:21.150 13816 13887 W ViolationHandler: 	at java.util.zip.ZipFile$Source.-$$Nest$mreadFullyAt(ZipFile.java:0)
06-22 13:43:21.150 13816 13887 W ViolationHandler: 	at java.util.zip.ZipFile$ZipFileInputStream.initDataOffset(ZipFile.java:1013)
06-22 13:43:21.150 13816 13887 W ViolationHandler: 	at java.util.zip.ZipFile$ZipFileInputStream.read(ZipFile.java:1029)
06-22 13:43:21.150 13816 13887 W ViolationHandler: 	at java.util.zip.ZipFile$ZipFileInflaterInputStream.fill(ZipFile.java:511)
06-22 13:43:21.150 13816 13887 W ViolationHandler: 	at java.util.zip.InflaterInputStream.read(InflaterInputStream.java:210)
06-22 13:43:21.150 13816 13887 W ViolationHandler: 	at java.io.FilterInputStream.read(FilterInputStream.java:133)
06-22 13:43:21.150 13816 13887 W ViolationHandler: 	at sun.nio.cs.StreamDecoder.readBytes(StreamDecoder.java:309)
06-22 13:43:21.150 13816 13887 W ViolationHandler: 	at sun.nio.cs.StreamDecoder.implRead(StreamDecoder.java:373)
06-22 13:43:21.150 13816 13887 W ViolationHandler: 	at sun.nio.cs.StreamDecoder.read(StreamDecoder.java:183)
06-22 13:43:21.150 13816 13887 W ViolationHandler: 	at java.io.InputStreamReader.read(InputStreamReader.java:177)
06-22 13:43:21.150 13816 13887 W ViolationHandler: 	at java.io.BufferedReader.fill(BufferedReader.java:172)
06-22 13:43:21.150 13816 13887 W ViolationHandler: 	at java.io.BufferedReader.readLine(BufferedReader.java:337)
06-22 13:43:21.150 13816 13887 W ViolationHandler: 	at java.io.BufferedReader.readLine(BufferedReader.java:403)
06-22 13:43:21.150 13816 13887 W ViolationHandler: 	at com.itsaky.androidide.utils.ServiceLoader.parseLine(ServiceLoader.java:250)
06-22 13:43:21.150 13816 13887 W ViolationHandler: 	at com.itsaky.androidide.utils.ServiceLoader.parse(ServiceLoader.java:308)
06-22 13:43:21.150 13816 13887 W ViolationHandler: 	at com.itsaky.androidide.utils.ServiceLoader.-$$Nest$mparse(Unknown Source:0)
06-22 13:43:21.150 13816 13887 W ViolationHandler: 	at com.itsaky.androidide.utils.ServiceLoader$LazyIterator.hasNextService(ServiceLoader.java:362)
06-22 13:43:21.150 13816 13887 W ViolationHandler: 	at com.itsaky.androidide.utils.ServiceLoader$LazyIterator.hasNext(ServiceLoader.java:402)
06-22 13:43:21.150 13816 13887 W ViolationHandler: 	at com.itsaky.androidide.utils.ServiceLoader$1.hasNext(ServiceLoader.java:478)
06-22 13:43:21.150 13816 13887 W ViolationHandler: 	at com.itsaky.androidide.utils.ServiceLoader.findFirst(ServiceLoader.java:606)
06-22 13:43:21.150 13816 13887 W ViolationHandler: 	at com.itsaky.androidide.utils.ServiceLoader.findFirstOrThrow(ServiceLoader.java:622)
06-22 13:43:21.150 13816 13887 W ViolationHandler: 	at com.itsaky.androidide.projects.IProjectManager$Companion.getInstance(IProjectManager.kt:47)
06-22 13:43:21.150 13816 13887 W ViolationHandler: 	at com.itsaky.androidide.projects.ProjectManagerImpl$Companion.getInstance(ProjectManagerImpl.kt:112)
06-22 13:43:21.150 13816 13887 W ViolationHandler: 	at com.itsaky.androidide.activities.MainActivity.openProject$app_v8Debug(MainActivity.kt:404)
06-22 13:43:21.150 13816 13887 W ViolationHandler: 	at com.itsaky.androidide.activities.MainActivity.openProject$app_v8Debug$default(MainActivity.kt:403)
06-22 13:43:21.150 13816 13887 W ViolationHandler: 	at com.itsaky.androidide.activities.MainActivity.handleOpenProject(MainActivity.kt:390)
06-22 13:43:21.150 13816 13887 W ViolationHandler: 	at com.itsaky.androidide.activities.MainActivity.access$handleOpenProject(MainActivity.kt:83)
06-22 13:43:21.150 13816 13887 W ViolationHandler: 	at com.itsaky.androidide.activities.MainActivity$tryOpenLastProject$1$1.invokeSuspend(MainActivity.kt:371)
06-22 13:43:21.150 13816 13887 W ViolationHandler: 	at kotlin.coroutines.jvm.internal.BaseContinuationImpl.resumeWith(ContinuationImpl.kt:34)
06-22 13:43:21.150 13816 13887 W ViolationHandler: 	at kotlinx.coroutines.DispatchedTask.run(DispatchedTask.kt:100)
06-22 13:43:21.150 13816 13887 W ViolationHandler: 	at android.os.Handler.handleCallback(Handler.java:958)
06-22 13:43:21.150 13816 13887 W ViolationHandler: 	at android.os.Handler.dispatchMessage(Handler.java:99)
06-22 13:43:21.150 13816 13887 W ViolationHandler: 	at android.os.Looper.loopOnce(Looper.java:243)
06-22 13:43:21.150 13816 13887 W ViolationHandler: 	at android.os.Looper.loop(Looper.java:338)
06-22 13:43:21.150 13816 13887 W ViolationHandler: 	at com.itsaky.androidide.app.CredentialProtectedApplicationLoader.installPluginCrashLooperGuard$lambda$0(CredentialProtectedApplicationLoader.kt:223)
06-22 13:43:21.150 13816 13887 W ViolationHandler: 	at com.itsaky.androidide.app.CredentialProtectedApplicationLoader.$r8$lambda$o4KQZd6K2NtRhir9kivKIce16xM(Unknown Source:0)
06-22 13:43:21.150 13816 13887 W ViolationHandler: 	at com.itsaky.androidide.app.CredentialProtectedApplicationLoader$$ExternalSyntheticLambda1.run(D8$$SyntheticClass:0)
06-22 13:43:21.150 13816 13887 W ViolationHandler: 	at android.os.Handler.handleCallback(Handler.java:958)
06-22 13:43:21.150 13816 13887 W ViolationHandler: 	at android.os.Handler.dispatchMessage(Handler.java:99)
06-22 13:43:21.150 13816 13887 W ViolationHandler: 	at android.os.Looper.loopOnce(Looper.java:243)
06-22 13:43:21.150 13816 13887 W ViolationHandler: 	at android.os.Looper.loop(Looper.java:338)
06-22 13:43:21.150 13816 13887 W ViolationHandler: 	at android.app.ActivityThread.main(ActivityThread.java:8524)
06-22 13:43:21.150 13816 13887 W ViolationHandler: 	at java.lang.reflect.Method.invoke(Native Method)
06-22 13:43:21.150 13816 13887 W ViolationHandler: 	at com.android.internal.os.RuntimeInit$MethodAndArgsCaller.run(RuntimeInit.java:602)
06-22 13:43:21.150 13816 13887 W ViolationHandler: 	at com.android.internal.os.ZygoteInit.main(ZygoteInit.java:1064)
06-22 13:43:21.154  1669  4050 D os.fingerprint: onActivityResume next:ActivityRecord{d36773 u0 com.itsaky.androidide/.activities.editor.EditorActivityKt t83}
06-22 13:43:21.154  1669  4050 D os.fingerprint: activityComponent = ComponentInfo{com.itsaky.androidide/com.itsaky.androidide.activities.editor.EditorActivityKt} inMultiWindow = false
06-22 13:43:21.154  1669  4050 D AppLockLice: onActivityResume: packageName = com.itsaky.androidide,mComeLockPkgList =[],mPreLockPkgList =[]
06-22 13:43:21.154  1669  4050 D AppLockLice: onActivityResume:isAwake = true ,isKeyguardLocked = false
06-22 13:43:21.155  3629  4122 I SimpleEventAdapt: onActivityEvent get com.itsaky.androidide, com.itsaky.androidide.activities.MainActivity,false
06-22 13:43:21.155  3629  4122 I SimpleEventAdapt: notifyEvent2  activity_event
06-22 13:43:21.155  3629  4122 I SimpleEventAdapt: notifyEvent  1
06-22 13:43:21.156  3629 13800 I CacheManager:  save new data to cache activity_event
06-22 13:43:21.156  3629 13800 I bsc     : notifyDataChange in activity_event, 1
06-22 13:43:21.156  3629 13800 I DataServiceImplV2: StandardDataService notifyDataChange  in 
06-22 13:43:21.156  1669  4050 D os.fingerprint: onRealStartActivityLocked next:ActivityRecord{d36773 u0 com.itsaky.androidide/.activities.editor.EditorActivityKt t83} isKeyguardShowing:false
06-22 13:43:21.157  3629 13801 I DataServiceImplV2: StandardDataService notifyDataChange  curServiceName StandardDataService type:activity_event
06-22 13:43:21.157  1669  4050 D os.fingerprint: activityComponent = ComponentInfo{com.itsaky.androidide/com.itsaky.androidide.activities.editor.EditorActivityKt} inMultiWindow = false
06-22 13:43:21.157  3629 13801 I Kolun_AI: SystemEventSubscribe: onPublishData {"type":"activity_event","time":1782153801155,"data":"{\"className\":\"com.itsaky.androidide.activities.MainActivity\",\"isResumed\":false,\"packageName\":\"com.itsaky.androidide\"}","provider":"dc","dc_version":2030370000,"data_version":1,"user_id":0}
06-22 13:43:21.157  3629 13801 I Kolun_AI: SystemEventSubscribe: publisher.getMatcher() activity_event
06-22 13:43:21.157  3629 13801 I ApiInvoke1.7.1: SubscribeManager: publishData success host DataCenter#StandardDataService matcher activity_event
06-22 13:43:21.157  3629 13801 W ApiInvoke1.7.1: SubscribeBusServerImpl: onSafePublishData start ==>> publisher Publisher{channel='DataCenter', apiName='StandardDataService', label='activity_event'}
06-22 13:43:21.158  1669  4050 W WindowManager: Changing focus from Window{6080ef7 u0 com.itsaky.androidide/com.itsaky.androidide.activities.MainActivity} to null displayId=0 Callers=com.android.server.wm.RootWindowContainer.updateFocusedWindowLocked:508 com.android.server.wm.WindowManagerService.updateFocusedWindowLocked:6510 com.android.server.wm.ActivityTaskManagerService.setLastResumedActivityUncheckLocked:5401 com.android.server.wm.ActivityTaskSupervisor.updateTopResumedActivityIfNeeded:2636 
06-22 13:43:21.158 13816 13887 W ViolationHandler: [pool-8-thread-1] StrictMode violation detected
06-22 13:43:21.158 13816 13887 W ViolationHandler: android.os.strictmode.DiskReadViolation: null
06-22 13:43:21.158 13816 13887 W ViolationHandler: 	at android.os.StrictMode$AndroidBlockGuardPolicy.onReadFromDisk(StrictMode.java:1666)
06-22 13:43:21.158 13816 13887 W ViolationHandler: 	at libcore.io.BlockGuardOs.lseek(BlockGuardOs.java:242)
06-22 13:43:21.158 13816 13887 W ViolationHandler: 	at libcore.io.ForwardingOs.lseek(ForwardingOs.java:475)
06-22 13:43:21.158 13816 13887 W ViolationHandler: 	at java.io.RandomAccessFile.seek(RandomAccessFile.java:635)
06-22 13:43:21.158 13816 13887 W ViolationHandler: 	at java.util.zip.ZipFile$Source.readAt(ZipFile.java:1708)
06-22 13:43:21.158 13816 13887 W ViolationHandler: 	at java.util.zip.ZipFile$Source.-$$Nest$mreadAt(ZipFile.java:0)
06-22 13:43:21.158 13816 13887 W ViolationHandler: 	at java.util.zip.ZipFile$ZipFileInputStream.read(ZipFile.java:1039)
06-22 13:43:21.158 13816 13887 W ViolationHandler: 	at java.util.zip.ZipFile$ZipFileInflaterInputStream.fill(ZipFile.java:511)
06-22 13:43:21.158 13816 13887 W ViolationHandler: 	at java.util.zip.InflaterInputStream.read(InflaterInputStream.java:210)
06-22 13:43:21.158 13816 13887 W ViolationHandler: 	at java.io.FilterInputStream.read(FilterInputStream.java:133)
06-22 13:43:21.158 13816 13887 W ViolationHandler: 	at sun.nio.cs.StreamDecoder.readBytes(StreamDecoder.java:309)
06-22 13:43:21.158 13816 13887 W ViolationHandler: 	at sun.nio.cs.StreamDecoder.implRead(StreamDecoder.java:373)
06-22 13:43:21.158 13816 13887 W ViolationHandler: 	at sun.nio.cs.StreamDecoder.read(StreamDecoder.java:183)
06-22 13:43:21.158 13816 13887 W ViolationHandler: 	at java.io.InputStreamReader.read(InputStreamReader.java:177)
06-22 13:43:21.158 13816 13887 W ViolationHandler: 	at java.io.BufferedReader.fill(BufferedReader.java:172)
06-22 13:43:21.158 13816 13887 W ViolationHandler: 	at java.io.BufferedReader.readLine(BufferedReader.java:337)
06-22 13:43:21.158 13816 13887 W ViolationHandler: 	at java.io.BufferedReader.readLine(BufferedReader.java:403)
06-22 13:43:21.158 13816 13887 W ViolationHandler: 	at com.itsaky.androidide.utils.ServiceLoader.parseLine(ServiceLoader.java:250)
06-22 13:43:21.158 13816 13887 W ViolationHandler: 	at com.itsaky.androidide.utils.ServiceLoader.parse(ServiceLoader.java:308)
06-22 13:43:21.158 13816 13887 W ViolationHandler: 	at com.itsaky.androidide.utils.ServiceLoader.-$$Nest$mparse(Unknown Source:0)
06-22 13:43:21.158 13816 13887 W ViolationHandler: 	at com.itsaky.androidide.utils.ServiceLoader$LazyIterator.hasNextService(ServiceLoader.java:362)
06-22 13:43:21.158 13816 13887 W ViolationHandler: 	at com.itsaky.androidide.utils.ServiceLoader$LazyIterator.hasNext(ServiceLoader.java:402)
06-22 13:43:21.158 13816 13887 W ViolationHandler: 	at com.itsaky.androidide.utils.ServiceLoader$1.hasNext(ServiceLoader.java:478)
06-22 13:43:21.158 13816 13887 W ViolationHandler: 	at com.itsaky.androidide.utils.ServiceLoader.findFirst(ServiceLoader.java:606)
06-22 13:43:21.158 13816 13887 W ViolationHandler: 	at com.itsaky.androidide.utils.ServiceLoader.findFirstOrThrow(ServiceLoader.java:622)
06-22 13:43:21.158 13816 13887 W ViolationHandler: 	at com.itsaky.androidide.projects.IProjectManager$Companion.getInstance(IProjectManager.kt:47)
06-22 13:43:21.158 13816 13887 W ViolationHandler: 	at com.itsaky.androidide.projects.ProjectManagerImpl$Companion.getInstance(ProjectManagerImpl.kt:112)
06-22 13:43:21.158 13816 13887 W ViolationHandler: 	at com.itsaky.androidide.activities.MainActivity.openProject$app_v8Debug(MainActivity.kt:404)
06-22 13:43:21.158 13816 13887 W ViolationHandler: 	at com.itsaky.androidide.activities.MainActivity.openProject$app_v8Debug$default(MainActivity.kt:403)
06-22 13:43:21.158 13816 13887 W ViolationHandler: 	at com.itsaky.androidide.activities.MainActivity.handleOpenProject(MainActivity.kt:390)
06-22 13:43:21.158 13816 13887 W ViolationHandler: 	at com.itsaky.androidide.activities.MainActivity.access$handleOpenProject(MainActivity.kt:83)
06-22 13:43:21.158 13816 13887 W ViolationHandler: 	at com.itsaky.androidide.activities.MainActivity$tryOpenLastProject$1$1.invokeSuspend(MainActivity.kt:371)
06-22 13:43:21.158 13816 13887 W ViolationHandler: 	at kotlin.coroutines.jvm.internal.BaseContinuationImpl.resumeWith(ContinuationImpl.kt:34)
06-22 13:43:21.158 13816 13887 W ViolationHandler: 	at kotlinx.coroutines.DispatchedTask.run(DispatchedTask.kt:100)
06-22 13:43:21.158 13816 13887 W ViolationHandler: 	at android.os.Handler.handleCallback(Handler.java:958)
06-22 13:43:21.158 13816 13887 W ViolationHandler: 	at android.os.Handler.dispatchMessage(Handler.java:99)
06-22 13:43:21.158 13816 13887 W ViolationHandler: 	at android.os.Looper.loopOnce(Looper.java:243)
06-22 13:43:21.158 13816 13887 W ViolationHandler: 	at android.os.Looper.loop(Looper.java:338)
06-22 13:43:21.158 13816 13887 W ViolationHandler: 	at com.itsaky.androidide.app.CredentialProtectedApplicationLoader.installPluginCrashLooperGuard$lambda$0(CredentialProtectedApplicationLoader.kt:223)
06-22 13:43:21.158 13816 13887 W ViolationHandler: 	at com.itsaky.androidide.app.CredentialProtectedApplicationLoader.$r8$lambda$o4KQZd6K2NtRhir9kivKIce16xM(Unknown Source:0)
06-22 13:43:21.158 13816 13887 W ViolationHandler: 	at com.itsaky.androidide.app.CredentialProtectedApplicationLoader$$ExternalSyntheticLambda1.run(D8$$SyntheticClass:0)
06-22 13:43:21.158 13816 13887 W ViolationHandler: 	at android.os.Handler.handleCallback(Handler.java:958)
06-22 13:43:21.158 13816 13887 W ViolationHandler: 	at android.os.Handler.dispatchMessage(Handler.java:99)
06-22 13:43:21.158 13816 13887 W ViolationHandler: 	at android.os.Looper.loopOnce(Looper.java:243)
06-22 13:43:21.158 13816 13887 W ViolationHandler: 	at android.os.Looper.loop(Looper.java:338)
06-22 13:43:21.158 13816 13887 W ViolationHandler: 	at android.app.ActivityThread.main(ActivityThread.java:8524)
06-22 13:43:21.158 13816 13887 W ViolationHandler: 	at java.lang.reflect.Method.invoke(Native Method)
06-22 13:43:21.158 13816 13887 W ViolationHandler: 	at com.android.internal.os.RuntimeInit$MethodAndArgsCaller.run(RuntimeInit.java:602)
06-22 13:43:21.158 13816 13887 W ViolationHandler: 	at com.android.internal.os.ZygoteInit.main(ZygoteInit.java:1064)
06-22 13:43:21.158  1669  4050 I TranSCSourceConnectManagerImpl: hookDisplayResumedActivityChanged displayId: 0 packageName: com.itsaky.androidide
06-22 13:43:21.159  1669  4050 I PowerHalWrapper: amsBoostNotify pid:13816,activity:com.itsaky.androidide.activities.editor.EditorActivityKt, package:com.itsaky.androidide, mProcessCreatePackcom.itsaky.androidide 
06-22 13:43:21.159  1669  4050 I PowerHalWrapper: state: 1 
06-22 13:43:21.159  1669  4050 I mtkpower_client: [Legacy][PowerHal_Wrap_notifyAppState] com.itsaky.androidide/com.itsaky.androidide.activities.editor.EditorActivityKt pid=13816 state:1
06-22 13:43:21.160   877   974 I libPowerHal: [perfNotifyAppState] pack:com.itsaky.androidide, act:com.itsaky.androidide.activities.editor.EditorActivityKt, state:1, pid:13816, uid:10455, fps:-1
06-22 13:43:21.160   877   920 I mtkpower@impl: [notifyAppState] act com.itsaky.androidide.activities.MainActivity => com.itsaky.androidide.activities.editor.EditorActivityKt
06-22 13:43:21.160  1669  4050 I PowerHalWrapper: amsBoostNotify AMS_BOOST_PROCESS_CREATE_BOOST:true 
06-22 13:43:21.160  3629 13801 W ApiInvoke1.7.1: SubscribeBusServerImpl: onSafePublishData, post publish data form DataCenter to {"pid": "3629","process": "com.transsion.kolun.aiservice","packageName": "com.transsion.kolun.aiservice","channels": ["APPService","AiEngine","DataCenter","GlobalGuideChannel"],"version": "1.7.1"} pid 3629 isPublishLocal true isInvalidPublisher false
06-22 13:43:21.160  3629 13801 W ApiInvoke1.7.1: ApiRequest: do publishData to remote activity_event
06-22 13:43:21.161  1669  4050 D os.fingerprint: onActivityResume next:ActivityRecord{d36773 u0 com.itsaky.androidide/.activities.editor.EditorActivityKt t83}
06-22 13:43:21.161  1669  4050 D os.fingerprint: activityComponent = ComponentInfo{com.itsaky.androidide/com.itsaky.androidide.activities.editor.EditorActivityKt} inMultiWindow = false
06-22 13:43:21.163 13816 13887 W ViolationHandler: [pool-8-thread-1] StrictMode violation detected
06-22 13:43:21.163 13816 13887 W ViolationHandler: android.os.strictmode.DiskReadViolation: null
06-22 13:43:21.163 13816 13887 W ViolationHandler: 	at android.os.StrictMode$AndroidBlockGuardPolicy.onReadFromDisk(StrictMode.java:1666)
06-22 13:43:21.163 13816 13887 W ViolationHandler: 	at libcore.io.BlockGuardOs.read(BlockGuardOs.java:324)
06-22 13:43:21.163 13816 13887 W ViolationHandler: 	at libcore.io.ForwardingOs.read(ForwardingOs.java:624)
06-22 13:43:21.163 13816 13887 W ViolationHandler: 	at libcore.io.IoBridge.read(IoBridge.java:604)
06-22 13:43:21.163 13816 13887 W ViolationHandler: 	at java.io.RandomAccessFile.readBytes(RandomAccessFile.java:405)
06-22 13:43:21.163 13816 13887 W ViolationHandler: 	at java.io.RandomAccessFile.read(RandomAccessFile.java:434)
06-22 13:43:21.163 13816 13887 W ViolationHandler: 	at java.util.zip.ZipFile$Source.readAt(ZipFile.java:1709)
06-22 13:43:21.163 13816 13887 W ViolationHandler: 	at java.util.zip.ZipFile$Source.-$$Nest$mreadAt(ZipFile.java:0)
06-22 13:43:21.163 13816 13887 W ViolationHandler: 	at java.util.zip.ZipFile$ZipFileInputStream.read(ZipFile.java:1039)
06-22 13:43:21.163 13816 13887 W ViolationHandler: 	at java.util.zip.ZipFile$ZipFileInflaterInputStream.fill(ZipFile.java:511)
06-22 13:43:21.163 13816 13887 W ViolationHandler: 	at java.util.zip.InflaterInputStream.read(InflaterInputStream.java:210)
06-22 13:43:21.163 13816 13887 W ViolationHandler: 	at java.io.FilterInputStream.read(FilterInputStream.java:133)
06-22 13:43:21.163 13816 13887 W ViolationHandler: 	at sun.nio.cs.StreamDecoder.readBytes(StreamDecoder.java:309)
06-22 13:43:21.163 13816 13887 W ViolationHandler: 	at sun.nio.cs.StreamDecoder.implRead(StreamDecoder.java:373)
06-22 13:43:21.163 13816 13887 W ViolationHandler: 	at sun.nio.cs.StreamDecoder.read(StreamDecoder.java:183)
06-22 13:43:21.163 13816 13887 W ViolationHandler: 	at java.io.InputStreamReader.read(InputStreamReader.java:177)
06-22 13:43:21.163 13816 13887 W ViolationHandler: 	at java.io.BufferedReader.fill(BufferedReader.java:172)
06-22 13:43:21.163 13816 13887 W ViolationHandler: 	at java.io.BufferedReader.readLine(BufferedReader.java:337)
06-22 13:43:21.163 13816 13887 W ViolationHandler: 	at java.io.BufferedReader.readLine(BufferedReader.java:403)
06-22 13:43:21.163 13816 13887 W ViolationHandler: 	at com.itsaky.androidide.utils.ServiceLoader.parseLine(ServiceLoader.java:250)
06-22 13:43:21.163 13816 13887 W ViolationHandler: 	at com.itsaky.androidide.utils.ServiceLoader.parse(ServiceLoader.java:308)
06-22 13:43:21.163 13816 13887 W ViolationHandler: 	at com.itsaky.androidide.utils.ServiceLoader.-$$Nest$mparse(Unknown Source:0)
06-22 13:43:21.163 13816 13887 W ViolationHandler: 	at com.itsaky.androidide.utils.ServiceLoader$LazyIterator.hasNextService(ServiceLoader.java:362)
06-22 13:43:21.163 13816 13887 W ViolationHandler: 	at com.itsaky.androidide.utils.ServiceLoader$LazyIterator.hasNext(ServiceLoader.java:402)
06-22 13:43:21.163 13816 13887 W ViolationHandler: 	at com.itsaky.androidide.utils.ServiceLoader$1.hasNext(ServiceLoader.java:478)
06-22 13:43:21.163 13816 13887 W ViolationHandler: 	at com.itsaky.androidide.utils.ServiceLoader.findFirst(ServiceLoader.java:606)
06-22 13:43:21.163 13816 13887 W ViolationHandler: 	at com.itsaky.androidide.utils.ServiceLoader.findFirstOrThrow(ServiceLoader.java:622)
06-22 13:43:21.163 13816 13887 W ViolationHandler: 	at com.itsaky.androidide.projects.IProjectManager$Companion.getInstance(IProjectManager.kt:47)
06-22 13:43:21.163 13816 13887 W ViolationHandler: 	at com.itsaky.androidide.projects.ProjectManagerImpl$Companion.getInstance(ProjectManagerImpl.kt:112)
06-22 13:43:21.163 13816 13887 W ViolationHandler: 	at com.itsaky.androidide.activities.MainActivity.openProject$app_v8Debug(MainActivity.kt:404)
06-22 13:43:21.163 13816 13887 W ViolationHandler: 	at com.itsaky.androidide.activities.MainActivity.openProject$app_v8Debug$default(MainActivity.kt:403)
06-22 13:43:21.163 13816 13887 W ViolationHandler: 	at com.itsaky.androidide.activities.MainActivity.handleOpenProject(MainActivity.kt:390)
06-22 13:43:21.163 13816 13887 W ViolationHandler: 	at com.itsaky.androidide.activities.MainActivity.access$handleOpenProject(MainActivity.kt:83)
06-22 13:43:21.163 13816 13887 W ViolationHandler: 	at com.itsaky.androidide.activities.MainActivity$tryOpenLastProject$1$1.invokeSuspend(MainActivity.kt:371)
06-22 13:43:21.163 13816 13887 W ViolationHandler: 	at kotlin.coroutines.jvm.internal.BaseContinuationImpl.resumeWith(ContinuationImpl.kt:34)
06-22 13:43:21.163 13816 13887 W ViolationHandler: 	at kotlinx.coroutines.DispatchedTask.run(DispatchedTask.kt:100)
06-22 13:43:21.163 13816 13887 W ViolationHandler: 	at android.os.Handler.handleCallback(Handler.java:958)
06-22 13:43:21.163 13816 13887 W ViolationHandler: 	at android.os.Handler.dispatchMessage(Handler.java:99)
06-22 13:43:21.163 13816 13887 W ViolationHandler: 	at android.os.Looper.loopOnce(Looper.java:243)
06-22 13:43:21.163 13816 13887 W ViolationHandler: 	at android.os.Looper.loop(Looper.java:338)
06-22 13:43:21.163 13816 13887 W ViolationHandler: 	at com.itsaky.androidide.app.CredentialProtectedApplicationLoader.installPluginCrashLooperGuard$lambda$0(CredentialProtectedApplicationLoader.kt:223)
06-22 13:43:21.163 13816 13887 W ViolationHandler: 	at com.itsaky.androidide.app.CredentialProtectedApplicationLoader.$r8$lambda$o4KQZd6K2NtRhir9kivKIce16xM(Unknown Source:0)
06-22 13:43:21.163 13816 13887 W ViolationHandler: 	at com.itsaky.androidide.app.CredentialProtectedApplicationLoader$$ExternalSyntheticLambda1.run(D8$$SyntheticClass:0)
06-22 13:43:21.163 13816 13887 W ViolationHandler: 	at android.os.Handler.handleCallback(Handler.java:958)
06-22 13:43:21.163 13816 13887 W ViolationHandler: 	at android.os.Handler.dispatchMessage(Handler.java:99)
06-22 13:43:21.163 13816 13887 W ViolationHandler: 	at android.os.Looper.loopOnce(Looper.java:243)
06-22 13:43:21.163 13816 13887 W ViolationHandler: 	at android.os.Looper.loop(Looper.java:338)
06-22 13:43:21.163 13816 13887 W ViolationHandler: 	at android.app.ActivityThread.main(ActivityThread.java:8524)
06-22 13:43:21.163 13816 13887 W ViolationHandler: 	at java.lang.reflect.Method.invoke(Native Method)
06-22 13:43:21.163 13816 13887 W ViolationHandler: 	at com.android.internal.os.RuntimeInit$MethodAndArgsCaller.run(RuntimeInit.java:602)
06-22 13:43:21.163 13816 13887 W ViolationHandler: 	at com.android.internal.os.ZygoteInit.main(ZygoteInit.java:1064)
06-22 13:43:21.165 13816 13887 W ViolationHandler: [pool-8-thread-1] StrictMode violation detected
06-22 13:43:21.165 13816 13887 W ViolationHandler: android.os.strictmode.DiskReadViolation: null
06-22 13:43:21.165 13816 13887 W ViolationHandler: 	at android.os.StrictMode$AndroidBlockGuardPolicy.onReadFromDisk(StrictMode.java:1666)
06-22 13:43:21.165 13816 13887 W ViolationHandler: 	at java.io.UnixFileSystem.getBooleanAttributes(UnixFileSystem.java:306)
06-22 13:43:21.165 13816 13887 W ViolationHandler: 	at java.io.File.isFile(File.java:892)
06-22 13:43:21.165 13816 13887 W ViolationHandler: 	at com.mediatek.scnmodule.ScnModule.isGameApp(ScnModule.java:90)
06-22 13:43:21.165 13816 13887 W ViolationHandler: 	at com.mediatek.scnmodule.ScnModule.notifyAppisGame(ScnModule.java:107)
06-22 13:43:21.165 13816 13887 W ViolationHandler: 	at com.mediatek.powerhalwrapper.PowerHalWrapper.amsBoostNotify(PowerHalWrapper.java:492)
06-22 13:43:21.165 13816 13887 W ViolationHandler: 	at com.mediatek.server.powerhal.PowerHalManagerImpl.amsBoostNotify(PowerHalManagerImpl.java:141)
06-22 13:43:21.165 13816 13887 W ViolationHandler: 	at com.mediatek.server.am.AmsExtImpl.amsBoostNotify(AmsExtImpl.java:430)
06-22 13:43:21.165 13816 13887 W ViolationHandler: 	at com.mediatek.server.am.AmsExtImpl.onActivityStateChanged(AmsExtImpl.java:413)
06-22 13:43:21.165 13816 13887 W ViolationHandler: 	at com.android.server.wm.TaskFragment.schedulePauseActivity(TaskFragment.java:1883)
06-22 13:43:21.165 13816 13887 W ViolationHandler: 	at com.android.server.wm.TaskFragment.startPausing(TaskFragment.java:1820)
06-22 13:43:21.165 13816 13887 W ViolationHandler: 	at com.android.server.wm.TaskFragment.resumeTopActivity(TaskFragment.java:1344)
06-22 13:43:21.165 13816 13887 W ViolationHandler: 	at com.android.server.wm.Task.resumeTopActivityInnerLocked(Task.java:5312)
06-22 13:43:21.165 13816 13887 W ViolationHandler: 	at com.android.server.wm.Task.resumeTopActivityUncheckedLocked(Task.java:5233)
06-22 13:43:21.165 13816 13887 W ViolationHandler: 	at com.android.server.wm.RootWindowContainer.resumeFocusedTasksTopActivities(RootWindowContainer.java:2569)
06-22 13:43:21.165 13816 13887 W ViolationHandler: 	at com.android.server.wm.ActivityStarter.startActivityInner(ActivityStarter.java:2198)
06-22 13:43:21.165 13816 13887 W ViolationHandler: 	at com.android.server.wm.ActivityStarter.startActivityUnchecked(ActivityStarter.java:1728)
06-22 13:43:21.165 13816 13887 W ViolationHandler: 	at com.android.server.wm.ActivityStarter.executeRequest(ActivityStarter.java:1543)
06-22 13:43:21.165 13816 13887 W ViolationHandler: 	at com.android.server.wm.ActivityStarter.execute(ActivityStarter.java:859)
06-22 13:43:21.165 13816 13887 W ViolationHandler: 	at com.android.server.wm.ActivityTaskManagerService.startActivityAsUser(ActivityTaskManagerService.java:1442)
06-22 13:43:21.165 13816 13887 W ViolationHandler: 	at com.android.server.wm.ActivityTaskManagerService.startActivityAsUser(ActivityTaskManagerService.java:1370)
06-22 13:43:21.165 13816 13887 W ViolationHandler: 	at com.android.server.wm.ActivityTaskManagerService.startActivity(ActivityTaskManagerService.java:1345)
06-22 13:43:21.165 13816 13887 W ViolationHandler: 	at android.app.IActivityTaskManager$Stub.onTransact(IActivityTaskManager.java:1755)
06-22 13:43:21.165 13816 13887 W ViolationHandler: 	at com.android.server.wm.ActivityTaskManagerService.onTransact(ActivityTaskManagerService.java:6145)
06-22 13:43:21.165 13816 13887 W ViolationHandler: 	at android.os.Binder.execTransactInternal(Binder.java:1339)
06-22 13:43:21.165 13816 13887 W ViolationHandler: 	at android.os.Binder.execTransact(Binder.java:1275)
06-22 13:43:21.167  1669  4050 I WindowManager: DisplayContent w: Window{6080ef7 u0 com.itsaky.androidide/com.itsaky.androidide.activities.MainActivity} Apply preferredModeId = 2
06-22 13:43:21.167 13816 13887 W ViolationHandler: [pool-8-thread-1] StrictMode violation detected
06-22 13:43:21.167 13816 13887 W ViolationHandler: android.os.strictmode.DiskReadViolation: null
06-22 13:43:21.167 13816 13887 W ViolationHandler: 	at android.os.StrictMode$AndroidBlockGuardPolicy.onReadFromDisk(StrictMode.java:1666)
06-22 13:43:21.167 13816 13887 W ViolationHandler: 	at libcore.io.BlockGuardOs.open(BlockGuardOs.java:269)
06-22 13:43:21.167 13816 13887 W ViolationHandler: 	at libcore.io.IoBridge.open(IoBridge.java:560)
06-22 13:43:21.167 13816 13887 W ViolationHandler: 	at java.io.FileOutputStream.<init>(FileOutputStream.java:259)
06-22 13:43:21.167 13816 13887 W ViolationHandler: 	at java.io.FileOutputStream.<init>(FileOutputStream.java:147)
06-22 13:43:21.167 13816 13887 W ViolationHandler: 	at memfusion.d.a(SourceFile:102)
06-22 13:43:21.167 13816 13887 W ViolationHandler: 	at com.transsion.performance.memfusion.TranMemfusionComponentImpl.writeMemfusion22(SourceFile:2)
06-22 13:43:21.167 13816 13887 W ViolationHandler: 	at com.transsion.hubcore.memfusion.TranMemfusionFeatureImpl.writeMemfusion22(TranMemfusionFeatureImpl.java:46)
06-22 13:43:21.167 13816 13887 W ViolationHandler: 	at com.android.server.wm.ActivityMetricsLogger.startLaunchTrace(ActivityMetricsLogger.java:1778)
06-22 13:43:21.167 13816 13887 W ViolationHandler: 	at com.android.server.wm.ActivityMetricsLogger.notifyActivityLaunched(ActivityMetricsLogger.java:821)
06-22 13:43:21.167 13816 13887 W ViolationHandler: 	at com.android.server.wm.ActivityStarter.execute(ActivityStarter.java:898)
06-22 13:43:21.167 13816 13887 W ViolationHandler: 	at com.android.server.wm.ActivityTaskManagerService.startActivityAsUser(ActivityTaskManagerService.java:1442)
06-22 13:43:21.167 13816 13887 W ViolationHandler: 	at com.android.server.wm.ActivityTaskManagerService.startActivityAsUser(ActivityTaskManagerService.java:1370)
06-22 13:43:21.167 13816 13887 W ViolationHandler: 	at com.android.server.wm.ActivityTaskManagerService.startActivity(ActivityTaskManagerService.java:1345)
06-22 13:43:21.167 13816 13887 W ViolationHandler: 	at android.app.IActivityTaskManager$Stub.onTransact(IActivityTaskManager.java:1755)
06-22 13:43:21.167 13816 13887 W ViolationHandler: 	at com.android.server.wm.ActivityTaskManagerService.onTransact(ActivityTaskManagerService.java:6145)
06-22 13:43:21.167 13816 13887 W ViolationHandler: 	at android.os.Binder.execTransactInternal(Binder.java:1339)
06-22 13:43:21.167 13816 13887 W ViolationHandler: 	at android.os.Binder.execTransact(Binder.java:1275)
06-22 13:43:21.168 13816 13887 W ViolationHandler: [pool-8-thread-1] StrictMode violation detected
06-22 13:43:21.168 13816 13887 W ViolationHandler: android.os.strictmode.DiskWriteViolation: null
06-22 13:43:21.168 13816 13887 W ViolationHandler: 	at android.os.StrictMode$AndroidBlockGuardPolicy.onWriteToDisk(StrictMode.java:1622)
06-22 13:43:21.168 13816 13887 W ViolationHandler: 	at libcore.io.BlockGuardOs.open(BlockGuardOs.java:272)
06-22 13:43:21.168 13816 13887 W ViolationHandler: 	at libcore.io.IoBridge.open(IoBridge.java:560)
06-22 13:43:21.168 13816 13887 W ViolationHandler: 	at java.io.FileOutputStream.<init>(FileOutputStream.java:259)
06-22 13:43:21.168 13816 13887 W ViolationHandler: 	at java.io.FileOutputStream.<init>(FileOutputStream.java:147)
06-22 13:43:21.168 13816 13887 W ViolationHandler: 	at memfusion.d.a(SourceFile:102)
06-22 13:43:21.168 13816 13887 W ViolationHandler: 	at com.transsion.performance.memfusion.TranMemfusionComponentImpl.writeMemfusion22(SourceFile:2)
06-22 13:43:21.168 13816 13887 W ViolationHandler: 	at com.transsion.hubcore.memfusion.TranMemfusionFeatureImpl.writeMemfusion22(TranMemfusionFeatureImpl.java:46)
06-22 13:43:21.168 13816 13887 W ViolationHandler: 	at com.android.server.wm.ActivityMetricsLogger.startLaunchTrace(ActivityMetricsLogger.java:1778)
06-22 13:43:21.168 13816 13887 W ViolationHandler: 	at com.android.server.wm.ActivityMetricsLogger.notifyActivityLaunched(ActivityMetricsLogger.java:821)
06-22 13:43:21.168 13816 13887 W ViolationHandler: 	at com.android.server.wm.ActivityStarter.execute(ActivityStarter.java:898)
06-22 13:43:21.168 13816 13887 W ViolationHandler: 	at com.android.server.wm.ActivityTaskManagerService.startActivityAsUser(ActivityTaskManagerService.java:1442)
06-22 13:43:21.168 13816 13887 W ViolationHandler: 	at com.android.server.wm.ActivityTaskManagerService.startActivityAsUser(ActivityTaskManagerService.java:1370)
06-22 13:43:21.168 13816 13887 W ViolationHandler: 	at com.android.server.wm.ActivityTaskManagerService.startActivity(ActivityTaskManagerService.java:1345)
06-22 13:43:21.168 13816 13887 W ViolationHandler: 	at android.app.IActivityTaskManager$Stub.onTransact(IActivityTaskManager.java:1755)
06-22 13:43:21.168 13816 13887 W ViolationHandler: 	at com.android.server.wm.ActivityTaskManagerService.onTransact(ActivityTaskManagerService.java:6145)
06-22 13:43:21.168 13816 13887 W ViolationHandler: 	at android.os.Binder.execTransactInternal(Binder.java:1339)
06-22 13:43:21.168 13816 13887 W ViolationHandler: 	at android.os.Binder.execTransact(Binder.java:1275)
06-22 13:43:21.170  1669  1735 D SurfaceComposerClient: Transaction::apply InputWindowCommands.focusRequests timestamp=1153756371281306, windowName=<null>
06-22 13:43:21.173  3629  4122 I SimpleEventAdapt: onActivityEvent get com.itsaky.androidide, com.itsaky.androidide.activities.editor.EditorActivityKt,true
06-22 13:43:21.173  3629  4122 I SimpleEventAdapt: notifyEvent2  activity_event
06-22 13:43:21.173  3629  4122 I SimpleEventAdapt: notifyEvent  1
06-22 13:43:21.174  3629 13800 I CacheManager:  save new data to cache activity_event
06-22 13:43:21.174  3629 13800 I bsc     : notifyDataChange in activity_event, 1
06-22 13:43:21.174  3629 13800 I DataServiceImplV2: StandardDataService notifyDataChange  in 
06-22 13:43:21.174  3629 13801 I DataServiceImplV2: StandardDataService notifyDataChange  curServiceName StandardDataService type:activity_event
06-22 13:43:21.174  3629 13801 I Kolun_AI: SystemEventSubscribe: onPublishData {"type":"activity_event","time":1782153801173,"data":"{\"className\":\"com.itsaky.androidide.activities.editor.EditorActivityKt\",\"isResumed\":true,\"packageName\":\"com.itsaky.androidide\"}","provider":"dc","dc_version":2030370000,"data_version":1,"user_id":0}
06-22 13:43:21.175  3629 13801 I Kolun_AI: SystemEventSubscribe: publisher.getMatcher() activity_event
06-22 13:43:21.175  3629 13801 I ApiInvoke1.7.1: SubscribeManager: publishData success host DataCenter#StandardDataService matcher activity_event
06-22 13:43:21.175  3629 13801 W ApiInvoke1.7.1: SubscribeBusServerImpl: onSafePublishData start ==>> publisher Publisher{channel='DataCenter', apiName='StandardDataService', label='activity_event'}
06-22 13:43:21.175  3629 13801 W ApiInvoke1.7.1: SubscribeBusServerImpl: onSafePublishData, post publish data form DataCenter to {"pid": "3629","process": "com.transsion.kolun.aiservice","packageName": "com.transsion.kolun.aiservice","channels": ["APPService","AiEngine","DataCenter","GlobalGuideChannel"],"version": "1.7.1"} pid 3629 isPublishLocal true isInvalidPublisher false
06-22 13:43:21.175  2428  2526 I tmw_    : notifyInputMethodShow: false mFocusOnMultiDisplay: false
06-22 13:43:21.175  3629 13801 W ApiInvoke1.7.1: ApiRequest: do publishData to remote activity_event
06-22 13:43:21.182 13816 13887 W ViolationHandler: [pool-8-thread-1] StrictMode violation detected
06-22 13:43:21.182 13816 13887 W ViolationHandler: android.os.strictmode.DiskReadViolation: null
06-22 13:43:21.182 13816 13887 W ViolationHandler: 	at android.os.StrictMode$AndroidBlockGuardPolicy.onReadFromDisk(StrictMode.java:1666)
06-22 13:43:21.182 13816 13887 W ViolationHandler: 	at java.io.UnixFileSystem.getBooleanAttributes(UnixFileSystem.java:306)
06-22 13:43:21.182 13816 13887 W ViolationHandler: 	at java.io.File.isFile(File.java:892)
06-22 13:43:21.182 13816 13887 W ViolationHandler: 	at com.mediatek.scnmodule.ScnModule.isGameApp(ScnModule.java:90)
06-22 13:43:21.182 13816 13887 W ViolationHandler: 	at com.mediatek.scnmodule.ScnModule.notifyAppisGame(ScnModule.java:107)
06-22 13:43:21.182 13816 13887 W ViolationHandler: 	at com.mediatek.powerhalwrapper.PowerHalWrapper.amsBoostNotify(PowerHalWrapper.java:492)
06-22 13:43:21.182 13816 13887 W ViolationHandler: 	at com.mediatek.server.powerhal.PowerHalManagerImpl.amsBoostNotify(PowerHalManagerImpl.java:141)
06-22 13:43:21.182 13816 13887 W ViolationHandler: 	at com.mediatek.server.am.AmsExtImpl.amsBoostNotify(AmsExtImpl.java:430)
06-22 13:43:21.182 13816 13887 W ViolationHandler: 	at com.mediatek.server.am.AmsExtImpl.onActivityStateChanged(AmsExtImpl.java:404)
06-22 13:43:21.182 13816 13887 W ViolationHandler: 	at com.android.server.wm.ActivityRecord.scheduleTopResumedActivityChanged(ActivityRecord.java:1671)
06-22 13:43:21.182 13816 13887 W ViolationHandler: 	at com.android.server.wm.ActivityTaskSupervisor.scheduleTopResumedActivityStateIfNeeded(ActivityTaskSupervisor.java:2646)
06-22 13:43:21.182 13816 13887 W ViolationHandler: 	at com.android.server.wm.ActivityTaskSupervisor.updateTopResumedActivityIfNeeded(ActivityTaskSupervisor.java:2638)
06-22 13:43:21.182 13816 13887 W ViolationHandler: 	at com.android.server.wm.TaskFragment.setResumedActivity(TaskFragment.java:547)
06-22 13:43:21.182 13816 13887 W ViolationHandler: 	at com.android.server.wm.TaskFragment.onActivityStateChanged(TaskFragment.java:855)
06-22 13:43:21.182 13816 13887 W ViolationHandler: 	at com.android.server.wm.ActivityRecord.setState(ActivityRecord.java:6364)
06-22 13:43:21.182 13816 13887 W ViolationHandler: 	at com.android.server.wm.Task.minimalResumeActivityLocked(Task.java:5034)
06-22 13:43:21.182 13816 13887 W ViolationHandler: 	at com.android.server.wm.ActivityTaskSupervisor.realStartActivityLocked(ActivityTaskSupervisor.java:1082)
06-22 13:43:21.182 13816 13887 W ViolationHandler: 	at com.android.server.wm.ActivityTaskSupervisor.startSpecificActivity(ActivityTaskSupervisor.java:1191)
06-22 13:43:21.182 13816 13887 W ViolationHandler: 	at com.android.server.wm.TaskFragment.resumeTopActivity(TaskFragment.java:1692)
06-22 13:43:21.182 13816 13887 W ViolationHandler: 	at com.android.server.wm.Task.resumeTopActivityInnerLocked(Task.java:5312)
06-22 13:43:21.182 13816 13887 W ViolationHandler: 	at com.android.server.wm.Task.resumeTopActivityUncheckedLocked(Task.java:5233)
06-22 13:43:21.182 13816 13887 W ViolationHandler: 	at com.android.server.wm.RootWindowContainer.resumeFocusedTasksTopActivities(RootWindowContainer.java:2569)
06-22 13:43:21.182 13816 13887 W ViolationHandler: 	at com.android.server.wm.RootWindowContainer.resumeFocusedTasksTopActivities(RootWindowContainer.java:2550)
06-22 13:43:21.182 13816 13887 W ViolationHandler: 	at com.android.server.wm.TaskFragment.completePause(TaskFragment.java:1956)
06-22 13:43:21.182 13816 13887 W ViolationHandler: 	at com.android.server.wm.ActivityRecord.activityPaused(ActivityRecord.java:7065)
06-22 13:43:21.182 13816 13887 W ViolationHandler: 	at com.android.server.wm.ActivityClientController.activityPaused(ActivityClientController.java:311)
06-22 13:43:21.182 13816 13887 W ViolationHandler: 	at android.app.IActivityClientController$Stub.onTransact(IActivityClientController.java:682)
06-22 13:43:21.182 13816 13887 W ViolationHandler: 	at com.android.server.wm.ActivityClientController.onTransact(ActivityClientController.java:198)
06-22 13:43:21.182 13816 13887 W ViolationHandler: 	at android.os.Binder.execTransactInternal(Binder.java:1339)
06-22 13:43:21.182 13816 13887 W ViolationHandler: 	at android.os.Binder.execTransact(Binder.java:1275)
06-22 13:43:21.183   906   987 E surfaceflinger: == MALI DEBUG ===eglp_winsys_populate_image_templates ==12288
06-22 13:43:21.183 13816 14043 D libMEOW : meow new tls: 0x7c9abce1c0
06-22 13:43:21.183 13816 14043 D libMEOW : applied 1 plugins for [com.itsaky.androidide]:
06-22 13:43:21.183 13816 14043 D libMEOW :   plugin 1: [libMEOW_gift.so]: 0xb400007b8aa15010
06-22 13:43:21.183 13816 14043 D libMEOW : rebuild call chain: 0x7c9ab5e150
06-22 13:43:21.183 13816 14043 D libMEOW : meow delete tls: 0x7c9abce1c0
06-22 13:43:21.187   906   906 D SurfaceFlinger: Focus addInputWindowCommands timestamp=1153756371281306, windowName=<null>
06-22 13:43:21.188   906   906 D SurfaceFlinger: Find Focus windowName=<null>, notVisible=1
06-22 13:43:21.188   906   906 D Layer   : Focus: Task=2#49 isHiddenByPolicy s.flags&layer_state_t::eLayerHidden=1
06-22 13:43:21.188   906   906 D Layer   : Focus: isHiddenByPolicy parent Task=2#49 is hidden cause not visible
06-22 13:43:21.188   906   906 D SurfaceFlinger: Focus inVisible Reason:isVisibleForInput(){hasInputInfo()?canReceiveInput():isVisible()}=0 has=1 can{!isHiddenByPolicy()&&(mBuffer==nullptr||getAlpha()>0.0f)}=0 Hidden=1 Buf=1 getA=1
06-22 13:43:21.188   906   906 D SurfaceFlinger: Find Focus windowName=<null>, notVisible=1
06-22 13:43:21.188   906   906 D Layer   : Focus: Task=2#49 isHiddenByPolicy s.flags&layer_state_t::eLayerHidden=1
06-22 13:43:21.188   906   906 D Layer   : Focus: isHiddenByPolicy parent Task=2#49 is hidden cause not visible
06-22 13:43:21.188   906   906 D SurfaceFlinger: Focus inVisible Reason:isVisibleForInput(){hasInputInfo()?canReceiveInput():isVisible()}=0 has=1 can{!isHiddenByPolicy()&&(mBuffer==nullptr||getAlpha()>0.0f)}=0 Hidden=1 Buf=1 getA=1
06-22 13:43:21.188   906   906 D SurfaceFlinger: Find Focus windowName=<null>, notVisible=1
06-22 13:43:21.188   906   906 D Layer   : Focus: com.android.systemui.wallpapers.ImageWallpaper#60 isHiddenByPolicy s.flags&layer_state_t::eLayerHidden=1
06-22 13:43:21.188   906   906 D Layer   : Focus: isHiddenByPolicy parent com.android.systemui.wallpapers.ImageWallpaper#60 is hidden cause not visible
06-22 13:43:21.188   906   906 D SurfaceFlinger: Focus inVisible Reason:isVisibleForInput(){hasInputInfo()?canReceiveInput():isVisible()}=0 has=1 can{!isHiddenByPolicy()&&(mBuffer==nullptr||getAlpha()>0.0f)}=0 Hidden=1 Buf=0 getA=1
06-22 13:43:21.189   906  1293 D SurfaceFlinger: updateWinowInfo=1, setFocusedWindow timestamp=1153756371281306, windowName=<null>
06-22 13:43:21.194   877   958 I libPerfCtl: xgfGetFPS pid:2065 fps:53
06-22 13:43:21.194   877   958 I AppThermalMode: [perfNotifyThermalState] hdl:0
06-22 13:43:21.194   877   958 I AppThermalMode: [findAppThermalIdx] Fail: appThermalModeEnable: 0,currentFPS: -1,fg->pid:13816
06-22 13:43:21.194   877   958 I AppThermalMode: [perfNotifyThermalState] appThermalIdx -1:
06-22 13:43:21.194   877   958 I libPerfCtl: xgfGetFPS pid:2360 fps:-1
06-22 13:43:21.194   877   958 I AppThermalMode: [perfNotifyThermalState] hdl:0
06-22 13:43:21.194   877   958 I AppThermalMode: [findAppThermalIdx] Fail: appThermalModeEnable: 0,currentFPS: -1,fg->pid:13816
06-22 13:43:21.194   877   958 I AppThermalMode: [perfNotifyThermalState] appThermalIdx -1:
06-22 13:43:21.194   877   958 I libPerfCtl: xgfGetFPS pid:13816 fps:25
06-22 13:43:21.194   877   958 I AppThermalMode: [perfNotifyThermalState] hdl:0
06-22 13:43:21.194   877   958 I AppThermalMode: [findAppThermalIdx] Fail: appThermalModeEnable: 0,currentFPS: -1,fg->pid:13816
06-22 13:43:21.194   877   958 I AppThermalMode: [perfNotifyThermalState] appThermalIdx -1:
06-22 13:43:21.194   877   958 I libPowerHal: [updateFPS] pid(13816) : -1 => 60
06-22 13:43:21.195   877   974 I libPowerHal: [perfNotifyAppState] pack:com.itsaky.androidide, act:com.itsaky.androidide.activities.editor.EditorActivityKt, state:5, pid:13816, uid:10455, fps:60
06-22 13:43:21.195   877   974 I UxUtility: notifyForegroundApp pack:com.itsaky.androidide, uid:10455
06-22 13:43:21.196   877   974 I TouchUtility: notifyAppState error = NULL
06-22 13:43:21.196   877   958 I libPerfCtl: xgfGetFPS pid:23471 fps:-1
06-22 13:43:21.196   877   958 I AppThermalMode: [perfNotifyThermalState] hdl:0
06-22 13:43:21.196   877   958 I AppThermalMode: [findAppThermalIdx] Fail: appThermalModeEnable: 0,currentFPS: 60,fg->pid:13816
06-22 13:43:21.196   877   958 I AppThermalMode: [perfNotifyThermalState] appThermalIdx -1:
06-22 13:43:21.227 13816 13816 D ActivityThread: ++ activityComponent:com.itsaky.androidide/com.itsaky.androidide.activities.editor.EditorActivityKt counts:1 ALEAK_CLEAR_SUPPORT:true
06-22 13:43:21.233 13816 13816 D EditorHandlerActivity: PluginFragmentFactory installed
06-22 13:43:21.236 13816 13816 I WhiteNavigationLice: Modify naviBarColor to 0xFFF0F0F0, and windowBackgroundColor is -67585   /windowIsTranslucent:false
06-22 13:43:21.265  2347  2960 D ApkController: onTaskStackChanged 
06-22 13:43:21.268  1669  4050 D os.permission.PermissionInfo: checkPermission 10199:android.permission.MANAGE_ACTIVITY_TASKS:true
06-22 13:43:21.268  1669  4050 I os.permission: Grant permission: android.permission.MANAGE_ACTIVITY_TASKS to uid: 10199
06-22 13:43:21.269  1669  4050 D os.permission.PermissionInfo: checkPermission 10199:android.permission.MANAGE_ACTIVITY_TASKS:true
06-22 13:43:21.269  1669  4050 I os.permission: Grant permission: android.permission.MANAGE_ACTIVITY_TASKS to uid: 10199
06-22 13:43:21.272  2065  2139 V WindowManagerShell: Transition animation finished (aborted=false), notifying core (#373)android.os.BinderProxy@5ce32f5@0
06-22 13:43:21.273  2065  2139 D ShellTransitions: Applied finish transaction
06-22 13:43:21.274  1669  4050 I mtkpower_client: perf_lock_rel, hdl:105474, tid:4050
06-22 13:43:21.275  1669  1731 V WindowManager: Finish Transition #373: created at 06-22 13:43:19.217 collect-started=0.037ms request-sent=11.904ms started=33.867ms ready=84.732ms sent=1725.015ms finished=2057.169ms
06-22 13:43:21.276  1669  4050 I WindowManager:   isAnimating=false  okToAnimate=true  win=Window{51c5594 u0 com.itsaky.androidide/com.itsaky.androidide.activities.OnboardingActivity}
06-22 13:43:21.278  2065  2139 V WindowManagerShell: Track 0 became idle
06-22 13:43:21.280  1669  1735 I WindowManager: DisplayContent w: Window{6080ef7 u0 com.itsaky.androidide/com.itsaky.androidide.activities.MainActivity} Apply preferredModeId = 2
06-22 13:43:21.287   906   906 I BufferQueueDebug: [Surface(name=b54fd32 Splash Screen com.itsaky.androidide)/@0x5552238 - animation-leash of window_animation#5467](this:0xb4000074560330e0,id:-1,api:0,p:-1,c:906) onDestructor()
06-22 13:43:21.287   906   906 I BufferQueueDebug: [b54fd32 Splash Screen com.itsaky.androidide#5448](this:0xb40000745603b990,id:-1,api:0,p:-1,c:906) onDestructor()
