06-22 13:43:19.270 23263 23263 D InputTransport: Create ARC handle: 0xb400007d0ab7ec00
06-22 13:43:19.271 23263 23263 D InputEventReceiver: Input log is disabled in InputEventReceiver.
06-22 13:43:19.272 23263 23263 D InputTransport: Input log is disabled in InputChannel.
06-22 13:43:19.272 13816 13816 D IDEApplication: [main] foregroundActivity = null
06-22 13:43:19.272  6280  6408 I FontLog : (REDACTED) Received query %s, URI %s
06-22 13:43:19.273  6280  6408 I FontLog : (REDACTED) Query [%s] resolved to %s
06-22 13:43:19.273 13816 13944 D JdkUtils: [ForkJoinPool.commonPool-worker-1] Starting to find Java installations.
06-22 13:43:19.273 13816 13944 D JdkUtils: [ForkJoinPool.commonPool-worker-1] optDir: /data/data/com.itsaky.androidide/files/usr/lib/jvm
06-22 13:43:19.274 13816 13944 D JdkUtils: [ForkJoinPool.commonPool-worker-1] optDir exists and is a directory.
06-22 13:43:19.274 13816 13887 W ViolationHandler: [pool-8-thread-1] StrictMode violation detected
06-22 13:43:19.274 13816 13887 W ViolationHandler: android.os.strictmode.DiskReadViolation: null
06-22 13:43:19.274 13816 13887 W ViolationHandler: 	at android.os.StrictMode$AndroidBlockGuardPolicy.onReadFromDisk(StrictMode.java:1666)
06-22 13:43:19.274 13816 13887 W ViolationHandler: 	at java.io.UnixFileSystem.getBooleanAttributes(UnixFileSystem.java:306)
06-22 13:43:19.274 13816 13887 W ViolationHandler: 	at java.io.File.isFile(File.java:892)
06-22 13:43:19.274 13816 13887 W ViolationHandler: 	at com.mediatek.scnmodule.ScnModule.isGameApp(ScnModule.java:90)
06-22 13:43:19.274 13816 13887 W ViolationHandler: 	at com.mediatek.scnmodule.ScnModule.notifyAppisGame(ScnModule.java:107)
06-22 13:43:19.274 13816 13887 W ViolationHandler: 	at com.mediatek.powerhalwrapper.PowerHalWrapper.amsBoostNotify(PowerHalWrapper.java:492)
06-22 13:43:19.274 13816 13887 W ViolationHandler: 	at com.mediatek.server.powerhal.PowerHalManagerImpl.amsBoostNotify(PowerHalManagerImpl.java:141)
06-22 13:43:19.274 13816 13887 W ViolationHandler: 	at com.mediatek.server.am.AmsExtImpl.amsBoostNotify(AmsExtImpl.java:430)
06-22 13:43:19.274 13816 13887 W ViolationHandler: 	at com.mediatek.server.am.AmsExtImpl.onActivityStateChanged(AmsExtImpl.java:413)
06-22 13:43:19.274 13816 13887 W ViolationHandler: 	at com.android.server.wm.TaskFragment.schedulePauseActivity(TaskFragment.java:1883)
06-22 13:43:19.274 13816 13887 W ViolationHandler: 	at com.android.server.wm.TaskFragment.startPausing(TaskFragment.java:1820)
06-22 13:43:19.274 13816 13887 W ViolationHandler: 	at com.android.server.wm.TaskFragment.resumeTopActivity(TaskFragment.java:1344)
06-22 13:43:19.274 13816 13887 W ViolationHandler: 	at com.android.server.wm.Task.resumeTopActivityInnerLocked(Task.java:5312)
06-22 13:43:19.274 13816 13887 W ViolationHandler: 	at com.android.server.wm.Task.resumeTopActivityUncheckedLocked(Task.java:5233)
06-22 13:43:19.274 13816 13887 W ViolationHandler: 	at com.android.server.wm.RootWindowContainer.resumeFocusedTasksTopActivities(RootWindowContainer.java:2569)
06-22 13:43:19.274 13816 13887 W ViolationHandler: 	at com.android.server.wm.ActivityStarter.startActivityInner(ActivityStarter.java:2198)
06-22 13:43:19.274 13816 13887 W ViolationHandler: 	at com.android.server.wm.ActivityStarter.startActivityUnchecked(ActivityStarter.java:1728)
06-22 13:43:19.274 13816 13887 W ViolationHandler: 	at com.android.server.wm.ActivityStarter.executeRequest(ActivityStarter.java:1543)
06-22 13:43:19.274 13816 13887 W ViolationHandler: 	at com.android.server.wm.ActivityStarter.execute(ActivityStarter.java:859)
06-22 13:43:19.274 13816 13887 W ViolationHandler: 	at com.android.server.wm.ActivityTaskManagerService.startActivityAsUser(ActivityTaskManagerService.java:1442)
06-22 13:43:19.274 13816 13887 W ViolationHandler: 	at com.android.server.wm.ActivityTaskManagerService.startActivityAsUser(ActivityTaskManagerService.java:1370)
06-22 13:43:19.274 13816 13887 W ViolationHandler: 	at com.android.server.wm.ActivityTaskManagerService.startActivity(ActivityTaskManagerService.java:1345)
06-22 13:43:19.274 13816 13887 W ViolationHandler: 	at android.app.IActivityTaskManager$Stub.onTransact(IActivityTaskManager.java:1755)
06-22 13:43:19.274 13816 13887 W ViolationHandler: 	at com.android.server.wm.ActivityTaskManagerService.onTransact(ActivityTaskManagerService.java:6145)
06-22 13:43:19.274 13816 13887 W ViolationHandler: 	at android.os.Binder.execTransactInternal(Binder.java:1339)
06-22 13:43:19.274 13816 13887 W ViolationHandler: 	at android.os.Binder.execTransact(Binder.java:1275)
06-22 13:43:19.274 13816 13944 D JdkUtils: [ForkJoinPool.commonPool-worker-1] Processing directory: /data/data/com.itsaky.androidide/files/usr/lib/jvm/java-21-openjdk
06-22 13:43:19.275  6280  6408 I FontLog : (REDACTED) Fetch %s end status %s
06-22 13:43:19.275  3629  4122 I SimpleEventAdapt: onActivityEvent get com.itsaky.androidide, com.itsaky.androidide.activities.OnboardingActivity,false
06-22 13:43:19.276  3629  4122 I SimpleEventAdapt: notifyEvent2  activity_event
06-22 13:43:19.276  3629  4122 I SimpleEventAdapt: notifyEvent  1
06-22 13:43:19.276  1669  4306 D os.fingerprint: onActivityResume next:ActivityRecord{71c4a9 u0 com.itsaky.androidide/.activities.MainActivity t83}
06-22 13:43:19.276  1669  4306 D os.fingerprint: activityComponent = ComponentInfo{com.itsaky.androidide/com.itsaky.androidide.activities.MainActivity} inMultiWindow = false
06-22 13:43:19.276  1669  4306 D AppLockLice: onActivityResume: packageName = com.itsaky.androidide,mComeLockPkgList =[],mPreLockPkgList =[]
06-22 13:43:19.276  1669  4306 D AppLockLice: onActivityResume:isAwake = true ,isKeyguardLocked = false
06-22 13:43:19.277  3629 13800 I CacheManager:  save new data to cache activity_event
06-22 13:43:19.277  3629 13800 I bsc     : notifyDataChange in activity_event, 1
06-22 13:43:19.280 13816 13887 W ViolationHandler: [pool-8-thread-1] StrictMode violation detected
06-22 13:43:19.280 13816 13887 W ViolationHandler: android.os.strictmode.DiskReadViolation: null
06-22 13:43:19.280 13816 13887 W ViolationHandler: 	at android.os.StrictMode$AndroidBlockGuardPolicy.onReadFromDisk(StrictMode.java:1666)
06-22 13:43:19.280 13816 13887 W ViolationHandler: 	at libcore.io.BlockGuardOs.open(BlockGuardOs.java:269)
06-22 13:43:19.280 13816 13887 W ViolationHandler: 	at libcore.io.IoBridge.open(IoBridge.java:560)
06-22 13:43:19.280 13816 13887 W ViolationHandler: 	at java.io.FileOutputStream.<init>(FileOutputStream.java:259)
06-22 13:43:19.280 13816 13887 W ViolationHandler: 	at java.io.FileOutputStream.<init>(FileOutputStream.java:147)
06-22 13:43:19.280 13816 13887 W ViolationHandler: 	at memfusion.d.a(SourceFile:102)
06-22 13:43:19.280 13816 13887 W ViolationHandler: 	at com.transsion.performance.memfusion.TranMemfusionComponentImpl.writeMemfusion22(SourceFile:2)
06-22 13:43:19.280 13816 13887 W ViolationHandler: 	at com.transsion.hubcore.memfusion.TranMemfusionFeatureImpl.writeMemfusion22(TranMemfusionFeatureImpl.java:46)
06-22 13:43:19.280 13816 13887 W ViolationHandler: 	at com.android.server.wm.ActivityMetricsLogger.startLaunchTrace(ActivityMetricsLogger.java:1778)
06-22 13:43:19.280 13816 13887 W ViolationHandler: 	at com.android.server.wm.ActivityMetricsLogger.notifyActivityLaunched(ActivityMetricsLogger.java:821)
06-22 13:43:19.280 13816 13887 W ViolationHandler: 	at com.android.server.wm.ActivityStarter.execute(ActivityStarter.java:898)
06-22 13:43:19.280 13816 13887 W ViolationHandler: 	at com.android.server.wm.ActivityTaskManagerService.startActivityAsUser(ActivityTaskManagerService.java:1442)
06-22 13:43:19.280 13816 13887 W ViolationHandler: 	at com.android.server.wm.ActivityTaskManagerService.startActivityAsUser(ActivityTaskManagerService.java:1370)
06-22 13:43:19.280 13816 13887 W ViolationHandler: 	at com.android.server.wm.ActivityTaskManagerService.startActivity(ActivityTaskManagerService.java:1345)
06-22 13:43:19.280 13816 13887 W ViolationHandler: 	at android.app.IActivityTaskManager$Stub.onTransact(IActivityTaskManager.java:1755)
06-22 13:43:19.280 13816 13887 W ViolationHandler: 	at com.android.server.wm.ActivityTaskManagerService.onTransact(ActivityTaskManagerService.java:6145)
06-22 13:43:19.280 13816 13887 W ViolationHandler: 	at android.os.Binder.execTransactInternal(Binder.java:1339)
06-22 13:43:19.280 13816 13887 W ViolationHandler: 	at android.os.Binder.execTransact(Binder.java:1275)
06-22 13:43:19.281  6280  8438 I FontLog : (REDACTED) Pulling font file for id = %d, cache size = %d
06-22 13:43:19.281 13816 13887 W ViolationHandler: [pool-8-thread-1] StrictMode violation detected
06-22 13:43:19.281 13816 13887 W ViolationHandler: android.os.strictmode.DiskWriteViolation: null
06-22 13:43:19.281 13816 13887 W ViolationHandler: 	at android.os.StrictMode$AndroidBlockGuardPolicy.onWriteToDisk(StrictMode.java:1622)
06-22 13:43:19.281 13816 13887 W ViolationHandler: 	at libcore.io.BlockGuardOs.open(BlockGuardOs.java:272)
06-22 13:43:19.281 13816 13887 W ViolationHandler: 	at libcore.io.IoBridge.open(IoBridge.java:560)
06-22 13:43:19.281 13816 13887 W ViolationHandler: 	at java.io.FileOutputStream.<init>(FileOutputStream.java:259)
06-22 13:43:19.281 13816 13887 W ViolationHandler: 	at java.io.FileOutputStream.<init>(FileOutputStream.java:147)
06-22 13:43:19.281 13816 13887 W ViolationHandler: 	at memfusion.d.a(SourceFile:102)
06-22 13:43:19.281 13816 13887 W ViolationHandler: 	at com.transsion.performance.memfusion.TranMemfusionComponentImpl.writeMemfusion22(SourceFile:2)
06-22 13:43:19.281 13816 13887 W ViolationHandler: 	at com.transsion.hubcore.memfusion.TranMemfusionFeatureImpl.writeMemfusion22(TranMemfusionFeatureImpl.java:46)
06-22 13:43:19.281 13816 13887 W ViolationHandler: 	at com.android.server.wm.ActivityMetricsLogger.startLaunchTrace(ActivityMetricsLogger.java:1778)
06-22 13:43:19.281 13816 13887 W ViolationHandler: 	at com.android.server.wm.ActivityMetricsLogger.notifyActivityLaunched(ActivityMetricsLogger.java:821)
06-22 13:43:19.281 13816 13887 W ViolationHandler: 	at com.android.server.wm.ActivityStarter.execute(ActivityStarter.java:898)
06-22 13:43:19.281 13816 13887 W ViolationHandler: 	at com.android.server.wm.ActivityTaskManagerService.startActivityAsUser(ActivityTaskManagerService.java:1442)
06-22 13:43:19.281 13816 13887 W ViolationHandler: 	at com.android.server.wm.ActivityTaskManagerService.startActivityAsUser(ActivityTaskManagerService.java:1370)
06-22 13:43:19.281 13816 13887 W ViolationHandler: 	at com.android.server.wm.ActivityTaskManagerService.startActivity(ActivityTaskManagerService.java:1345)
06-22 13:43:19.281 13816 13887 W ViolationHandler: 	at android.app.IActivityTaskManager$Stub.onTransact(IActivityTaskManager.java:1755)
06-22 13:43:19.281 13816 13887 W ViolationHandler: 	at com.android.server.wm.ActivityTaskManagerService.onTransact(ActivityTaskManagerService.java:6145)
06-22 13:43:19.281 13816 13887 W ViolationHandler: 	at android.os.Binder.execTransactInternal(Binder.java:1339)
06-22 13:43:19.281 13816 13887 W ViolationHandler: 	at android.os.Binder.execTransact(Binder.java:1275)
06-22 13:43:19.281  3629 13800 I DataServiceImplV2: StandardDataService notifyDataChange  in 
06-22 13:43:19.282  3629 13801 I DataServiceImplV2: StandardDataService notifyDataChange  curServiceName StandardDataService type:activity_event
06-22 13:43:19.283  1669  4306 D os.fingerprint: onRealStartActivityLocked next:ActivityRecord{71c4a9 u0 com.itsaky.androidide/.activities.MainActivity t83} isKeyguardShowing:false
06-22 13:43:19.283 13816 13944 D JdkUtils: [ForkJoinPool.commonPool-worker-1] Directory /data/data/com.itsaky.androidide/files/usr/lib/jvm/java-21-openjdk is not a symbolic link.
06-22 13:43:19.283  1669  4306 D os.fingerprint: activityComponent = ComponentInfo{com.itsaky.androidide/com.itsaky.androidide.activities.MainActivity} inMultiWindow = false
06-22 13:43:19.283  3629 13801 I Kolun_AI: SystemEventSubscribe: onPublishData {"type":"activity_event","time":1782153799276,"data":"{\"className\":\"com.itsaky.androidide.activities.OnboardingActivity\",\"isResumed\":false,\"packageName\":\"com.itsaky.androidide\"}","provider":"dc","dc_version":2030370000,"data_version":1,"user_id":0}
06-22 13:43:19.283  3629 13801 I Kolun_AI: SystemEventSubscribe: publisher.getMatcher() activity_event
06-22 13:43:19.283 13816 13944 D JdkUtils: [ForkJoinPool.commonPool-worker-1] java: /data/data/com.itsaky.androidide/files/usr/lib/jvm/java-21-openjdk/bin/java
06-22 13:43:19.284  1669  4306 V WindowManager: Looking for focus: %sWindow{b54fd32 u0 Splash Screen com.itsaky.androidide} flags= -2130509544 canReceive=false reason= fromTouch= false isVisibleRequestedOrAdding=false mViewVisibility=0 mRemoveOnExit=false flags=-2130509544 appWindowsAreFocusable=true canReceiveTouchInput=false displayIsOnTop=true displayIsTrusted=true transitShouldKeepFocus=false
06-22 13:43:19.282 13816 13816 W onPool-worker-1: type=1400 audit(0.0:48984): avc:  granted  { execute } for  name="java" dev="dm-52" ino=269975 scontext=u:r:untrusted_app_27:s0:c199,c257,c512,c768 tcontext=u:object_r:app_data_file:s0:c199,c257,c512,c768 tclass=file app=com.itsaky.androidide
06-22 13:43:19.284 13816 13944 D JdkUtils: [ForkJoinPool.commonPool-worker-1] Java binary /data/data/com.itsaky.androidide/files/usr/lib/jvm/java-21-openjdk/bin/java exists and is executable.
06-22 13:43:19.284  1669  4306 W WindowManager: Changing focus from Window{51c5594 u0 com.itsaky.androidide/com.itsaky.androidide.activities.OnboardingActivity} to null displayId=0 Callers=com.android.server.wm.RootWindowContainer.updateFocusedWindowLocked:508 com.android.server.wm.WindowManagerService.updateFocusedWindowLocked:6510 com.android.server.wm.ActivityTaskManagerService.setLastResumedActivityUncheckLocked:5401 com.android.server.wm.ActivityTaskSupervisor.updateTopResumedActivityIfNeeded:2636 
06-22 13:43:19.285  3629 13801 I ApiInvoke1.7.1: SubscribeManager: publishData success host DataCenter#StandardDataService matcher activity_event
06-22 13:43:19.282 13816 13816 W onPool-worker-1: type=1400 audit(0.0:48985): avc:  granted  { execute } for  name="java" dev="dm-52" ino=269975 scontext=u:r:untrusted_app_27:s0:c199,c257,c512,c768 tcontext=u:object_r:app_data_file:s0:c199,c257,c512,c768 tclass=file app=com.itsaky.androidide
06-22 13:43:19.282 13816 13816 W onPool-worker-1: type=1400 audit(0.0:48986): avc:  granted  { execute } for  name="bash" dev="dm-52" ino=234420 scontext=u:r:untrusted_app_27:s0:c199,c257,c512,c768 tcontext=u:object_r:app_data_file:s0:c199,c257,c512,c768 tclass=file app=com.itsaky.androidide
06-22 13:43:19.285  3629 13801 W ApiInvoke1.7.1: SubscribeBusServerImpl: onSafePublishData start ==>> publisher Publisher{channel='DataCenter', apiName='StandardDataService', label='activity_event'}
06-22 13:43:19.288   906   981 E BufferQueueDebug: [Surface(name=d6c79f9 NavigationBar0)/@0x53400d4 - animation-leash of insets_animation#5464](this:0xb400007456024d10,id:-1,api:0,p:-1,c:-1) id info cannot be read from 'Surface(name=d6c79f9 NavigationBar0)/@0x53400d4 - animation-leash of insets_animation#5464'
06-22 13:43:19.289   906   981 I BufferQueueDebug: [Surface(name=d6c79f9 NavigationBar0)/@0x53400d4 - animation-leash of insets_animation#5464](this:0xb400007456024d10,id:-1,api:0,p:-1,c:-1) BufferQueue core=(906:/system/bin/surfaceflinger)
06-22 13:43:19.286 13945 13945 W onPool-worker-1: type=1400 audit(0.0:48987): avc:  granted  { execute } for  name="bash" dev="dm-52" ino=234420 scontext=u:r:untrusted_app_27:s0:c199,c257,c512,c768 tcontext=u:object_r:app_data_file:s0:c199,c257,c512,c768 tclass=file app=com.itsaky.androidide
06-22 13:43:19.292   906   981 E BufferQueueDebug: [Surface(name=8e9c80d StatusBar)/@0xf2ae115 - animation-leash of insets_animation#5465](this:0xb400007456013bb0,id:-1,api:0,p:-1,c:-1) id info cannot be read from 'Surface(name=8e9c80d StatusBar)/@0xf2ae115 - animation-leash of insets_animation#5465'
06-22 13:43:19.292   906   981 I BufferQueueDebug: [Surface(name=8e9c80d StatusBar)/@0xf2ae115 - animation-leash of insets_animation#5465](this:0xb400007456013bb0,id:-1,api:0,p:-1,c:-1) BufferQueue core=(906:/system/bin/surfaceflinger)
06-22 13:43:19.295  6280  8438 I FontLog : (REDACTED) Pulling font file for id = %d, cache size = %d
06-22 13:43:19.296  1669  4306 D WindowManager: updateSystemBarAttributes appearance:0, win appearance:0, opaqueAppearance:0, win:Window{b54fd32 u0 Splash Screen com.itsaky.androidide}, appearanceRegions=[AppearanceRegion{ bounds=[0,0][720,1600]}]
06-22 13:43:19.296  1669  4306 I TranSCSourceConnectManagerImpl: hookDisplayResumedActivityChanged displayId: 0 packageName: com.itsaky.androidide
06-22 13:43:19.297  1669  4306 I PowerHalWrapper: amsBoostNotify pid:13816,activity:com.itsaky.androidide.activities.MainActivity, package:com.itsaky.androidide, mProcessCreatePackcom.itsaky.androidide 
06-22 13:43:19.297  1669  4306 I PowerHalWrapper: state: 1 
06-22 13:43:19.299  1669  4306 I mtkpower_client: [Legacy][PowerHal_Wrap_notifyAppState] com.itsaky.androidide/com.itsaky.androidide.activities.MainActivity pid=13816 state:1
06-22 13:43:19.300  1669  4306 I PowerHalWrapper: amsBoostNotify AMS_BOOST_PROCESS_CREATE_BOOST:true 
06-22 13:43:19.300   877   974 I libPowerHal: [perfNotifyAppState] pack:com.itsaky.androidide, act:com.itsaky.androidide.activities.MainActivity, state:1, pid:13816, uid:10455, fps:-1
06-22 13:43:19.302  1669  4306 D os.fingerprint: onActivityResume next:ActivityRecord{71c4a9 u0 com.itsaky.androidide/.activities.MainActivity t83}
06-22 13:43:19.302  1669  4306 D os.fingerprint: activityComponent = ComponentInfo{com.itsaky.androidide/com.itsaky.androidide.activities.MainActivity} inMultiWindow = false
06-22 13:43:19.302   877   920 I mtkpower@impl: [notifyAppState] act com.itsaky.androidide.activities.OnboardingActivity => com.itsaky.androidide.activities.MainActivity
06-22 13:43:19.304  3629  4122 I SimpleEventAdapt: onActivityEvent get com.itsaky.androidide, com.itsaky.androidide.activities.MainActivity,true
06-22 13:43:19.304  3629  4122 I SimpleEventAdapt: notifyEvent2  activity_event
06-22 13:43:19.304  3629  4122 I SimpleEventAdapt: notifyEvent  1
06-22 13:43:19.305  3629 13800 I CacheManager:  save new data to cache activity_event
06-22 13:43:19.305  3629 13800 I bsc     : notifyDataChange in activity_event, 1
06-22 13:43:19.305  3629 13800 I DataServiceImplV2: StandardDataService notifyDataChange  in 
06-22 13:43:19.306  3629 13801 W ApiInvoke1.7.1: SubscribeBusServerImpl: onSafePublishData, post publish data form DataCenter to {"pid": "3629","process": "com.transsion.kolun.aiservice","packageName": "com.transsion.kolun.aiservice","channels": ["APPService","AiEngine","DataCenter","GlobalGuideChannel"],"version": "1.7.1"} pid 3629 isPublishLocal true isInvalidPublisher false
06-22 13:43:19.306  3629 13801 W ApiInvoke1.7.1: ApiRequest: do publishData to remote activity_event
06-22 13:43:19.306  3629 13801 I DataServiceImplV2: StandardDataService notifyDataChange  curServiceName StandardDataService type:activity_event
06-22 13:43:19.306  3629 13801 I Kolun_AI: SystemEventSubscribe: onPublishData {"type":"activity_event","time":1782153799305,"data":"{\"className\":\"com.itsaky.androidide.activities.MainActivity\",\"isResumed\":true,\"packageName\":\"com.itsaky.androidide\"}","provider":"dc","dc_version":2030370000,"data_version":1,"user_id":0}
06-22 13:43:19.306  3629 13801 I Kolun_AI: SystemEventSubscribe: publisher.getMatcher() activity_event
06-22 13:43:19.306  3629 13801 I ApiInvoke1.7.1: SubscribeManager: publishData success host DataCenter#StandardDataService matcher activity_event
06-22 13:43:19.307  3629 13801 W ApiInvoke1.7.1: SubscribeBusServerImpl: onSafePublishData start ==>> publisher Publisher{channel='DataCenter', apiName='StandardDataService', label='activity_event'}
06-22 13:43:19.307  1669  4306 I WindowManager: DisplayContent w: Window{b54fd32 u0 Splash Screen com.itsaky.androidide} Apply preferredModeId = 2
06-22 13:43:19.307  3629 13801 W ApiInvoke1.7.1: SubscribeBusServerImpl: onSafePublishData, post publish data form DataCenter to {"pid": "3629","process": "com.transsion.kolun.aiservice","packageName": "com.transsion.kolun.aiservice","channels": ["APPService","AiEngine","DataCenter","GlobalGuideChannel"],"version": "1.7.1"} pid 3629 isPublishLocal true isInvalidPublisher false
06-22 13:43:19.307  3629 13801 W ApiInvoke1.7.1: ApiRequest: do publishData to remote activity_event
06-22 13:43:19.311 13816 13816 W Looper  : Loop again would have the queued messages be executed before this one completed.
06-22 13:43:19.314 13816 13887 W ViolationHandler: [pool-8-thread-1] StrictMode violation detected
06-22 13:43:19.314 13816 13887 W ViolationHandler: android.os.strictmode.DiskReadViolation: null
06-22 13:43:19.314 13816 13887 W ViolationHandler: 	at android.os.StrictMode$AndroidBlockGuardPolicy.onReadFromDisk(StrictMode.java:1666)
06-22 13:43:19.314 13816 13887 W ViolationHandler: 	at java.io.UnixFileSystem.getBooleanAttributes(UnixFileSystem.java:306)
06-22 13:43:19.314 13816 13887 W ViolationHandler: 	at java.io.File.isFile(File.java:892)
06-22 13:43:19.314 13816 13887 W ViolationHandler: 	at com.mediatek.scnmodule.ScnModule.isGameApp(ScnModule.java:90)
06-22 13:43:19.314 13816 13887 W ViolationHandler: 	at com.mediatek.scnmodule.ScnModule.notifyAppisGame(ScnModule.java:107)
06-22 13:43:19.314 13816 13887 W ViolationHandler: 	at com.mediatek.powerhalwrapper.PowerHalWrapper.amsBoostNotify(PowerHalWrapper.java:492)
06-22 13:43:19.314 13816 13887 W ViolationHandler: 	at com.mediatek.server.powerhal.PowerHalManagerImpl.amsBoostNotify(PowerHalManagerImpl.java:141)
06-22 13:43:19.314 13816 13887 W ViolationHandler: 	at com.mediatek.server.am.AmsExtImpl.amsBoostNotify(AmsExtImpl.java:430)
06-22 13:43:19.314 13816 13887 W ViolationHandler: 	at com.mediatek.server.am.AmsExtImpl.onActivityStateChanged(AmsExtImpl.java:404)
06-22 13:43:19.314 13816 13887 W ViolationHandler: 	at com.android.server.wm.ActivityRecord.scheduleTopResumedActivityChanged(ActivityRecord.java:1671)
06-22 13:43:19.314 13816 13887 W ViolationHandler: 	at com.android.server.wm.ActivityTaskSupervisor.scheduleTopResumedActivityStateIfNeeded(ActivityTaskSupervisor.java:2646)
06-22 13:43:19.314 13816 13887 W ViolationHandler: 	at com.android.server.wm.ActivityTaskSupervisor.updateTopResumedActivityIfNeeded(ActivityTaskSupervisor.java:2638)
06-22 13:43:19.314 13816 13887 W ViolationHandler: 	at com.android.server.wm.TaskFragment.setResumedActivity(TaskFragment.java:547)
06-22 13:43:19.314 13816 13887 W ViolationHandler: 	at com.android.server.wm.TaskFragment.onActivityStateChanged(TaskFragment.java:855)
06-22 13:43:19.314 13816 13887 W ViolationHandler: 	at com.android.server.wm.ActivityRecord.setState(ActivityRecord.java:6364)
06-22 13:43:19.314 13816 13887 W ViolationHandler: 	at com.android.server.wm.Task.minimalResumeActivityLocked(Task.java:5034)
06-22 13:43:19.314 13816 13887 W ViolationHandler: 	at com.android.server.wm.ActivityTaskSupervisor.realStartActivityLocked(ActivityTaskSupervisor.java:1082)
06-22 13:43:19.314 13816 13887 W ViolationHandler: 	at com.android.server.wm.ActivityTaskSupervisor.startSpecificActivity(ActivityTaskSupervisor.java:1191)
06-22 13:43:19.314 13816 13887 W ViolationHandler: 	at com.android.server.wm.TaskFragment.resumeTopActivity(TaskFragment.java:1692)
06-22 13:43:19.314 13816 13887 W ViolationHandler: 	at com.android.server.wm.Task.resumeTopActivityInnerLocked(Task.java:5312)
06-22 13:43:19.314 13816 13887 W ViolationHandler: 	at com.android.server.wm.Task.resumeTopActivityUncheckedLocked(Task.java:5233)
06-22 13:43:19.314 13816 13887 W ViolationHandler: 	at com.android.server.wm.RootWindowContainer.resumeFocusedTasksTopActivities(RootWindowContainer.java:2569)
06-22 13:43:19.314 13816 13887 W ViolationHandler: 	at com.android.server.wm.RootWindowContainer.resumeFocusedTasksTopActivities(RootWindowContainer.java:2550)
06-22 13:43:19.314 13816 13887 W ViolationHandler: 	at com.android.server.wm.TaskFragment.completePause(TaskFragment.java:1956)
06-22 13:43:19.314 13816 13887 W ViolationHandler: 	at com.android.server.wm.ActivityRecord.activityPaused(ActivityRecord.java:7065)
06-22 13:43:19.314 13816 13887 W ViolationHandler: 	at com.android.server.wm.ActivityClientController.activityPaused(ActivityClientController.java:311)
06-22 13:43:19.314 13816 13887 W ViolationHandler: 	at android.app.IActivityClientController$Stub.onTransact(IActivityClientController.java:682)
06-22 13:43:19.314 13816 13887 W ViolationHandler: 	at com.android.server.wm.ActivityClientController.onTransact(ActivityClientController.java:198)
06-22 13:43:19.314 13816 13887 W ViolationHandler: 	at android.os.Binder.execTransactInternal(Binder.java:1339)
06-22 13:43:19.314 13816 13887 W ViolationHandler: 	at android.os.Binder.execTransact(Binder.java:1275)
06-22 13:43:19.318  1669  1735 D SurfaceComposerClient: Transaction::apply InputWindowCommands.focusRequests timestamp=1153754518099152, windowName=<null>
06-22 13:43:19.320  1669  4098 W WindowManager: finishDrawingWindow: Window{b54fd32 u0 Splash Screen com.itsaky.androidide} mDrawState=HAS_DRAWN
06-22 13:43:19.320   906   906 D SurfaceFlinger: Focus addInputWindowCommands timestamp=1153754518099152, windowName=<null>
06-22 13:43:19.321   906   906 D SurfaceFlinger: Find Focus windowName=<null>, notVisible=1
06-22 13:43:19.321   906   906 D Layer   : Focus: Task=2#49 isHiddenByPolicy s.flags&layer_state_t::eLayerHidden=1
06-22 13:43:19.321   906   906 D Layer   : Focus: isHiddenByPolicy parent Task=2#49 is hidden cause not visible
06-22 13:43:19.321   906   906 D SurfaceFlinger: Focus inVisible Reason:isVisibleForInput(){hasInputInfo()?canReceiveInput():isVisible()}=0 has=1 can{!isHiddenByPolicy()&&(mBuffer==nullptr||getAlpha()>0.0f)}=0 Hidden=1 Buf=1 getA=1
06-22 13:43:19.321   906   906 D SurfaceFlinger: Find Focus windowName=<null>, notVisible=1
06-22 13:43:19.321   906   906 D Layer   : Focus: Task=2#49 isHiddenByPolicy s.flags&layer_state_t::eLayerHidden=1
06-22 13:43:19.321   906   906 D Layer   : Focus: isHiddenByPolicy parent Task=2#49 is hidden cause not visible
06-22 13:43:19.321   906   906 D SurfaceFlinger: Focus inVisible Reason:isVisibleForInput(){hasInputInfo()?canReceiveInput():isVisible()}=0 has=1 can{!isHiddenByPolicy()&&(mBuffer==nullptr||getAlpha()>0.0f)}=0 Hidden=1 Buf=1 getA=1
06-22 13:43:19.321   906   906 D SurfaceFlinger: Find Focus windowName=<null>, notVisible=1
06-22 13:43:19.321   906   906 D Layer   : Focus: Task=1#46 isHiddenByPolicy s.flags&layer_state_t::eLayerHidden=1
06-22 13:43:19.321   906   906 D Layer   : Focus: isHiddenByPolicy parent Task=1#46 is hidden cause not visible
06-22 13:43:19.321   906   906 D SurfaceFlinger: Focus inVisible Reason:isVisibleForInput(){hasInputInfo()?canReceiveInput():isVisible()}=0 has=1 can{!isHiddenByPolicy()&&(mBuffer==nullptr||getAlpha()>0.0f)}=0 Hidden=1 Buf=0 getA=1
06-22 13:43:19.321   906   906 D SurfaceFlinger: Find Focus windowName=<null>, notVisible=1
06-22 13:43:19.321   906   906 D Layer   : Focus: Task=1#46 isHiddenByPolicy s.flags&layer_state_t::eLayerHidden=1
06-22 13:43:19.321   906   906 D Layer   : Focus: isHiddenByPolicy parent Task=1#46 is hidden cause not visible
06-22 13:43:19.321   906   906 D SurfaceFlinger: Focus inVisible Reason:isVisibleForInput(){hasInputInfo()?canReceiveInput():isVisible()}=0 has=1 can{!isHiddenByPolicy()&&(mBuffer==nullptr||getAlpha()>0.0f)}=0 Hidden=1 Buf=0 getA=1
06-22 13:43:19.321   906   906 D SurfaceFlinger: Find Focus windowName=<null>, notVisible=1
06-22 13:43:19.322   906   906 D Layer   : Focus: com.android.systemui.wallpapers.ImageWallpaper#60 isHiddenByPolicy s.flags&layer_state_t::eLayerHidden=1
06-22 13:43:19.322   906   906 D Layer   : Focus: isHiddenByPolicy parent com.android.systemui.wallpapers.ImageWallpaper#60 is hidden cause not visible
06-22 13:43:19.322   906   906 D SurfaceFlinger: Focus inVisible Reason:isVisibleForInput(){hasInputInfo()?canReceiveInput():isVisible()}=0 has=1 can{!isHiddenByPolicy()&&(mBuffer==nullptr||getAlpha()>0.0f)}=0 Hidden=1 Buf=0 getA=1
06-22 13:43:19.322   906  1293 D SurfaceFlinger: updateWinowInfo=1, setFocusedWindow timestamp=1153754518099152, windowName=<null>
06-22 13:43:19.323  1669  1735 I WindowManager: DisplayContent w: Window{b54fd32 u0 Splash Screen com.itsaky.androidide} Apply preferredModeId = 2
06-22 13:43:19.326 23263 23263 I GoogleInputMethodService: GoogleInputMethodService.onFinishInput():2269 
06-22 13:43:19.328  1669  4098 V TranSecureKeyboardManagerImpl: getServiceLocked mInputMethodService = null this: com.transsion.hubcore.sk.TranSecureKeyboardManagerImpl@bbc4f0a
06-22 13:43:19.328 23263 23263 I Module  : DeviceLockedStatusModuleProvider$Module.updateDeviceLockedStatusInternal():127 repeatCheckTimes = 0, locked = false
06-22 13:43:19.329 23263 23263 I GoogleInputMethodService: GoogleInputMethodService.onStartInput():1454 onStartInput(EditorInfo{EditorInfo{packageName=com.itsaky.androidide, inputType=0, inputTypeString=NULL, enableLearning=false, autoCorrection=false, autoComplete=false, imeOptions=0, privateImeOptions=null, actionName=UNSPECIFIED, actionLabel=null, initialSelStart=-1, initialSelEnd=-1, initialCapsMode=0, label=null, fieldId=0, fieldName=null, extras=null, hintText=null, hintLocales=[]}}, false)
06-22 13:43:19.329 23263 23263 W AndroidIME: LatinIMEBase.updateInputViewCoverNavigation():326 Null input view, cannot update padding!
06-22 13:43:19.331   906  2450 E BufferQueueDebug: [Surface(name=2f45194 InputMethod)/@0xacc9432 - animation-leash of insets_animation#5466](this:0xb400007456063770,id:-1,api:0,p:-1,c:-1) id info cannot be read from 'Surface(name=2f45194 InputMethod)/@0xacc9432 - animation-leash of insets_animation#5466'
06-22 13:43:19.331   906  2450 I BufferQueueDebug: [Surface(name=2f45194 InputMethod)/@0xacc9432 - animation-leash of insets_animation#5466](this:0xb400007456063770,id:-1,api:0,p:-1,c:-1) BufferQueue core=(906:/system/bin/surfaceflinger)
06-22 13:43:19.332 23263 23263 I Module  : DeviceLockedStatusModuleProvider$Module.updateDeviceLockedStatusInternal():127 repeatCheckTimes = 1, locked = false
06-22 13:43:19.334  1669  2256 W PackageConfigPersister: App-specific configuration not found for packageName: com.itsaky.androidide and userId: 0
06-22 13:43:19.336  1669  1735 I WindowManager: DisplayContent w: Window{b54fd32 u0 Splash Screen com.itsaky.androidide} Apply preferredModeId = 2
06-22 13:43:19.350 13816 13938 D CredentialProtectedApplicationLoader: [DefaultDispatcher-worker-5] Parsed manifest for plugin: AI Code Helper (com.itsaky.androidide.plugins.aicodehelper)
06-22 13:43:19.353 13816 13816 D ActivityThread: ++ activityComponent:com.itsaky.androidide/com.itsaky.androidide.activities.MainActivity counts:1 ALEAK_CLEAR_SUPPORT:true
06-22 13:43:19.353   906   906 I BufferQueueDebug: [Surface(name=2f45194 InputMethod)/@0xacc9432 - animation-leash of insets_animation#5444](this:0xb400007455fe9040,id:-1,api:0,p:-1,c:906) onDestructor()
06-22 13:43:19.356   906   987 E surfaceflinger: == MALI DEBUG ===eglp_winsys_populate_image_templates ==12288
06-22 13:43:19.361 13816 13816 I WhiteNavigationLice: Modify naviBarColor to 0xFFF0F0F0, and windowBackgroundColor is -67585   /windowIsTranslucent:false
06-22 13:43:19.363 13816 13946 D libMEOW : meow new tls: 0x7c9ab6e160
06-22 13:43:19.364 13816 13946 D libMEOW : applied 1 plugins for [com.itsaky.androidide]:
06-22 13:43:19.364 13816 13946 D libMEOW :   plugin 1: [libMEOW_gift.so]: 0xb400007b8aa15010
06-22 13:43:19.365 13816 13946 D libMEOW : rebuild call chain: 0x7c9abbe1b0
06-22 13:43:19.365 13816 13946 D libMEOW : meow delete tls: 0x7c9ab6e160
06-22 13:43:19.379 13945 13945 I libc    : SetHeapTaggingLevel: tag level set to 0
06-22 13:43:19.392   906   987 E surfaceflinger: == MALI DEBUG ===eglp_winsys_populate_image_templates ==12288
06-22 13:43:19.402   906   987 E surfaceflinger: == MALI DEBUG ===eglp_winsys_populate_image_templates ==12288
06-22 13:43:19.406  2347  2960 D ApkController: onTaskStackChanged 
06-22 13:43:19.407  1669  4098 D os.permission.PermissionInfo: checkPermission 10199:android.permission.INTERACT_ACROSS_USERS:true
06-22 13:43:19.407  1669  4098 I os.permission: Grant permission: android.permission.INTERACT_ACROSS_USERS to uid: 10199
06-22 13:43:19.411  1669  4098 D os.permission.PermissionInfo: checkPermission 10199:android.permission.MANAGE_ACTIVITY_TASKS:true
06-22 13:43:19.411  1669  4098 I os.permission: Grant permission: android.permission.MANAGE_ACTIVITY_TASKS to uid: 10199
06-22 13:43:19.412  1669  2256 D os.permission.PermissionInfo: checkPermission 10199:android.permission.MANAGE_ACTIVITY_TASKS:true
06-22 13:43:19.412  1669  2256 I os.permission: Grant permission: android.permission.MANAGE_ACTIVITY_TASKS to uid: 10199
06-22 13:43:19.417  2428  2526 I tmw_    : notifyInputMethodShow: false mFocusOnMultiDisplay: false
06-22 13:43:19.417  2065  2139 W RecentTasksController: baseActivity and topActivity is null: org.telegram.messenger/org.telegram.messenger.DefaultIcon
06-22 13:43:19.417  1669  4098 D ParticularFeatureManager: enforcePermission,  do hasFeature
06-22 13:43:19.421  2360  2494 D RecentTasksList--: #getRecentTasks mTaskNum = 3
06-22 13:43:19.422 13816 13873 D CredentialProtectedApplicationLoader: [DefaultDispatcher-worker-1] Parsed manifest for plugin: AI Core (com.itsaky.androidide.plugins.aicore)
06-22 13:43:19.449  1669  4098 D ActivityTaskManager: the activityRecord will setRequestedOrientation, and the requestedOrientation SCREEN_ORIENTATION_USER, this :ActivityRecord{71c4a9 u0 com.itsaky.androidide/.activities.MainActivity t83}
06-22 13:43:19.454 13816 13816 D DefaultActionsRegistry: [main] ACTION_DEBUG:  Registering action 'ide.editor.code.actions' at location 'ide.editor.textActions'. Current count: 0.
06-22 13:43:19.455 13816 13816 D DefaultActionsRegistry: [main] ACTION_DEBUG:  Location 'ide.editor.textActions' now has 1 actions.
06-22 13:43:19.456 13816 13816 D DefaultActionsRegistry: [main] ACTION_DEBUG:  Clearing all 0 actions from location 'ide.main.screen'.
06-22 13:43:19.456 13816 13816 D DefaultActionsRegistry: [main] ACTION_DEBUG:  Location 'ide.main.screen' is now empty.
06-22 13:43:19.458 13816 13816 D DefaultActionsRegistry: [main] ACTION_DEBUG:  Registering action 'ide.main.createProject' at location 'ide.main.screen'. Current count: 0.
06-22 13:43:19.458 13816 13816 D DefaultActionsRegistry: [main] ACTION_DEBUG:  Location 'ide.main.screen' now has 1 actions.
06-22 13:43:19.461 13816 13816 D DefaultActionsRegistry: [main] ACTION_DEBUG:  Registering action 'ide.main.openProject' at location 'ide.main.screen'. Current count: 1.
06-22 13:43:19.462 13816 13816 D DefaultActionsRegistry: [main] ACTION_DEBUG:  Location 'ide.main.screen' now has 2 actions.
06-22 13:43:19.465 13816 13816 D DefaultActionsRegistry: [main] ACTION_DEBUG:  Registering action 'ide.main.cloneRepository' at location 'ide.main.screen'. Current count: 2.
06-22 13:43:19.466 13816 13816 D DefaultActionsRegistry: [main] ACTION_DEBUG:  Location 'ide.main.screen' now has 3 actions.
06-22 13:43:19.467 13816 13816 D DefaultActionsRegistry: [main] ACTION_DEBUG:  readhed the 3 target
06-22 13:43:19.470 13816 13816 D DefaultActionsRegistry: [main] ACTION_DEBUG:  Registering action 'ide.main.deleteProject' at location 'ide.main.screen'. Current count: 3.
06-22 13:43:19.471 13816 13816 D DefaultActionsRegistry: [main] ACTION_DEBUG:  Location 'ide.main.screen' now has 4 actions.
06-22 13:43:19.476 13816 13816 D DefaultActionsRegistry: [main] ACTION_DEBUG:  Registering action 'ide.main.openTerminal' at location 'ide.main.screen'. Current count: 4.
06-22 13:43:19.477 13816 13816 D DefaultActionsRegistry: [main] ACTION_DEBUG:  Location 'ide.main.screen' now has 5 actions.
06-22 13:43:19.480 13816 13816 D DefaultActionsRegistry: [main] ACTION_DEBUG:  Registering action 'ide.main.preferences' at location 'ide.main.screen'. Current count: 5.
06-22 13:43:19.481 13816 13816 D DefaultActionsRegistry: [main] ACTION_DEBUG:  Location 'ide.main.screen' now has 6 actions.
06-22 13:43:19.485 13816 13816 D DefaultActionsRegistry: [main] ACTION_DEBUG:  Registering action 'ide.main.donate' at location 'ide.main.screen'. Current count: 6.
06-22 13:43:19.486 13816 13816 D DefaultActionsRegistry: [main] ACTION_DEBUG:  Location 'ide.main.screen' now has 7 actions.
06-22 13:43:19.489 13816 13816 D DefaultActionsRegistry: [main] ACTION_DEBUG:  Registering action 'ide.main.docs' at location 'ide.main.screen'. Current count: 7.
06-22 13:43:19.490 13816 13816 D DefaultActionsRegistry: [main] ACTION_DEBUG:  Location 'ide.main.screen' now has 8 actions.
06-22 13:43:19.494 13816 13938 I MainActivity: [DefaultDispatcher-worker-5] Starting WebServer - using database file from: /data/user/0/com.itsaky.androidide/databases/documentation.db
06-22 13:43:19.548  1669  1765 I TranHeapTaskControllerImpl: set HeapTaskThread = 2075 to system-background!!!
06-22 13:43:19.554  2065  2146 D View    : [Warning] assignParent to null: this = android.widget.FrameLayout{396cbad G.E...... ......ID 0,0-720,1600}
06-22 13:43:19.555  1669  4098 I WindowManager:   isAnimating=false  okToAnimate=true  win=Window{b54fd32 u0 Splash Screen com.itsaky.androidide}
06-22 13:43:19.556   906  2450 E BufferQueueDebug: [Surface(name=b54fd32 Splash Screen com.itsaky.androidide)/@0x5552238 - animation-leash of window_animation#5467](this:0xb4000074560330e0,id:-1,api:0,p:-1,c:-1) id info cannot be read from 'Surface(name=b54fd32 Splash Screen com.itsaky.androidide)/@0x5552238 - animation-leash of window_animation#5467'
06-22 13:43:19.557   906  2450 I BufferQueueDebug: [Surface(name=b54fd32 Splash Screen com.itsaky.androidide)/@0x5552238 - animation-leash of window_animation#5467](this:0xb4000074560330e0,id:-1,api:0,p:-1,c:-1) BufferQueue core=(906:/system/bin/surfaceflinger)
06-22 13:43:19.560  1669  4098 D WindowManager: updateSystemBarAttributes appearance:16, win appearance:0, opaqueAppearance:0, win:Window{b54fd32 u0 Splash Screen com.itsaky.androidide EXITING}, appearanceRegions=[AppearanceRegion{ bounds=[0,0][720,1600]}]
06-22 13:43:19.561  1669  4098 I WindowManager: DisplayContent w: Window{b54fd32 u0 Splash Screen com.itsaky.androidide EXITING} Apply preferredModeId = 2
06-22 13:43:19.563  1669  1736 I mtkpower_client: perf_cus_lock_hint hint:101, dur:150, pid:1669
06-22 13:43:19.565  1669  4098 V WindowManager: Looking for focus: %sWindow{b54fd32 u0 Splash Screen com.itsaky.androidide EXITING} flags= -2130509544 canReceive=false reason= fromTouch= false isVisibleRequestedOrAdding=false mViewVisibility=8 mRemoveOnExit=false flags=-2130509544 appWindowsAreFocusable=true canReceiveTouchInput=false displayIsOnTop=true displayIsTrusted=true transitShouldKeepFocus=false
06-22 13:43:19.572  1669  2256 I WindowManager:   onAnimationFinished on win=Window{51c5594 u0 com.itsaky.androidide/com.itsaky.androidide.activities.OnboardingActivity}
06-22 13:43:19.573  1669  2256 W InputManager-JNI: Input channel object 'b54fd32 Splash Screen com.itsaky.androidide (client)' was disposed without first being removed with the input manager!
06-22 13:43:19.574  1669  2256 V WindowManager: Looking for focus: %sWindow{b54fd32 u0 Splash Screen com.itsaky.androidide EXITING} flags= -2130509544 canReceive=false reason= fromTouch= false isVisibleRequestedOrAdding=false mViewVisibility=8 mRemoveOnExit=true flags=-2130509544 appWindowsAreFocusable=true canReceiveTouchInput=false displayIsOnTop=true displayIsTrusted=true transitShouldKeepFocus=false
06-22 13:43:19.576   877   920 D AppFlingMode: [CheckAppFlingHint] 101 com.itsaky.androidide -1
06-22 13:43:19.577  1669  1736 I mtkpower_client: perf_cus_lock_hint, ret_hdl:105470
06-22 13:43:19.577  2065  9599 D BLASTBufferQueue: [VRI[androidide]#157](f:0,a:4) destructor()
06-22 13:43:19.577  2065  9599 D BufferQueueConsumer: [VRI[androidide]#157(BLAST Consumer)157](id:811000000a1,api:0,p:-1,c:2065) disconnect
06-22 13:43:19.579  1669  2256 I WindowManager: DisplayContent w: Window{b54fd32 u0 Splash Screen com.itsaky.androidide EXITING} Apply preferredModeId = 2
06-22 13:43:19.582  2065  2146 D InputTransport: Destroy ARC handle: 0xb400007d0ab5cac0
06-22 13:43:19.582 13816 13918 I CredentialProtectedApplicationLoader: [DefaultDispatcher-worker-4] Successfully loaded 0 plugins
06-22 13:43:19.582  2065  2146 D InputEventReceiver: Only the UI thread can do this, pls check. callstack = java.lang.Throwable
06-22 13:43:19.582  2065  2146 D InputEventReceiver: 	at android.view.InputEventReceiver.dispose(InputEventReceiver.java:115)
06-22 13:43:19.582  2065  2146 D InputEventReceiver: 	at android.view.InputEventReceiver.dispose(InputEventReceiver.java:99)
06-22 13:43:19.582  2065  2146 D InputEventReceiver: 	at android.view.ViewRootImpl$WindowInputEventReceiver.dispose(ViewRootImpl.java:10122)
06-22 13:43:19.582  2065  2146 D InputEventReceiver: 	at android.view.ViewRootImpl.dispatchDetachedFromWindow(ViewRootImpl.java:6056)
06-22 13:43:19.582  2065  2146 D InputEventReceiver: 	at android.view.ViewRootImpl.doDie(ViewRootImpl.java:9453)
06-22 13:43:19.582  2065  2146 D InputEventReceiver: 	at android.view.ViewRootImpl$ViewRootHandler.handleMessageImpl(ViewRootImpl.java:6482)
06-22 13:43:19.582  2065  2146 D InputEventReceiver: 	at android.view.ViewRootImpl$ViewRootHandler.handleMessage(ViewRootImpl.java:6377)
06-22 13:43:19.582  2065  2146 D InputEventReceiver: 	at android.os.Handler.dispatchMessage(Handler.java:106)
06-22 13:43:19.582  2065  2146 D InputEventReceiver: 	at android.os.Looper.loopOnce(Looper.java:243)
06-22 13:43:19.582  2065  2146 D InputEventReceiver: 	at android.os.Looper.loop(Looper.java:338)
06-22 13:43:19.582  2065  2146 D InputEventReceiver: 	at android.os.HandlerThread.run(HandlerThread.java:67)
06-22 13:43:19.584 13816 13918 I CredentialProtectedApplicationLoader: [DefaultDispatcher-worker-4] Plugin system initialized successfully
06-22 13:43:19.588 13816 13938 I WebServer: [DefaultDispatcher-worker-5] Starting WebServer on localhost, port 6174, debugEnabled=false, debugEnablePath='/storage/emulated/0/Download/CodeOnTheGo.webserver.debug', debugDatabasePath='/storage/emulated/0/Download/documentation.db', experimentsEnabled=false, experimentsEnablePath='/storage/emulated/0/Download/CodeOnTheGo.exp'.
06-22 13:43:19.595 13816 13938 I WebServer: [DefaultDispatcher-worker-5] WebServer started successfully on 'localhost', port 6174.
06-22 13:43:19.609 13816 13816 D IDETooltipWebViewFragment: IDETooltipWebviewFragment\\onCreateView called
06-22 13:43:19.621 13816 13816 I WebViewFactory: Loading com.google.android.webview version 149.0.7827.91 (code 782709103)
06-22 13:43:19.629 13816 13816 D ApplicationLoaders: Returning zygote-cached class loader: /system/framework/android.test.base.jar
06-22 13:43:19.631 13816 13816 W saky.androidide: Loading /data/app/~~4HiTXDnoIDMbpRVT3IkZRg==/com.google.android.webview-qRxS5xXWZrf2q1om1q6CvQ==/oat/arm64/base.odex non-executable as it requires an image which we failed to load
06-22 13:43:19.633 13816 13816 D nativeloader: Configuring clns-6 for other apk /data/app/~~4HiTXDnoIDMbpRVT3IkZRg==/com.google.android.webview-qRxS5xXWZrf2q1om1q6CvQ==/base.apk. target_sdk_version=36, uses_libraries=, library_path=/data/app/~~4HiTXDnoIDMbpRVT3IkZRg==/com.google.android.webview-qRxS5xXWZrf2q1om1q6CvQ==/lib/arm64:/data/app/~~4HiTXDnoIDMbpRVT3IkZRg==/com.google.android.webview-qRxS5xXWZrf2q1om1q6CvQ==/base.apk!/lib/arm64-v8a, permitted_path=/data:/mnt/expand
06-22 13:43:19.664 13816 13816 I cr_WVCFactoryProvider: version=149.0.7827.91 (782709103) minSdkVersion=29 multiprocess=true packageId=127 splits=<none>
06-22 13:43:19.671 13816 13816 D nativeloader: Load /data/app/~~4HiTXDnoIDMbpRVT3IkZRg==/com.google.android.webview-qRxS5xXWZrf2q1om1q6CvQ==/base.apk!/lib/arm64-v8a/libwebviewchromium.so using class loader ns clns-6 (caller=/data/app/~~4HiTXDnoIDMbpRVT3IkZRg==/com.google.android.webview-qRxS5xXWZrf2q1om1q6CvQ==/base.apk): ok
06-22 13:43:19.674 13816 13816 D nativeloader: Load /system/lib64/libwebviewchromium_plat_support.so using class loader ns clns-6 (caller=/data/app/~~4HiTXDnoIDMbpRVT3IkZRg==/com.google.android.webview-qRxS5xXWZrf2q1om1q6CvQ==/base.apk): ok
06-22 13:43:19.678 13816 13968 I chromium: [0622/134319.678447:INFO:android_webview/browser/variations/variations_seed_loader.cc:67] Failed to open file for reading.: No such file or directory (2)
06-22 13:43:19.706 13816 13816 I cr_LibraryLoader: Successfully loaded native library
06-22 13:43:19.709 13816 13816 I cr_CachingUmaRecorder: Flushed 47 samples from 22 histograms, 0 samples were dropped.
06-22 13:43:19.712 13816 13816 I cr_ChildProcLH: ScopedServiceBindingBatch.tryActivate: false
06-22 13:43:19.714 13816 13816 I cr_CombinedPProvider: #registerProvider() provider:WV.wk@b77cec3 isPolicyCacheEnabled:false policyProvidersSize:0
06-22 13:43:19.715 13816 13816 I cr_PolicyProvider: #setManagerAndSource() 0
06-22 13:43:19.717 13816 13816 I cr_DisplayManager: Is Display Topology available: false
06-22 13:43:19.720 13816 13967 I cr_policy: registerReceiver succeeded after 4ms
06-22 13:43:19.722  1669  1735 D WindowManager: setParent old=ActivityRecord{de632aa u0 com.itsaky.androidide/.activities.OnboardingActivity t83 f}},new=null,this window=Window{b54fd32 u0 Splash Screen com.itsaky.androidide},callers=com.android.server.wm.WindowContainer.removeChild:822 com.android.server.wm.ActivityRecord.removeChild:4963 com.android.server.wm.ActivityRecord.removeChild:484 com.android.server.wm.WindowContainer.removeImmediately:892 com.android.server.wm.WindowState.removeImmediately:2599 com.android.server.wm.WindowState.destroySurface:3775 
06-22 13:43:19.725  1669  4098 V ActivityManager: startProcess: name=com.google.android.webview:sandboxed_process0:org.chromium.content.app.SandboxedProcessService0:0 app=null knownToBeDead=true thread=null pid=-1
06-22 13:43:19.727   906   981 E BufferQueueDebug: [Surface(name=d6c79f9 NavigationBar0)/@0x53400d4 - animation-leash of insets_animation#5468](this:0xb400007455fe9040,id:-1,api:0,p:-1,c:-1) id info cannot be read from 'Surface(name=d6c79f9 NavigationBar0)/@0x53400d4 - animation-leash of insets_animation#5468'
06-22 13:43:19.727   906   981 I BufferQueueDebug: [Surface(name=d6c79f9 NavigationBar0)/@0x53400d4 - animation-leash of insets_animation#5468](this:0xb400007455fe9040,id:-1,api:0,p:-1,c:-1) BufferQueue core=(906:/system/bin/surfaceflinger)
06-22 13:43:19.727   877   974 I mtkpower@impl: [powerd_req] TIMER_MSG_PERF_LOCK_TIMEOUT hdl:105470
06-22 13:43:19.729  1669  1734 I DisplayDeviceRepository: Display device changed: DisplayDeviceInfo{"Built-in Screen": uniqueId="local:0", 720 x 1600, modeId 2, renderFrameRate 90.0, defaultModeId 1, supportedModes [{id=1, width=720, height=1600, fps=120.00001, alternativeRefreshRates=[60.0, 90.0], supportedHdrTypes=[]}, {id=2, width=720, height=1600, fps=90.0, alternativeRefreshRates=[60.0, 120.00001], supportedHdrTypes=[]}, {id=3, width=720, height=1600, fps=60.0, alternativeRefreshRates=[90.0, 120.00001], supportedHdrTypes=[]}], colorMode 0, supportedColorModes [0], hdrCapabilities HdrCapabilities{mSupportedHdrTypes=[], mMaxLuminance=500.0, mMaxAverageLuminance=500.0, mMinLuminance=0.0}, allmSupported false, gameContentTypeSupported false, density 320, 262.939 x 262.939 dpi, appVsyncOff 1033333, presDeadline 14100000, cutout DisplayCutout{insets=Rect(0, 80 - 0, 0) waterfall=Insets{left=0, top=0, right=0, bottom=0} boundingRect={Bounds=[Rect(0, 0 - 0, 0), Rect(312, 0 - 408, 80), Rect(0, 0 - 0, 0), Rect(0, 0 - 0, 0)]} cutoutPathParserInfo={CutoutPathParserInfo{displayWidth=720 displayHeight=1600 physicalDisplayWidth=720 physicalDisplayHeight=1600 density={2.0} cutoutSpec={M -24,0 L -24,40 L 24,40 L 24,0 Z @dp} rotation={0} scale={1.0} physicalPixelDisplaySizeRatio={1.0}}}}, touch INTERNAL, rotation 0, type INTERNAL, address {port=0}, deviceProductInfo null, state ON, committedState ON, frameRateOverride {uid=10455 frameRateHz=90.0} , brightnessMinimum 0.0, brightnessMaximum 1.0, brightnessDefault 0.4, hdrSdrRatio NaN, roundedCorners RoundedCorners{[RoundedCorner{position=TopLeft, radius=34, center=Point(34, 34)}, RoundedCorner{position=TopRight, radius=34, center=Point(686, 34)}, RoundedCorner{position=BottomRight, radius=34, center=Point(686, 1566)}, RoundedCorner{position=BottomLeft, radius=34, center=Point(34, 1566)}]}, FLAG_ALLOWED_TO_BE_DEFAULT_DISPLAY, FLAG_ROTATES_WITH_CONTENT, FLAG_SECURE, FLAG_SUPPORTS_PROTECTED_BUFFERS, FLAG_TRUSTED, installOrientation 0, displayShape DisplayShape{ spec=2134893525 displayWidth=720 displayHeight=1600 physicalPixelDisplaySizeRatio=1.0 rotation=0 offsetX=0 offsetY=0 scale=1.0}}
06-22 13:43:19.732  1669  1734 D Griffin/DeviceState: virtualDisplayPackageName :{}
06-22 13:43:19.734   906   981 E BufferQueueDebug: [Surface(name=8e9c80d StatusBar)/@0xf2ae115 - animation-leash of insets_animation#5469](this:0xb400007456016940,id:-1,api:0,p:-1,c:-1) id info cannot be read from 'Surface(name=8e9c80d StatusBar)/@0xf2ae115 - animation-leash of insets_animation#5469'
06-22 13:43:19.734   906   981 I BufferQueueDebug: [Surface(name=8e9c80d StatusBar)/@0xf2ae115 - animation-leash of insets_animation#5469](this:0xb400007456016940,id:-1,api:0,p:-1,c:-1) BufferQueue core=(906:/system/bin/surfaceflinger)
06-22 13:43:19.737  1669  1735 D WindowManager: updateSystemBarAttributes appearance:24, win appearance:24, opaqueAppearance:0, win:Window{51c5594 u0 com.itsaky.androidide/com.itsaky.androidide.activities.OnboardingActivity}, appearanceRegions=[AppearanceRegion{LIGHT_STATUS_BARS bounds=[0,0][720,1600]}]
06-22 13:43:19.738  1669  1735 I WindowManager: DisplayContent w: Window{51c5594 u0 com.itsaky.androidide/com.itsaky.androidide.activities.OnboardingActivity} Apply preferredModeId = 2
