06-22 13:43:20.616 13816 13887 W ViolationHandler: 	at android.os.Looper.loop(Looper.java:338)
06-22 13:43:20.616 13816 13887 W ViolationHandler: 	at com.itsaky.androidide.app.CredentialProtectedApplicationLoader.installPluginCrashLooperGuard$lambda$0(CredentialProtectedApplicationLoader.kt:223)
06-22 13:43:20.616 13816 13887 W ViolationHandler: 	at com.itsaky.androidide.app.CredentialProtectedApplicationLoader.$r8$lambda$o4KQZd6K2NtRhir9kivKIce16xM(Unknown Source:0)
06-22 13:43:20.616 13816 13887 W ViolationHandler: 	at com.itsaky.androidide.app.CredentialProtectedApplicationLoader$$ExternalSyntheticLambda1.run(D8$$SyntheticClass:0)
06-22 13:43:20.616 13816 13887 W ViolationHandler: 	at android.os.Handler.handleCallback(Handler.java:958)
06-22 13:43:20.616 13816 13887 W ViolationHandler: 	at android.os.Handler.dispatchMessage(Handler.java:99)
06-22 13:43:20.616 13816 13887 W ViolationHandler: 	at android.os.Looper.loopOnce(Looper.java:243)
06-22 13:43:20.616 13816 13887 W ViolationHandler: 	at android.os.Looper.loop(Looper.java:338)
06-22 13:43:20.616 13816 13887 W ViolationHandler: 	at android.app.ActivityThread.main(ActivityThread.java:8524)
06-22 13:43:20.616 13816 13887 W ViolationHandler: 	at java.lang.reflect.Method.invoke(Native Method)
06-22 13:43:20.616 13816 13887 W ViolationHandler: 	at com.android.internal.os.RuntimeInit$MethodAndArgsCaller.run(RuntimeInit.java:602)
06-22 13:43:20.616 13816 13887 W ViolationHandler: 	at com.android.internal.os.ZygoteInit.main(ZygoteInit.java:1064)
06-22 13:43:20.617   906   906 I BufferQueueProducer: [com.itsaky.androidide/com.itsaky.androidide.activities.OnboardingActivity#5459](this:0xb4000074560414b0,id:-1,api:0,p:-1,c:906) queueBuffer: fps=2.80 dur=1428.03 max=1252.57 min=21.67
06-22 13:43:20.619  1669  1734 I DisplayDeviceRepository: Display device changed: DisplayDeviceInfo{"Built-in Screen": uniqueId="local:0", 720 x 1600, modeId 2, renderFrameRate 90.0, defaultModeId 1, supportedModes [{id=1, width=720, height=1600, fps=120.00001, alternativeRefreshRates=[60.0, 90.0], supportedHdrTypes=[]}, {id=2, width=720, height=1600, fps=90.0, alternativeRefreshRates=[60.0, 120.00001], supportedHdrTypes=[]}, {id=3, width=720, height=1600, fps=60.0, alternativeRefreshRates=[90.0, 120.00001], supportedHdrTypes=[]}], colorMode 0, supportedColorModes [0], hdrCapabilities HdrCapabilities{mSupportedHdrTypes=[], mMaxLuminance=500.0, mMaxAverageLuminance=500.0, mMinLuminance=0.0}, allmSupported false, gameContentTypeSupported false, density 320, 262.939 x 262.939 dpi, appVsyncOff 1033333, presDeadline 14100000, cutout DisplayCutout{insets=Rect(0, 80 - 0, 0) waterfall=Insets{left=0, top=0, right=0, bottom=0} boundingRect={Bounds=[Rect(0, 0 - 0, 0), Rect(312, 0 - 408, 80), Rect(0, 0 - 0, 0), Rect(0, 0 - 0, 0)]} cutoutPathParserInfo={CutoutPathParserInfo{displayWidth=720 displayHeight=1600 physicalDisplayWidth=720 physicalDisplayHeight=1600 density={2.0} cutoutSpec={M -24,0 L -24,40 L 24,40 L 24,0 Z @dp} rotation={0} scale={1.0} physicalPixelDisplaySizeRatio={1.0}}}}, touch INTERNAL, rotation 0, type INTERNAL, address {port=0}, deviceProductInfo null, state ON, committedState ON, frameRateOverride {uid=10455 frameRateHz=90.0} , brightnessMinimum 0.0, brightnessMaximum 1.0, brightnessDefault 0.4, hdrSdrRatio NaN, roundedCorners RoundedCorners{[RoundedCorner{position=TopLeft, radius=34, center=Point(34, 34)}, RoundedCorner{position=TopRight, radius=34, center=Point(686, 34)}, RoundedCorner{position=BottomRight, radius=34, center=Point(686, 1566)}, RoundedCorner{position=BottomLeft, radius=34, center=Point(34, 1566)}]}, FLAG_ALLOWED_TO_BE_DEFAULT_DISPLAY, FLAG_ROTATES_WITH_CONTENT, FLAG_SECURE, FLAG_SUPPORTS_PROTECTED_BUFFERS, FLAG_TRUSTED, installOrientation 0, displayShape DisplayShape{ spec=2134893525 displayWidth=720 displayHeight=1600 physicalPixelDisplaySizeRatio=1.0 rotation=0 offsetX=0 offsetY=0 scale=1.0}}
06-22 13:43:20.620 13816 13887 W ViolationHandler: [pool-8-thread-1] StrictMode violation detected
06-22 13:43:20.620 13816 13887 W ViolationHandler: android.os.strictmode.DiskReadViolation: null
06-22 13:43:20.620 13816 13887 W ViolationHandler: 	at android.os.StrictMode$AndroidBlockGuardPolicy.onReadFromDisk(StrictMode.java:1666)
06-22 13:43:20.620 13816 13887 W ViolationHandler: 	at libcore.io.BlockGuardOs.read(BlockGuardOs.java:324)
06-22 13:43:20.620 13816 13887 W ViolationHandler: 	at libcore.io.ForwardingOs.read(ForwardingOs.java:624)
06-22 13:43:20.620 13816 13887 W ViolationHandler: 	at libcore.io.IoBridge.read(IoBridge.java:604)
06-22 13:43:20.620 13816 13887 W ViolationHandler: 	at java.io.RandomAccessFile.readBytes(RandomAccessFile.java:405)
06-22 13:43:20.620 13816 13887 W ViolationHandler: 	at java.io.RandomAccessFile.read(RandomAccessFile.java:434)
06-22 13:43:20.620 13816 13887 W ViolationHandler: 	at java.util.zip.ZipFile$Source.readAt(ZipFile.java:1709)
06-22 13:43:20.620 13816 13887 W ViolationHandler: 	at java.util.zip.ZipFile$Source.-$$Nest$mreadAt(ZipFile.java:0)
06-22 13:43:20.620 13816 13887 W ViolationHandler: 	at java.util.zip.ZipFile$ZipFileInputStream.read(ZipFile.java:1039)
06-22 13:43:20.620 13816 13887 W ViolationHandler: 	at java.util.zip.ZipFile$ZipFileInflaterInputStream.fill(ZipFile.java:511)
06-22 13:43:20.620 13816 13887 W ViolationHandler: 	at java.util.zip.InflaterInputStream.read(InflaterInputStream.java:210)
06-22 13:43:20.620 13816 13887 W ViolationHandler: 	at java.io.FilterInputStream.read(FilterInputStream.java:133)
06-22 13:43:20.620 13816 13887 W ViolationHandler: 	at sun.nio.cs.StreamDecoder.readBytes(StreamDecoder.java:309)
06-22 13:43:20.620 13816 13887 W ViolationHandler: 	at sun.nio.cs.StreamDecoder.implRead(StreamDecoder.java:373)
06-22 13:43:20.620 13816 13887 W ViolationHandler: 	at sun.nio.cs.StreamDecoder.read(StreamDecoder.java:183)
06-22 13:43:20.620 13816 13887 W ViolationHandler: 	at java.io.InputStreamReader.read(InputStreamReader.java:177)
06-22 13:43:20.620 13816 13887 W ViolationHandler: 	at java.io.BufferedReader.fill(BufferedReader.java:172)
06-22 13:43:20.620 13816 13887 W ViolationHandler: 	at java.io.BufferedReader.readLine(BufferedReader.java:337)
06-22 13:43:20.620 13816 13887 W ViolationHandler: 	at java.io.BufferedReader.readLine(BufferedReader.java:403)
06-22 13:43:20.620 13816 13887 W ViolationHandler: 	at com.itsaky.androidide.utils.ServiceLoader.parseLine(ServiceLoader.java:250)
06-22 13:43:20.620 13816 13887 W ViolationHandler: 	at com.itsaky.androidide.utils.ServiceLoader.parse(ServiceLoader.java:308)
06-22 13:43:20.620 13816 13887 W ViolationHandler: 	at com.itsaky.androidide.utils.ServiceLoader.-$$Nest$mparse(Unknown Source:0)
06-22 13:43:20.620 13816 13887 W ViolationHandler: 	at com.itsaky.androidide.utils.ServiceLoader$LazyIterator.hasNextService(ServiceLoader.java:362)
06-22 13:43:20.620 13816 13887 W ViolationHandler: 	at com.itsaky.androidide.utils.ServiceLoader$LazyIterator.hasNext(ServiceLoader.java:402)
06-22 13:43:20.620 13816 13887 W ViolationHandler: 	at com.itsaky.androidide.utils.ServiceLoader$1.hasNext(ServiceLoader.java:478)
06-22 13:43:20.620 13816 13887 W ViolationHandler: 	at com.itsaky.androidide.utils.ServiceLoader.findFirst(ServiceLoader.java:606)
06-22 13:43:20.620 13816 13887 W ViolationHandler: 	at com.itsaky.androidide.utils.ServiceLoader.findFirstOrThrow(ServiceLoader.java:622)
06-22 13:43:20.620 13816 13887 W ViolationHandler: 	at com.itsaky.androidide.actions.ActionsRegistry$Companion.getInstance(ActionsRegistry.kt:35)
06-22 13:43:20.620 13816 13887 W ViolationHandler: 	at com.itsaky.androidide.utils.MainScreenActions.clear(MainScreenActions.kt:36)
06-22 13:43:20.620 13816 13887 W ViolationHandler: 	at com.itsaky.androidide.utils.MainScreenActions.register(MainScreenActions.kt:22)
06-22 13:43:20.620 13816 13887 W ViolationHandler: 	at com.itsaky.androidide.activities.MainActivity.onCreate(MainActivity.kt:123)
06-22 13:43:20.620 13816 13887 W ViolationHandler: 	at android.app.Activity.performCreate(Activity.java:8616)
06-22 13:43:20.620 13816 13887 W ViolationHandler: 	at android.app.Activity.performCreate(Activity.java:8594)
06-22 13:43:20.620 13816 13887 W ViolationHandler: 	at android.app.Instrumentation.callActivityOnCreate(Instrumentation.java:1465)
06-22 13:43:20.620 13816 13887 W ViolationHandler: 	at android.app.ActivityThread.performLaunchActivity(ActivityThread.java:3929)
06-22 13:43:20.620 13816 13887 W ViolationHandler: 	at android.app.ActivityThread.handleLaunchActivity(ActivityThread.java:4087)
06-22 13:43:20.620 13816 13887 W ViolationHandler: 	at android.app.servertransaction.LaunchActivityItem.execute(LaunchActivityItem.java:114)
06-22 13:43:20.620 13816 13887 W ViolationHandler: 	at android.app.servertransaction.TransactionExecutor.executeCallbacks(TransactionExecutor.java:139)
06-22 13:43:20.620 13816 13887 W ViolationHandler: 	at android.app.servertransaction.TransactionExecutor.execute(TransactionExecutor.java:96)
06-22 13:43:20.620 13816 13887 W ViolationHandler: 	at android.app.ActivityThread$H.handleMessage(ActivityThread.java:2560)
06-22 13:43:20.620 13816 13887 W ViolationHandler: 	at android.os.Handler.dispatchMessage(Handler.java:106)
06-22 13:43:20.620 13816 13887 W ViolationHandler: 	at android.os.Looper.loopOnce(Looper.java:243)
06-22 13:43:20.620 13816 13887 W ViolationHandler: 	at android.os.Looper.loop(Looper.java:338)
06-22 13:43:20.620 13816 13887 W ViolationHandler: 	at com.itsaky.androidide.app.CredentialProtectedApplicationLoader.installPluginCrashLooperGuard$lambda$0(CredentialProtectedApplicationLoader.kt:223)
06-22 13:43:20.620 13816 13887 W ViolationHandler: 	at com.itsaky.androidide.app.CredentialProtectedApplicationLoader.$r8$lambda$o4KQZd6K2NtRhir9kivKIce16xM(Unknown Source:0)
06-22 13:43:20.620 13816 13887 W ViolationHandler: 	at com.itsaky.androidide.app.CredentialProtectedApplicationLoader$$ExternalSyntheticLambda1.run(D8$$SyntheticClass:0)
06-22 13:43:20.620 13816 13887 W ViolationHandler: 	at android.os.Handler.handleCallback(Handler.java:958)
06-22 13:43:20.620 13816 13887 W ViolationHandler: 	at android.os.Handler.dispatchMessage(Handler.java:99)
06-22 13:43:20.620 13816 13887 W ViolationHandler: 	at android.os.Looper.loopOnce(Looper.java:243)
06-22 13:43:20.620 13816 13887 W ViolationHandler: 	at android.os.Looper.loop(Looper.java:338)
06-22 13:43:20.620 13816 13887 W ViolationHandler: 	at android.app.ActivityThread.main(ActivityThread.java:8524)
06-22 13:43:20.620 13816 13887 W ViolationHandler: 	at java.lang.reflect.Method.invoke(Native Method)
06-22 13:43:20.620 13816 13887 W ViolationHandler: 	at com.android.internal.os.RuntimeInit$MethodAndArgsCaller.run(RuntimeInit.java:602)
06-22 13:43:20.620 13816 13887 W ViolationHandler: 	at com.android.internal.os.ZygoteInit.main(ZygoteInit.java:1064)
06-22 13:43:20.621  1669  1734 D Griffin/DeviceState: virtualDisplayPackageName :{}
06-22 13:43:20.621 13816 13831 I OpenGLRenderer: Davey! duration=1284ms; Flags=0, FrameTimelineVsyncId=19713370, IntendedVsync=1153754524036214, Vsync=1153755786835114, InputEventId=0, HandleInputStart=1153755790391537, AnimationStart=1153755790394537, PerformTraversalsStart=1153755794625614, DrawStart=1153755795151845, FrameDeadline=1153754576176388, FrameInterval=1153755789697075, FrameStartTime=10980860, SyncQueued=1153755797775460, SyncStart=1153755797970537, IssueDrawCommandsStart=1153755798237306, SwapBuffers=1153755807403537, FrameCompleted=1153755809022614, DequeueBufferDuration=23000, QueueBufferDuration=931923, GpuCompleted=1153755808769998, SwapBuffersCompleted=1153755809022614, DisplayPresentTime=0, CommandSubmissionCompleted=1153755807403537, 
06-22 13:43:20.622  1669  1735 I WindowManager: DisplayContent w: Window{51c5594 u0 com.itsaky.androidide/com.itsaky.androidide.activities.OnboardingActivity} Apply preferredModeId = 2
06-22 13:43:20.636 13816 14003 W AudioCapabilities: Unsupported mime audio/x-adpcm-dvi-ima
06-22 13:43:20.637 13816 14003 W AudioCapabilities: Unsupported mime audio/x-adpcm-dvi-ima
06-22 13:43:20.638 13816 14003 W AudioCapabilities: Unsupported mime audio/x-adpcm-ms
06-22 13:43:20.639 13816 14003 W AudioCapabilities: Unsupported mime audio/x-adpcm-ms
06-22 13:43:20.640 13816 14003 W AudioCapabilities: Unsupported mime audio/alac
06-22 13:43:20.640 13816 14003 W AudioCapabilities: Unsupported mime audio/alac
06-22 13:43:20.640 13816 14003 W AudioCapabilities: Unsupported mime audio/ape
06-22 13:43:20.641 13816 13816 D AutofillManager: view not autofillable - not passing ime action check
06-22 13:43:20.641 13816 14003 W AudioCapabilities: Unsupported mime audio/ape
06-22 13:43:20.683 13816 14003 W VideoCapabilities: Unrecognized profile/level 32768/256 for video/mp4v-es
06-22 13:43:20.684 13816 14003 W VideoCapabilities: Unrecognized profile/level 32768/256 for video/mp4v-es
06-22 13:43:20.767   906   981 E BufferQueueDebug: [com.itsaky.androidide/com.itsaky.androidide.activities.MainActivity#5471](this:0xb400007456027aa0,id:-1,api:0,p:-1,c:-1) id info cannot be read from 'com.itsaky.androidide/com.itsaky.androidide.activities.MainActivity#5471'
06-22 13:43:20.768   906   981 I BufferQueueDebug: [com.itsaky.androidide/com.itsaky.androidide.activities.MainActivity#5471](this:0xb400007456027aa0,id:-1,api:0,p:-1,c:-1) BufferQueue core=(906:/system/bin/surfaceflinger)
06-22 13:43:20.771  1669  4306 I WindowManager: DisplayContent w: Window{51c5594 u0 com.itsaky.androidide/com.itsaky.androidide.activities.OnboardingActivity} Apply preferredModeId = 2
06-22 13:43:20.774  1669  4306 D WindowManager: currentFocusId -1 newFocusId: 0 currentFocusIsMultiWindow: false newFocusIsMultiWindow: false
06-22 13:43:20.776  1669  4306 W WindowManager: Changing focus from null to Window{6080ef7 u0 com.itsaky.androidide/com.itsaky.androidide.activities.MainActivity} displayId=0 Callers=com.android.server.wm.RootWindowContainer.updateFocusedWindowLocked:508 com.android.server.wm.WindowManagerService.updateFocusedWindowLocked:6510 com.android.server.wm.WindowManagerService.relayoutWindow:2713 com.android.server.wm.Session.relayout:259 
06-22 13:43:20.778   906   981 E BufferQueueDebug: [Surface(name=d6c79f9 NavigationBar0)/@0x53400d4 - animation-leash of insets_animation#5472](this:0xb400007456024d10,id:-1,api:0,p:-1,c:-1) id info cannot be read from 'Surface(name=d6c79f9 NavigationBar0)/@0x53400d4 - animation-leash of insets_animation#5472'
06-22 13:43:20.778   906   981 I BufferQueueDebug: [Surface(name=d6c79f9 NavigationBar0)/@0x53400d4 - animation-leash of insets_animation#5472](this:0xb400007456024d10,id:-1,api:0,p:-1,c:-1) BufferQueue core=(906:/system/bin/surfaceflinger)
06-22 13:43:20.781   906   981 E BufferQueueDebug: [Surface(name=8e9c80d StatusBar)/@0xf2ae115 - animation-leash of insets_animation#5473](this:0xb400007456082ca0,id:-1,api:0,p:-1,c:-1) id info cannot be read from 'Surface(name=8e9c80d StatusBar)/@0xf2ae115 - animation-leash of insets_animation#5473'
06-22 13:43:20.781   906   981 I BufferQueueDebug: [Surface(name=8e9c80d StatusBar)/@0xf2ae115 - animation-leash of insets_animation#5473](this:0xb400007456082ca0,id:-1,api:0,p:-1,c:-1) BufferQueue core=(906:/system/bin/surfaceflinger)
06-22 13:43:20.783  1669  4306 D TranDisplayJamMonitor: checkExceptionWindowResult = 1024
06-22 13:43:20.784  1669  4306 D TranDisplayJamMonitor: check display window jam detection:Window{6080ef7 u0 com.itsaky.androidide/com.itsaky.androidide.activities.MainActivity}
06-22 13:43:20.784  1669  4306 D TranDisplayJamMonitor: remove screen rotation animation detection
06-22 13:43:20.784  1669  4306 I WindowManager: Relayout Window{6080ef7 u0 com.itsaky.androidide/com.itsaky.androidide.activities.MainActivity}: oldVis=4 newVis=0 focusMayChange = true requestedWidth = 720 requestedHeight = 1600 outFrames = ClientWindowFrames{frame=[0,0][720,1600] display=[0,0][720,1600] parentFrame=[0,0][0,0]} outSurfaceControl = Surface(name=com.itsaky.androidide/com.itsaky.androidide.activities.MainActivity)/@0xcb45b94
06-22 13:43:20.788 13816 13816 D BufferQueueConsumer: [](id:35f800000001,api:0,p:-1,c:13816) connect: controlledByApp=false
06-22 13:43:20.790 13816 13816 I config_debug: updateDecorCaptionStatus: {1.0 ?mcc0mnc [en_US,es_US] ldltr sw360dp w360dp h720dp 320dpi nrml long port finger -keyb/v/h -nav/h winConfig={ mBounds=Rect(0, 0 - 720, 1600) mAppBounds=Rect(0, 80 - 720, 1520) mMaxBounds=Rect(0, 0 - 720, 1600) mDisplayRotation=ROTATION_0 mWindowingMode=fullscreen mDisplayWindowingMode=fullscreen mMultiWindowMode=normal mMultiWindowId=0 mWindowResiable=6 mInLargeScreen=-1 mActivityType=standard mAlwaysOnTop=undefined mRotation=ROTATION_0 mUiOptSpec=-1 mCurDisplayId=-1} as.2 s.1 fontWeightAdjustment=0} fromMultiWindow: true
06-22 13:43:20.791 13816 13876 E OpenGLRenderer: Unable to match the desired swap behavior.
06-22 13:43:20.793  1669  1735 D SurfaceComposerClient: Transaction::apply InputWindowCommands.focusRequests timestamp=1153755986609075, windowName=6080ef7 com.itsaky.androidide/com.itsaky.androidide.activities.MainActivity
06-22 13:43:20.803   906   906 D SurfaceFlinger: Focus addInputWindowCommands timestamp=1153755986609075, windowName=6080ef7 com.itsaky.androidide/com.itsaky.androidide.activities.MainActivity
06-22 13:43:20.804   906   906 D SurfaceFlinger: Find Focus windowName=6080ef7 com.itsaky.androidide/com.itsaky.androidide.activities.MainActivity, notVisible=1
06-22 13:43:20.804   906   906 D Layer   : Focus: ActivityRecord{71c4a9 u0 com.itsaky.androidide/.activities.MainActivity t83}#5463 isHiddenByPolicy s.flags&layer_state_t::eLayerHidden=1
06-22 13:43:20.804   906   906 D Layer   : Focus: isHiddenByPolicy parent ActivityRecord{71c4a9 u0 com.itsaky.androidide/.activities.MainActivity t83}#5463 is hidden cause not visible
06-22 13:43:20.804   906   906 D SurfaceFlinger: Focus inVisible Reason:isVisibleForInput(){hasInputInfo()?canReceiveInput():isVisible()}=0 has=1 can{!isHiddenByPolicy()&&(mBuffer==nullptr||getAlpha()>0.0f)}=0 Hidden=1 Buf=1 getA=1
06-22 13:43:20.805   906  1293 D SurfaceFlinger: updateWinowInfo=1, setFocusedWindow timestamp=1153755986609075, windowName=6080ef7 com.itsaky.androidide/com.itsaky.androidide.activities.MainActivity
06-22 13:43:20.929 13816 13876 D BLASTBufferQueue: [VRI[MainActivity]#1](f:0,a:1) acquireNextBufferLocked size=720x1600 mFrameNumber=1 applyTransaction=true mTimestamp=1153756130127460(auto) mPendingTransactions.size=0 graphicBufferId=59339268161549 transform=0
06-22 13:43:20.930   906   987 E surfaceflinger: == MALI DEBUG ===eglp_winsys_populate_image_templates ==12288
06-22 13:43:20.930  1669  4306 W WindowManager: finishDrawingWindow: Window{6080ef7 u0 com.itsaky.androidide/com.itsaky.androidide.activities.MainActivity} mDrawState=DRAW_PENDING
06-22 13:43:20.932  1669  1735 I WindowManager: DisplayContent w: Window{51c5594 u0 com.itsaky.androidide/com.itsaky.androidide.activities.OnboardingActivity} Apply preferredModeId = 2
06-22 13:43:20.934  1669  1735 D BLASTSyncEngine: transition TransitionRecord{99be965 id=373 type=OPEN flags=0x0} isAuthenticateSucceed false
06-22 13:43:20.934  1669  1735 I DreamAnimation:  hookAppTransitSuccess called,  mState=7 and doUnlockAnimation=0
06-22 13:43:20.936  1669  1735 W WindowManager: real show surface com.itsaky.androidide/com.itsaky.androidide.activities.MainActivity sc:Surface(name=com.itsaky.androidide/com.itsaky.androidide.activities.MainActivity)/@0x6dc3dda win : Window{6080ef7 u0 com.itsaky.androidide/com.itsaky.androidide.activities.MainActivity}
06-22 13:43:20.936  1669  1735 I Transition: ignoreThunderbackTransition back= false change= false
06-22 13:43:20.937   906  2487 E BufferQueueDebug: [Transition Root: ActivityRecord{71c4a9 u0 com.itsaky.androidide/.activities.MainActivity t83}#5474](this:0xb400007456046fd0,id:-1,api:0,p:-1,c:-1) id info cannot be read from 'Transition Root: ActivityRecord{71c4a9 u0 com.itsaky.androidide/.activities.MainActivity t83}#5474'
06-22 13:43:20.937   906  2487 I BufferQueueDebug: [Transition Root: ActivityRecord{71c4a9 u0 com.itsaky.androidide/.activities.MainActivity t83}#5474](this:0xb400007456046fd0,id:-1,api:0,p:-1,c:-1) BufferQueue core=(906:/system/bin/surfaceflinger)
06-22 13:43:20.938 13816 13826 I OpenGLRenderer: Davey! duration=1606ms; Flags=1, FrameTimelineVsyncId=19713370, IntendedVsync=1153754524036214, Vsync=1153755786835114, InputEventId=0, HandleInputStart=1153755790391537, AnimationStart=1153755790394537, PerformTraversalsStart=1153755794625614, DrawStart=1153756026959537, FrameDeadline=1153754543236214, FrameInterval=1153755789697075, FrameStartTime=10980860, SyncQueued=1153756106666537, SyncStart=1153756107014845, IssueDrawCommandsStart=1153756107472152, SwapBuffers=1153756129432152, FrameCompleted=1153756131024152, DequeueBufferDuration=49846, QueueBufferDuration=679769, GpuCompleted=1153756130902229, SwapBuffersCompleted=1153756131024152, DisplayPresentTime=0, CommandSubmissionCompleted=1153756129432152, 
06-22 13:43:20.944  1669  1731 D _T_AppBehavior: logInTaskActivityStart (packageName:com.itsaky.androidide, transitionType:8, launchedActivityName:com.itsaky.androidide.activities.MainActivity, transitionDelayMs:1728,windowsDrawnDelayMs:1717)
06-22 13:43:20.944  1669  1731 I ActivityTaskManager: Displayed com.itsaky.androidide/.activities.MainActivity for user 0: +1s717ms
06-22 13:43:20.945  2065  2139 V WindowManagerShell: onTransitionReady android.os.BinderProxy@5ce32f5: {id=373 t=OPEN f=0x0 trk=0 r=[0@Point(0, 0)] c=[{null m=OPEN f=FILLS_TASK leash=Surface(name=ActivityRecord{71c4a9 u0 com.itsaky.androidide/.activities.MainActivity t83})/@0x542fceb sb=Rect(0, 0 - 0, 0) eb=Rect(0, 0 - 720, 1600) d=-1->0 r=-1->0:-1},{null m=CLOSE f=FILLS_TASK leash=Surface(name=ActivityRecord{de632aa u0 com.itsaky.androidide/.activities.OnboardingActivity t83})/@0xf577a48 sb=Rect(0, 0 - 720, 1600) eb=Rect(0, 0 - 720, 1600) d=0}]}
06-22 13:43:20.945  2065  2139 D ShellTransitions: setupStartState hide:Surface(name=ActivityRecord{de632aa u0 com.itsaky.androidide/.activities.OnboardingActivity t83})/@0xf577a48
06-22 13:43:20.945  1669  1731 V WindowManager: Sent Transition #373 createdAt=06-22 13:43:19.217 via request=TransitionRequestInfo { type = OPEN, triggerTask = TaskInfo{userId=0 taskId=83 displayId=0 isRunning=true baseIntent=Intent { flg=0x10000000 cmp=com.itsaky.androidide/.activities.SplashActivity } baseActivity=ComponentInfo{com.itsaky.androidide/com.itsaky.androidide.activities.OnboardingActivity} topActivity=ComponentInfo{com.itsaky.androidide/com.itsaky.androidide.activities.MainActivity} origActivity=null realActivity=ComponentInfo{com.itsaky.androidide/com.itsaky.androidide.activities.SplashActivity} numActivities=2 lastActiveTime=1810431549 supportsMultiWindow=true resizeMode=2 isResizeable=true minWidth=-1 minHeight=-1 defaultMinSize=110 token=WCT{RemoteToken{e5576fb Task{2d9bca6 #83 type=standard A=10455:com.itsaky.androidide}}} topActivityType=1 pictureInPictureParams=null shouldDockBigOverlays=false launchIntoPipHostTaskId=-1 lastParentTaskIdBeforePip=-1 displayCutoutSafeInsets=null topActivityInfo=ActivityInfo{27a0939 com.itsaky.androidide.activities.MainActivity} launchCookies=[] positionInParent=Point(0, 0) parentTaskId=-1 isFocused=true isVisible=true isVisibleRequested=true isSleeping=false topActivityInSizeCompat=false topActivityEligibleForLetterboxEducation= false topActivityLetterboxed= false isFromDoubleTap= false topActivityLetterboxVerticalPosition= -1 topActivityLetterboxHorizontalPosition= -1 topActivityLetterboxWidth=-1 topActivityLetterboxHeight=-1 locusId=null displayAreaFeatureId=1 cameraCompatControlState=hidden}, remoteTransition = null, displayChange = null }
06-22 13:43:20.945  1669  1731 V WindowManager:     startWCT=WindowContainerTransaction { changes = {} hops = [] errorCallbackToken=null taskFragmentOrganizer=null }
06-22 13:43:20.945  2065  2139 D ShellTransitions: setupStartState setAlpha 0.f:Surface(name=ActivityRecord{71c4a9 u0 com.itsaky.androidide/.activities.MainActivity t83})/@0x542fceb
06-22 13:43:20.945  1669  1731 V WindowManager:     info={id=373 t=OPEN f=0x0 trk=0 r=[0@Point(0, 0)] c=[{null m=OPEN f=FILLS_TASK leash=Surface(name=ActivityRecord{71c4a9 u0 com.itsaky.androidide/.activities.MainActivity t83})/@0x52a463d sb=Rect(0, 0 - 0, 0) eb=Rect(0, 0 - 720, 1600) d=-1->0 r=-1->0:-1},{null m=CLOSE f=FILLS_TASK leash=Surface(name=ActivityRecord{de632aa u0 com.itsaky.androidide/.activities.OnboardingActivity t83})/@0x83e0050 sb=Rect(0, 0 - 720, 1600) eb=Rect(0, 0 - 720, 1600) d=0}]}
06-22 13:43:20.945  2065  2139 V WindowManagerShell: Playing animation for (#373)android.os.BinderProxy@5ce32f5@0
06-22 13:43:20.945  2065  2139 V WindowManagerShell:  try handler com.android.wm.shell.transition.DefaultMixedHandler@bb73a9b
06-22 13:43:20.945  2065  2139 V WindowManagerShell:  try handler com.android.wm.shell.keyguard.KeyguardTransitionHandler@7fb7f77
06-22 13:43:20.946  2065  2139 V WindowManagerShell:  try handler com.android.wm.shell.activityembedding.ActivityEmbeddingController@3f5b7e4
06-22 13:43:20.946  2065  2139 V WindowManagerShell:  try handler com.android.wm.shell.recents.RecentsTransitionHandler@bfef44d
06-22 13:43:20.946  2065  2139 V ShellRecents: RecentsTransitionHandler.startAnimation: no controller found
06-22 13:43:20.946  2065  2139 V WindowManagerShell:  try handler com.android.wm.shell.pip.PipTransition@a8bab02
06-22 13:43:20.946  2065  2139 V WindowManagerShell:  try handler com.android.wm.shell.splitscreen.StageCoordinator@11e9c13
06-22 13:43:20.946  2065  2139 V WindowManagerShell:  try handler com.android.wm.shell.transition.RemoteTransitionHandler@7486e50
06-22 13:43:20.946  1669  1735 I WindowManager: DisplayContent w: Window{6080ef7 u0 com.itsaky.androidide/com.itsaky.androidide.activities.MainActivity} Apply preferredModeId = 2
06-22 13:43:20.946  2065  2139 V WindowManagerShell: Transition doesn't have explicit remote, search filters for match for {id=373 t=OPEN f=0x0 trk=0 r=[0@Point(0, 0)] c=[{null m=OPEN f=FILLS_TASK leash=Surface(name=ActivityRecord{71c4a9 u0 com.itsaky.androidide/.activities.MainActivity t83})/@0x542fceb sb=Rect(0, 0 - 0, 0) eb=Rect(0, 0 - 720, 1600) d=-1->0 r=-1->0:-1},{null m=CLOSE f=FILLS_TASK leash=Surface(name=ActivityRecord{de632aa u0 com.itsaky.androidide/.activities.OnboardingActivity t83})/@0xf577a48 sb=Rect(0, 0 - 720, 1600) eb=Rect(0, 0 - 720, 1600) d=0}]}
06-22 13:43:20.946  2065  2139 V WindowManagerShell:  Delegate animation for #373 to null
06-22 13:43:20.946  2065  2139 V WindowManagerShell:  try handler com.android.wm.shell.transition.DefaultTransitionHandler@d538849
06-22 13:43:20.946  2065  2139 V WindowManagerShell: start default transition animation, info = {id=373 t=OPEN f=0x0 trk=0 r=[0@Point(0, 0)] c=[{null m=OPEN f=FILLS_TASK leash=Surface(name=ActivityRecord{71c4a9 u0 com.itsaky.androidide/.activities.MainActivity t83})/@0x542fceb sb=Rect(0, 0 - 0, 0) eb=Rect(0, 0 - 720, 1600) d=-1->0 r=-1->0:-1},{null m=CLOSE f=FILLS_TASK leash=Surface(name=ActivityRecord{de632aa u0 com.itsaky.androidide/.activities.OnboardingActivity t83})/@0xf577a48 sb=Rect(0, 0 - 720, 1600) eb=Rect(0, 0 - 720, 1600) d=0}]}
06-22 13:43:20.946  2065  2139 I isAnimateWithFlipScreenSmartWindow: TransitionInfo.type:1
06-22 13:43:20.946  2065  2139 D isAnimateWithFlipScreenSmartWindow: isAnimateWithFlipScreenSmartWindow(info):  false
06-22 13:43:20.946  2065  2139 I isAnimateWithFlipScreenSmartWindow: TransitionInfo.type:1
06-22 13:43:20.946  2065  2139 I isAnimateWithFlipScreenSmartWindow: TransitionInfo.type:1
06-22 13:43:20.947   906  2487 E BufferQueueDebug: [5026030 ActivityRecordInputSink com.itsaky.androidide/.activities.MainActivity#5475](this:0xb40000745600b300,id:-1,api:0,p:-1,c:-1) id info cannot be read from '5026030 ActivityRecordInputSink com.itsaky.androidide/.activities.MainActivity#5475'
06-22 13:43:20.947   906  2487 I BufferQueueDebug: [5026030 ActivityRecordInputSink com.itsaky.androidide/.activities.MainActivity#5475](this:0xb40000745600b300,id:-1,api:0,p:-1,c:-1) BufferQueue core=(906:/system/bin/surfaceflinger)
06-22 13:43:20.949  2065  2139 V WindowManagerShell: loadAnimation: anim=android.view.animation.AnimationSet@6a38492 animAttr=0x5 type=OPEN isEntrance=false
06-22 13:43:20.949  2065  2139 D ShellTransitions: animationRange:  Rect(0, 0 - 720, 1600)
06-22 13:43:20.949  2065  2139 I isAnimateWithFlipScreenSmartWindow: TransitionInfo.type:1
06-22 13:43:20.949  2065  2139 D isAnimateWithFlipScreenSmartWindow: isAnimateWithFlipScreenSmartWindow(info):  false
06-22 13:43:20.949  2065  2139 I isAnimateWithFlipScreenSmartWindow: TransitionInfo.type:1
06-22 13:43:20.949  2065  2139 I isAnimateWithFlipScreenSmartWindow: TransitionInfo.type:1
06-22 13:43:20.950  2065  2139 V WindowManagerShell: loadAnimation: anim=android.view.animation.AnimationSet@9461b19 animAttr=0x4 type=OPEN isEntrance=true
06-22 13:43:20.950  2065  2139 D ShellTransitions: animationRange:  Rect(0, 0 - 720, 1600)
06-22 13:43:20.954  2065  2139 V WindowManagerShell:  animated by com.android.wm.shell.transition.DefaultTransitionHandler@d538849
06-22 13:43:20.957  1669  1735 I WindowManager: DisplayContent w: Window{6080ef7 u0 com.itsaky.androidide/com.itsaky.androidide.activities.MainActivity} Apply preferredModeId = 2
06-22 13:43:20.962   906  1267 D SurfaceFlinger: calculateTimeoutTime, triggerInterval = 1 sec + 198235461 nsec
06-22 13:43:20.967   906   906 I BufferQueueProducer: [NavigationBar0#87](this:0xb400007455ff4680,id:-1,api:0,p:-1,c:906) queueBuffer: fps=3.48 dur=1723.93 max=1581.07 min=21.28
06-22 13:43:20.967   906   906 I BufferQueueProducer: [StatusBar#91](this:0xb4000074560057e0,id:-1,api:0,p:-1,c:906) queueBuffer: fps=3.96 dur=1767.23 max=1592.27 min=21.78
06-22 13:43:20.968  1669  1734 I PowerHalWrapper: amsBoostNotify pid:2360,activity:com.android.quickstep.src.com.android.launcher3.uioverrides.QuickstepLauncher, package:com.transsion.XOSLauncher, mProcessCreatePackcom.itsaky.androidide 
06-22 13:43:20.968 13816 13816 I Choreographer: Skipped 33 frames!  The application may be doing too much work on its main thread.
06-22 13:43:20.968  1669  1734 I PowerHalWrapper: state: 0 
06-22 13:43:20.968 13816 13816 E TranChoreographerImpl: skippedFrames: 33
06-22 13:43:20.968  1669  1734 I mtkpower_client: [Legacy][PowerHal_Wrap_notifyAppState] com.transsion.XOSLauncher/com.android.quickstep.src.com.android.launcher3.uioverrides.QuickstepLauncher pid=2360 state:0
06-22 13:43:20.968  1669  3672 I TranTrancareAssistService: checkPermission failed!!!
06-22 13:43:20.969   877   974 I libPowerHal: [perfNotifyAppState] pack:com.transsion.XOSLauncher, act:com.android.quickstep.src.com.android.launcher3.uioverrides.QuickstepLauncher, state:0, pid:2360, uid:10199, fps:-1
06-22 13:43:20.969  1669  1734 I PowerHalWrapper: amsBoostNotify AMS_BOOST_PROCESS_CREATE_BOOST:true 
06-22 13:43:20.971  1669  1734 I PowerHalWrapper: amsBoostNotify pid:13816,activity:com.itsaky.androidide.activities.SplashActivity, package:com.itsaky.androidide, mProcessCreatePackcom.itsaky.androidide 
06-22 13:43:20.971  1669  1734 I PowerHalWrapper: state: 0 
06-22 13:43:20.971  2360  2360 D SharedPreferencesPolicy: checkFinishers msg.what :159,msg.obj:android.app.servertransaction.ClientTransaction@45f3a58
06-22 13:43:20.971  2360  2486 I GED     : ged_boost_gpu_freq, level 100, eOrigin 2, final_idx 24, oppidx_max 24, oppidx_min 0
06-22 13:43:20.972  2360  2360 D ActivityTracker: #handleIntent
06-22 13:43:20.973  1669  1734 I mtkpower_client: [Legacy][PowerHal_Wrap_notifyAppState] com.itsaky.androidide/com.itsaky.androidide.activities.SplashActivity pid=13816 state:0
06-22 13:43:20.973  1669  1734 I PowerHalWrapper: amsBoostNotify AMS_BOOST_PROCESS_CREATE_BOOST:true 
06-22 13:43:20.974   877   974 I libPowerHal: [perfNotifyAppState] pack:com.itsaky.androidide, act:com.itsaky.androidide.activities.SplashActivity, state:0, pid:13816, uid:10455, fps:-1
06-22 13:43:20.976 23471 23471 I KolunCardManager_template: removeStub => KolunCardStub{mDisplayState=KolunDisplayState{state=COMPACT, orientation=VERTICAL}, mClientModuleRes=ClientModuleRes{moduleName='com.transsion.XOSLauncher', lightRes=com.transsion.kolun.cardtemplate.style.CardStyleRes@2fb80814, darkRes=null, version=1}}
06-22 13:43:20.986   906   987 E surfaceflinger: == MALI DEBUG ===eglp_winsys_populate_image_templates ==12288
06-22 13:43:20.995   906   987 E surfaceflinger: == MALI DEBUG ===eglp_winsys_populate_image_templates ==12288
06-22 13:43:20.997  1669  3672 I ActivityManager: PendingStartActivityUids startActivity to updateOomAdj delay:2978ms, uid:10455
06-22 13:43:21.001   906   906 I BufferQueueDebug: [Surface(name=d6c79f9 NavigationBar0)/@0x53400d4 - animation-leash of insets_animation#5468](this:0xb400007455fe9040,id:-1,api:0,p:-1,c:906) onDestructor()
06-22 13:43:21.001   906   906 I BufferQueueDebug: [Surface(name=8e9c80d StatusBar)/@0xf2ae115 - animation-leash of insets_animation#5469](this:0xb400007456016940,id:-1,api:0,p:-1,c:906) onDestructor()
06-22 13:43:21.012   906   906 I BufferQueueDebug: [com.transsion.XOSLauncher/com.android.quickstep.src.com.android.launcher3.uioverrides.QuickstepLauncher#5435](this:0xb40000745601c460,id:-1,api:0,p:-1,c:906) onDestructor()
06-22 13:43:21.018  1669  4050 D CompatibilityChangeReporter: Compat change id reported: 214016041; UID 10455; state: DISABLED
06-22 13:43:21.018  1669  4050 I ImeTracker: com.itsaky.androidide:e1f70a44: onRequestHide at ORIGIN_SERVER_HIDE_INPUT reason HIDE_UNSPECIFIED_WINDOW
06-22 13:43:21.018  1669  4050 I ImeTracker: com.itsaky.androidide:e1f70a44: onCancelled at PHASE_SERVER_SHOULD_HIDE
06-22 13:43:21.018  1669  4050 D TranWindowManagerServiceImpl: hookIMEVisibleChanged(), show:false
06-22 13:43:21.018  1669  4050 I TranMultiWindowManagerComponentImpl: hookInputMethodShown inputShown: false
06-22 13:43:21.018  1669  4050 I TranSCSourceConnectManagerImpl: hookInputMethodShown inputShown: false
06-22 13:43:21.018  1669  4050 I input_debug: package: com.itsaky.androidide mNeedShowSafeInput: false inputType: 0 methodMap: true isKeyguardShowing: false enable: 0 isSplitScreen: false
06-22 13:43:21.025  1669  4306 V TranSecureKeyboardManagerImpl: getServiceLocked mInputMethodService = null this: com.transsion.hubcore.sk.TranSecureKeyboardManagerImpl@bbc4f0a
06-22 13:43:21.026 23263 23263 I GoogleInputMethodService: GoogleInputMethodService.onFinishInput():2269 
06-22 13:43:21.029   906  2487 E BufferQueueDebug: [Surface(name=2f45194 InputMethod)/@0xacc9432 - animation-leash of insets_animation#5476](this:0xb40000745608e2e0,id:-1,api:0,p:-1,c:-1) id info cannot be read from 'Surface(name=2f45194 InputMethod)/@0xacc9432 - animation-leash of insets_animation#5476'
06-22 13:43:21.029   906  2487 I BufferQueueDebug: [Surface(name=2f45194 InputMethod)/@0xacc9432 - animation-leash of insets_animation#5476](this:0xb40000745608e2e0,id:-1,api:0,p:-1,c:-1) BufferQueue core=(906:/system/bin/surfaceflinger)
06-22 13:43:21.031 23263 23263 I Module  : DeviceLockedStatusModuleProvider$Module.updateDeviceLockedStatusInternal():127 repeatCheckTimes = 0, locked = false
06-22 13:43:21.032 23263 23263 I GoogleInputMethodService: GoogleInputMethodService.onStartInput():1454 onStartInput(EditorInfo{EditorInfo{packageName=com.itsaky.androidide, inputType=0, inputTypeString=NULL, enableLearning=false, autoCorrection=false, autoComplete=false, imeOptions=0, privateImeOptions=null, actionName=UNSPECIFIED, actionLabel=null, initialSelStart=-1, initialSelEnd=-1, initialCapsMode=0, label=null, fieldId=0, fieldName=null, extras=null, hintText=null, hintLocales=[]}}, false)
06-22 13:43:21.033 23263 23263 W AndroidIME: LatinIMEBase.updateInputViewCoverNavigation():326 Null input view, cannot update padding!
06-22 13:43:21.033  1669  1735 I WindowManager: DisplayContent w: Window{6080ef7 u0 com.itsaky.androidide/com.itsaky.androidide.activities.MainActivity} Apply preferredModeId = 2
06-22 13:43:21.035 23263 23263 I Module  : DeviceLockedStatusModuleProvider$Module.updateDeviceLockedStatusInternal():127 repeatCheckTimes = 1, locked = false
06-22 13:43:21.038  1669  4050 W PackageConfigPersister: App-specific configuration not found for packageName: com.itsaky.androidide and userId: 0
06-22 13:43:21.047   906   987 E surfaceflinger: == MALI DEBUG ===eglp_winsys_populate_image_templates ==12288
06-22 13:43:21.052 13816 13816 D ActivityThread: mToDestroying.remove:ActivityRecord{78f12a2 token=android.os.BinderProxy@5d3c52f {com.itsaky.androidide/com.itsaky.androidide.activities.SplashActivity}}
06-22 13:43:21.053 13816 13816 D LeakCanary: Watching instance of androidx.lifecycle.ReportFragment (androidx.lifecycle.ReportFragment received Fragment#onDestroy() callback) with key 97dfd589-f110-4610-b97f-d68609ba9bef
06-22 13:43:21.053   906   987 E surfaceflinger: == MALI DEBUG ===eglp_winsys_populate_image_templates ==12288
06-22 13:43:21.055 13816 13816 D LeakCanary: Watching instance of com.itsaky.androidide.activities.SplashActivity (com.itsaky.androidide.activities.SplashActivity received Activity#onDestroy() callback) with key 2c5c5c0c-4ab8-4fd2-be1b-0376b75fd40e
06-22 13:43:21.057  1669  2256 D WindowManager: setParent old=Task{2d9bca6 #83 type=standard A=10455:com.itsaky.androidide},new=null,this window=ActivityRecord{4817601 u0 com.itsaky.androidide/.activities.SplashActivity t83 f}},callers=com.android.server.wm.WindowContainer.removeChild:822 com.android.server.wm.TaskFragment.removeChild:2988 com.android.server.wm.Task.removeChild:1618 com.android.server.wm.Task.removeChild:1601 com.android.server.wm.WindowContainer.removeImmediately:892 com.android.server.wm.WindowToken.removeImmediately:365 
06-22 13:43:21.073   906   987 E surfaceflinger: == MALI DEBUG ===eglp_winsys_populate_image_templates ==12288
06-22 13:43:21.078   906   906 I BufferQueueDebug: [Surface(name=2f45194 InputMethod)/@0xacc9432 - animation-leash of insets_animation#5466](this:0xb400007456063770,id:-1,api:0,p:-1,c:906) onDestructor()
06-22 13:43:21.092   906   987 E surfaceflinger: == MALI DEBUG ===eglp_winsys_populate_image_templates ==12288
06-22 13:43:21.102  1669  2256 I mtkpower_client: perf_cus_lock_hint hint:105, dur:150, pid:1669
06-22 13:43:21.103   877   920 D AppFlingMode: [CheckAppFlingHint] 105 com.itsaky.androidide -1
06-22 13:43:21.104  1669  2256 I mtkpower_client: perf_cus_lock_hint, ret_hdl:105471
06-22 13:43:21.104  1669  2256 D os.WindowManagerServiceLice: onStartActivityAsUser, isPreloadIntent =  false
06-22 13:43:21.106  1669  2256 I ActivityTaskManager: floatWindow: multiWindowId = 0
06-22 13:43:21.106  1669  2256 D AppLockLice: onActivityStarterIntercept: callingPackage = com.itsaky.androidide, aInfo.packageName:com.itsaky.androidide,mComeLockPkgList =[]
06-22 13:43:21.109  1669  2256 I ActivityTaskManager: TaskLaunchParamsModifier: pkgName = null, isMultiWindowTaskDisplayArea  = false
06-22 13:43:21.109  1669  2256 I ActivityTaskManager: TaskLaunchParamsModifier: pkgName = null
06-22 13:43:21.109  1669  2256 D ActivityTaskManager: TaskLaunchParamsModifier:task=null activity=ActivityRecord{d36773 u0 com.itsaky.androidide/.activities.editor.EditorActivityKt display-area-from-source=DefaultTaskDisplayArea@2781843 display-id=0 task-display-area-windowing-mode=1 suggested-display-area=DefaultTaskDisplayArea@2781843
06-22 13:43:21.109  1669  2256 I ActivityTaskManager: TaskLaunchParamsModifier: pkgName = null, isMultiWindowTaskDisplayArea  = false
06-22 13:43:21.109  1669  2256 I ActivityTaskManager: TaskLaunchParamsModifier: pkgName = null
06-22 13:43:21.110  1669  2256 D ActivityTaskManager: TaskLaunchParamsModifier:task=Task{2d9bca6 #83 type=standard A=10455:com.itsaky.androidide} activity=ActivityRecord{d36773 u0 com.itsaky.androidide/.activities.editor.EditorActivityKt t-1} display-area-from-source=DefaultTaskDisplayArea@2781843 display-id=0 task-display-area-windowing-mode=1 suggested-display-area=DefaultTaskDisplayArea@2781843 inherit-from-source=fullscreen non-freeform-task-display-area display-area=DefaultTaskDisplayArea@2781843 default-portrait freeform-size-mismatch=Rect(180, 440 - 540, 1160)
06-22 13:43:21.111  1669  2256 I ActivityTaskManager: needHookReparentToDefaultDisplay: sourceRecord = ActivityRecord{71c4a9 u0 com.itsaky.androidide/.activities.MainActivity t83},r = ActivityRecord{d36773 u0 com.itsaky.androidide/.activities.editor.EditorActivityKt t-1}, tda = DefaultTaskDisplayArea@2781843
06-22 13:43:21.112   906  2450 E BufferQueueDebug: [ActivityRecord{d36773 u0 com.itsaky.androidide/.activities.editor.EditorActivityKt t83}#5477](this:0xb400007456016940,id:-1,api:0,p:-1,c:-1) id info cannot be read from 'ActivityRecord{d36773 u0 com.itsaky.androidide/.activities.editor.EditorActivityKt t83}#5477'
06-22 13:43:21.112   906  2450 I BufferQueueDebug: [ActivityRecord{d36773 u0 com.itsaky.androidide/.activities.editor.EditorActivityKt t83}#5477](this:0xb400007456016940,id:-1,api:0,p:-1,c:-1) BufferQueue core=(906:/system/bin/surfaceflinger)
06-22 13:43:21.115  1669  2256 I mtkpower_client: perf_lock_rel, hdl:105471, tid:2256
06-22 13:43:21.117  1669  2256 I PowerHalWrapper: amsBoostNotify pid:13816,activity:com.itsaky.androidide.activities.MainActivity, package:com.itsaky.androidide, mProcessCreatePackcom.itsaky.androidide 
06-22 13:43:21.117  1669  2256 I PowerHalWrapper: state: 0 
06-22 13:43:21.119   877   921 I mtkpower@impl: [setMode] type:5, enabled:1
06-22 13:43:21.119  1669  2256 I mtkpower_client: [Legacy][PowerHal_Wrap_notifyAppState] com.itsaky.androidide/com.itsaky.androidide.activities.MainActivity pid=13816 state:0
06-22 13:43:21.119   877   974 I libPowerHal: [perfNotifyAppState] pack:com.itsaky.androidide, act:com.itsaky.androidide.activities.MainActivity, state:0, pid:13816, uid:10455, fps:-1
06-22 13:43:21.119   877   921 D AppFlingMode: [CheckAppFlingHint] 11 com.itsaky.androidide -1
06-22 13:43:21.120  1669  2256 I PowerHalWrapper: amsBoostNotify AMS_BOOST_PROCESS_CREATE_BOOST:true 
06-22 13:43:21.120   877   974 I libPowerHal: [setGPUFreq] LAUNCH user set gpu freq min:0, max:-1
06-22 13:43:21.120   877   974 I libPowerHal: LAUNCH: set gpu opp level max: 0
06-22 13:43:21.120   877   974 I libPowerHal: [setGPUFreq] Soft min/max = (0, 0); Hard min/max = (24, 0)
06-22 13:43:21.120   877   974 I libPowerHal: [setGPUFreq] final min/max = (0, 0)
06-22 13:43:21.120   877   974 I libPowerHal: LAUNCH: set gpu opp level: 0
06-22 13:43:21.120   877   974 I libPowerHal: LAUNCH: set gpu opp level max: 0
06-22 13:43:21.121  1669  2256 I PowerHalWrapper: <amsBoostResume> last:com.itsaky.androidide, next:com.itsaky.androidide 
06-22 13:43:21.121   877   974 I libPowerHal: [unsetGPUFreq] current min:0, max:0; scn_gpu_min:0, scn_gpu_max:-1; scn_gpu_min(HL):-1, scn_gpu_max(HL):-1
06-22 13:43:21.121   877   974 I libPowerHal: [setGPUFreq] Soft min/max = (0, 0); Hard min/max = (24, 0)
06-22 13:43:21.121   877   974 I libPowerHal: [setGPUFreq] final min/max = (0, 0)
06-22 13:43:21.121   877   974 I libPowerHal: LAUNCH: set gpu opp level: 0
06-22 13:43:21.121   877   974 I libPowerHal: LAUNCH: set gpu opp level max: 0
06-22 13:43:21.121   877   920 D AppFlingMode: [CheckAppFlingHint] 23 com.itsaky.androidide -1
06-22 13:43:21.122  1669  2256 E Transition: Trying to add a ready-group twice: Display{#0 state=ON size=720x1600 ROTATION_0}
06-22 13:43:21.122  1669  2256 I mtkpower_client: perf_cus_lock_hint hint:101, dur:1000, pid:1669
06-22 13:43:21.122  1669  2180 I Process : String at 0: 0x7de27b1801 = ProcessCapacityNormal
06-22 13:43:21.123   877   920 D AppFlingMode: [CheckAppFlingHint] 101 com.itsaky.androidide -1
06-22 13:43:21.123  1669  2180 D TranCPUBooster: [setAffinity] Pid:906 mask:6-7
06-22 13:43:21.123  1669  2180 I Process : String at 0: 0x7de27b1801 = ProcessCapacityNormal
06-22 13:43:21.123  1669  2180 D TranCPUBooster: [setAffinity] Pid:987 mask:6-7
06-22 13:43:21.124  1669  2256 I mtkpower_client: perf_cus_lock_hint, ret_hdl:105474
06-22 13:43:21.125  1669  2256 I ActivityTaskManager: START u0 {flg=0x30000000 cmp=com.itsaky.androidide/.activities.editor.EditorActivityKt (has extras)} with LAUNCH_SINGLE_TASK from uid 10455 (BAL_ALLOW_VISIBLE_WINDOW) result code=0
06-22 13:43:21.125  1669  2256 I ActivityTaskManager: Add pending draw ActivityRecord{d36773 u0 com.itsaky.androidide/.activities.editor.EditorActivityKt t83}
06-22 13:43:21.126  2065  2139 V WindowManagerShell: Transition requested: android.os.BinderProxy@c144fd5 TransitionRequestInfo { type = OPEN, triggerTask = TaskInfo{userId=0 taskId=83 displayId=0 isRunning=true baseIntent=Intent { flg=0x10000000 cmp=com.itsaky.androidide/.activities.SplashActivity } baseActivity=ComponentInfo{com.itsaky.androidide/com.itsaky.androidide.activities.MainActivity} topActivity=ComponentInfo{com.itsaky.androidide/com.itsaky.androidide.activities.editor.EditorActivityKt} origActivity=null realActivity=ComponentInfo{com.itsaky.androidide/com.itsaky.androidide.activities.SplashActivity} numActivities=2 lastActiveTime=1810433444 supportsMultiWindow=true resizeMode=2 isResizeable=true minWidth=-1 minHeight=-1 defaultMinSize=110 token=WCT{android.window.IWindowContainerToken$Stub$Proxy@8b713ea} topActivityType=1 pictureInPictureParams=null shouldDockBigOverlays=false launchIntoPipHostTaskId=-1 lastParentTaskIdBeforePip=-1 displayCutoutSafeInsets=null topActivityInfo=ActivityInfo{f00f6db com.itsaky.androidide.activities.editor.EditorActivityKt} launchCookies=[] positionInParent=Point(0, 0) parentTaskId=-1 isFocused=true isVisible=true isVisibleRequested=true isSleeping=false topActivityInSizeCompat=false topActivityEligibleForLetterboxEducation= false topActivityLetterboxed= false isFromDoubleTap= false topActivityLetterboxVerticalPosition= -1 topActivityLetterboxHorizontalPosition= -1 topActivityLetterboxWidth=-1 topActivityLetterboxHeight=-1 locusId=null displayAreaFeatureId=1 cameraCompatControlState=hidden}, remoteTransition = null, displayChange = null }
06-22 13:43:21.140 13816 13887 W ViolationHandler: [pool-8-thread-1] StrictMode violation detected
06-22 13:43:21.140 13816 13887 W ViolationHandler: android.os.strictmode.DiskReadViolation: null
06-22 13:43:21.140 13816 13887 W ViolationHandler: 	at android.os.StrictMode$AndroidBlockGuardPolicy.onReadFromDisk(StrictMode.java:1666)
06-22 13:43:21.140 13816 13887 W ViolationHandler: 	at libcore.io.BlockGuardOs.lseek(BlockGuardOs.java:242)
06-22 13:43:21.140 13816 13887 W ViolationHandler: 	at libcore.io.ForwardingOs.lseek(ForwardingOs.java:475)
06-22 13:43:21.140 13816 13887 W ViolationHandler: 	at java.io.RandomAccessFile.seek(RandomAccessFile.java:635)
06-22 13:43:21.140 13816 13887 W ViolationHandler: 	at java.util.zip.ZipFile$Source.readFullyAt(ZipFile.java:1692)
06-22 13:43:21.140 13816 13887 W ViolationHandler: 	at java.util.zip.ZipFile$Source.-$$Nest$mreadFullyAt(ZipFile.java:0)
06-22 13:43:21.140 13816 13887 W ViolationHandler: 	at java.util.zip.ZipFile$ZipFileInputStream.initDataOffset(ZipFile.java:1013)
06-22 13:43:21.140 13816 13887 W ViolationHandler: 	at java.util.zip.ZipFile$ZipFileInputStream.read(ZipFile.java:1029)
06-22 13:43:21.140 13816 13887 W ViolationHandler: 	at java.util.zip.ZipFile$ZipFileInflaterInputStream.fill(ZipFile.java:511)
06-22 13:43:21.140 13816 13887 W ViolationHandler: 	at java.util.zip.InflaterInputStream.read(InflaterInputStream.java:210)
06-22 13:43:21.140 13816 13887 W ViolationHandler: 	at java.io.FilterInputStream.read(FilterInputStream.java:133)
06-22 13:43:21.140 13816 13887 W ViolationHandler: 	at sun.nio.cs.StreamDecoder.readBytes(StreamDecoder.java:309)
06-22 13:43:21.140 13816 13887 W ViolationHandler: 	at sun.nio.cs.StreamDecoder.implRead(StreamDecoder.java:373)
06-22 13:43:21.140 13816 13887 W ViolationHandler: 	at sun.nio.cs.StreamDecoder.read(StreamDecoder.java:183)
06-22 13:43:21.140 13816 13887 W ViolationHandler: 	at java.io.InputStreamReader.read(InputStreamReader.java:177)
06-22 13:43:21.140 13816 13887 W ViolationHandler: 	at java.io.BufferedReader.fill(BufferedReader.java:172)
06-22 13:43:21.140 13816 13887 W ViolationHandler: 	at java.io.BufferedReader.readLine(BufferedReader.java:337)
06-22 13:43:21.140 13816 13887 W ViolationHandler: 	at java.io.BufferedReader.readLine(BufferedReader.java:403)
06-22 13:43:21.140 13816 13887 W ViolationHandler: 	at com.itsaky.androidide.utils.ServiceLoader.parseLine(ServiceLoader.java:250)
06-22 13:43:21.140 13816 13887 W ViolationHandler: 	at com.itsaky.androidide.utils.ServiceLoader.parse(ServiceLoader.java:308)
06-22 13:43:21.140 13816 13887 W ViolationHandler: 	at com.itsaky.androidide.utils.ServiceLoader.-$$Nest$mparse(Unknown Source:0)
06-22 13:43:21.140 13816 13887 W ViolationHandler: 	at com.itsaky.androidide.utils.ServiceLoader$LazyIterator.hasNextService(ServiceLoader.java:362)
06-22 13:43:21.140 13816 13887 W ViolationHandler: 	at com.itsaky.androidide.utils.ServiceLoader$LazyIterator.hasNext(ServiceLoader.java:402)
06-22 13:43:21.140 13816 13887 W ViolationHandler: 	at com.itsaky.androidide.utils.ServiceLoader$1.hasNext(ServiceLoader.java:478)
06-22 13:43:21.140 13816 13887 W ViolationHandler: 	at com.itsaky.androidide.utils.ServiceLoader.findFirst(ServiceLoader.java:606)
06-22 13:43:21.140 13816 13887 W ViolationHandler: 	at com.itsaky.androidide.utils.ServiceLoader.findFirstOrThrow(ServiceLoader.java:622)
06-22 13:43:21.140 13816 13887 W ViolationHandler: 	at com.itsaky.androidide.projects.IProjectManager$Companion.getInstance(IProjectManager.kt:47)
06-22 13:43:21.140 13816 13887 W ViolationHandler: 	at com.itsaky.androidide.projects.ProjectManagerImpl$Companion.getInstance(ProjectManagerImpl.kt:112)
06-22 13:43:21.140 13816 13887 W ViolationHandler: 	at com.itsaky.androidide.activities.MainActivity.openProject$app_v8Debug(MainActivity.kt:404)
06-22 13:43:21.140 13816 13887 W ViolationHandler: 	at com.itsaky.androidide.activities.MainActivity.openProject$app_v8Debug$default(MainActivity.kt:403)
