06-22 13:43:21.289  1669  1734 I DisplayDeviceRepository: Display device changed: DisplayDeviceInfo{"Built-in Screen": uniqueId="local:0", 720 x 1600, modeId 2, renderFrameRate 90.0, defaultModeId 1, supportedModes [{id=1, width=720, height=1600, fps=120.00001, alternativeRefreshRates=[60.0, 90.0], supportedHdrTypes=[]}, {id=2, width=720, height=1600, fps=90.0, alternativeRefreshRates=[60.0, 120.00001], supportedHdrTypes=[]}, {id=3, width=720, height=1600, fps=60.0, alternativeRefreshRates=[90.0, 120.00001], supportedHdrTypes=[]}], colorMode 0, supportedColorModes [0], hdrCapabilities HdrCapabilities{mSupportedHdrTypes=[], mMaxLuminance=500.0, mMaxAverageLuminance=500.0, mMinLuminance=0.0}, allmSupported false, gameContentTypeSupported false, density 320, 262.939 x 262.939 dpi, appVsyncOff 1033333, presDeadline 14100000, cutout DisplayCutout{insets=Rect(0, 80 - 0, 0) waterfall=Insets{left=0, top=0, right=0, bottom=0} boundingRect={Bounds=[Rect(0, 0 - 0, 0), Rect(312, 0 - 408, 80), Rect(0, 0 - 0, 0), Rect(0, 0 - 0, 0)]} cutoutPathParserInfo={CutoutPathParserInfo{displayWidth=720 displayHeight=1600 physicalDisplayWidth=720 physicalDisplayHeight=1600 density={2.0} cutoutSpec={M -24,0 L -24,40 L 24,40 L 24,0 Z @dp} rotation={0} scale={1.0} physicalPixelDisplaySizeRatio={1.0}}}}, touch INTERNAL, rotation 0, type INTERNAL, address {port=0}, deviceProductInfo null, state ON, committedState ON, frameRateOverride , brightnessMinimum 0.0, brightnessMaximum 1.0, brightnessDefault 0.4, hdrSdrRatio NaN, roundedCorners RoundedCorners{[RoundedCorner{position=TopLeft, radius=34, center=Point(34, 34)}, RoundedCorner{position=TopRight, radius=34, center=Point(686, 34)}, RoundedCorner{position=BottomRight, radius=34, center=Point(686, 1566)}, RoundedCorner{position=BottomLeft, radius=34, center=Point(34, 1566)}]}, FLAG_ALLOWED_TO_BE_DEFAULT_DISPLAY, FLAG_ROTATES_WITH_CONTENT, FLAG_SECURE, FLAG_SUPPORTS_PROTECTED_BUFFERS, FLAG_TRUSTED, installOrientation 0, displayShape DisplayShape{ spec=2134893525 displayWidth=720 displayHeight=1600 physicalPixelDisplaySizeRatio=1.0 rotation=0 offsetX=0 offsetY=0 scale=1.0}}
06-22 13:43:21.291  1669  1734 D Griffin/DeviceState: virtualDisplayPackageName :{}
06-22 13:43:21.292  1669  1735 I WindowManager: DisplayContent w: Window{6080ef7 u0 com.itsaky.androidide/com.itsaky.androidide.activities.MainActivity} Apply preferredModeId = 2
06-22 13:43:21.297   906   906 I BufferQueueDebug: [1a5b195 ActivityRecordInputSink com.itsaky.androidide/.activities.OnboardingActivity#5456](this:0xb40000745602d5c0,id:-1,api:0,p:-1,c:906) onDestructor()
06-22 13:43:21.297   906   906 I BufferQueueDebug: [Transition Root: ActivityRecord{71c4a9 u0 com.itsaky.androidide/.activities.MainActivity t83}#5474](this:0xb400007456046fd0,id:-1,api:0,p:-1,c:906) onDestructor()
06-22 13:43:21.362 13816 13816 D EditorBottomSheetTabAdapter: [main] Found 0 loaded plugins for tab registration
06-22 13:43:21.426 13816 13816 D PluginFragmentFactory: Using default factory for fragment: com.itsaky.androidide.fragments.sidebar.EditorSidebarFragment
06-22 13:43:21.436  1669  4050 D ActivityTaskManager: the activityRecord will setRequestedOrientation, and the requestedOrientation SCREEN_ORIENTATION_USER, this :ActivityRecord{d36773 u0 com.itsaky.androidide/.activities.editor.EditorActivityKt t83}
06-22 13:43:21.458 13816 13816 D CompatibilityChangeReporter: Compat change id reported: 270306772; UID 10455; state: DISABLED
06-22 13:43:21.460 13816 13816 D CompatibilityChangeReporter: Compat change id reported: 235355681; UID 10455; state: DISABLED
06-22 13:43:21.463  1669  1901 I serviceDiscovery: [MdnsSocketProvider] Start monitoring sockets.
06-22 13:43:21.464  1669  1901 D CompatibilityChangeReporter: Compat change id reported: 319212206; UID 1000; state: DISABLED
06-22 13:43:21.467  1669  1901 I TetheringManager: registerTetheringEventCallback caller:android
06-22 13:43:21.467  1669  1901 I serviceDiscovery: [MdnsDiscoveryManager] Registering listener for serviceType: _adb-tls-connect._tcp.local
06-22 13:43:21.470  1669  1898 D ConnectivityService: NetReassign [no changes] [c 0] [a 1] [i 2]
06-22 13:43:21.475 13816 13863 V AdbMdns : onDiscoveryStarted: _adb-tls-connect._tcp
06-22 13:43:21.477  1669  1901 I WifiService: acquireMulticastLock uid=1000 lockTag=NsdService
06-22 13:43:21.478  2232  2500 D IpClient.wlan0: set max DTIM multiplier to 1
06-22 13:43:21.480 13816 13863 V AdbMdns : onServiceFound: adb-R58N30BHCVF-8iGce5
06-22 13:43:21.480  2007  2007 I wpa_supplicant: wpa_driver_nl80211_driver_cmd: wlan0 recv cmd RXFILTER-STOP
06-22 13:43:21.481  1669  1901 I serviceDiscovery: [MdnsDiscoveryManager] Registering listener for serviceType: _adb-tls-connect._tcp.local
06-22 13:43:21.481  1669  1901 I serviceDiscovery: [MdnsDiscoveryManager] Unregistering listener for serviceType:_adb-tls-connect._tcp.local
06-22 13:43:21.481  2007  2007 I wpa_supplicant: wpa_driver_nl80211_driver_cmd: wlan0 recv cmd RXFILTER-ADD 2
06-22 13:43:21.483  2007  2007 I wpa_supplicant: wpa_driver_nl80211_driver_cmd: wlan0 recv cmd RXFILTER-START
06-22 13:43:21.485  1669  1888 D WifiStaIfaceHidlImpl: setDtimMultiplier is not implemented by HIDL
06-22 13:43:21.531 13816 13816 I IndexingServiceManager: [main] Registered indexing service: jvm-indexing-service
06-22 13:43:21.535 13816 13816 I IndexingServiceManager: [main] Registered indexing service: jvm-generated-indexing-service
06-22 13:43:21.575 13816 13816 I BaseEditorActivity: [main] Binding to Gradle build service...
06-22 13:43:21.581 13816 13816 I BaseEditorActivity: [main] Bind request for Gradle build service was successful...
06-22 13:43:21.603 13816 13816 I JavaLanguageServer: [main] Connecting to debug client: com.itsaky.androidide.lsp.IDEDebugClientImpl@eda9b2c
06-22 13:43:21.615 13816 13816 I JavaDebugAdapter: [main] Listening connector: com.sun.tools.jdi.SocketListeningConnector
06-22 13:43:21.617 13816 13816 D JavaDebugAdapter: [main] Starting JDWP listener. Arguments: timeout=0, port=0, localAddress=
06-22 13:43:21.618 13816 14034 D JavaDebugAdapter: [DefaultDispatcher-worker-11] startListening
06-22 13:43:21.618 13816 13816 D DebuggerViewModel: [main] Updating all threads
06-22 13:43:21.619 13816 14049 I IDEDebugClientImpl: [BreakpointHandler] deferring breakpoint update, no clients connected
06-22 13:43:21.625 13816 13816 D PluginEditorTabManager: [main] Loading plugin editor tabs...
06-22 13:43:21.625 13816 13816 D PluginEditorTabManager: [main] Found 0 loaded plugins
06-22 13:43:21.626 13816 13816 D PluginEditorTabManager: [main] Found 0 plugins with EditorTabExtension
06-22 13:43:21.626 13816 13816 I PluginEditorTabManager: [main] Loaded 0 plugin editor tabs total
06-22 13:43:21.626 13816 13816 D PluginEditorTabManager: [main] Registered tab IDs: []
06-22 13:43:21.626 13816 13816 D EditorHandlerActivity: No plugin tabs to load
06-22 13:43:21.635 13816 13816 D DefaultActionsRegistry: [main] ACTION_DEBUG:  Clearing all 0 actions from location 'ide.editor.toolbar'.
06-22 13:43:21.636 13816 13816 D DefaultActionsRegistry: [main] ACTION_DEBUG:  Location 'ide.editor.toolbar' is now empty.
06-22 13:43:21.637 13816 13816 D DefaultActionsRegistry: [main] ACTION_DEBUG:  Clearing all 0 actions from location 'ide.editor.fileTabs'.
06-22 13:43:21.638 13816 13816 D DefaultActionsRegistry: [main] ACTION_DEBUG:  Location 'ide.editor.fileTabs' is now empty.
06-22 13:43:21.639 13816 13816 D DefaultActionsRegistry: [main] ACTION_DEBUG:  Clearing all 0 actions from location 'ide.editor.fileTree'.
06-22 13:43:21.640 13816 13816 D DefaultActionsRegistry: [main] ACTION_DEBUG:  Location 'ide.editor.fileTree' is now empty.
06-22 13:43:21.645 13816 13816 D DefaultActionsRegistry: [main] ACTION_DEBUG:  Registering action 'ide.editor.build.quickRun' at location 'ide.editor.toolbar'. Current count: 0.
06-22 13:43:21.646 13816 13816 D DefaultActionsRegistry: [main] ACTION_DEBUG:  Location 'ide.editor.toolbar' now has 1 actions.
06-22 13:43:21.649 13816 13816 D DefaultActionsRegistry: [main] ACTION_DEBUG:  Registering action 'ide.editor.syncProject' at location 'ide.editor.toolbar'. Current count: 1.
06-22 13:43:21.649 13816 13816 D DefaultActionsRegistry: [main] ACTION_DEBUG:  Location 'ide.editor.toolbar' now has 2 actions.
06-22 13:43:21.656 13816 13816 D DefaultActionsRegistry: [main] ACTION_DEBUG:  Registering action 'ide.editor.build.debug' at location 'ide.editor.toolbar'. Current count: 2.
06-22 13:43:21.656 13816 13816 D DefaultActionsRegistry: [main] ACTION_DEBUG:  Location 'ide.editor.toolbar' now has 3 actions.
06-22 13:43:21.657 13816 13816 D DefaultActionsRegistry: [main] ACTION_DEBUG:  readhed the 3 target
06-22 13:43:21.660 13816 13816 D DefaultActionsRegistry: [main] ACTION_DEBUG:  Registering action 'ide.editor.build.runTasks' at location 'ide.editor.toolbar'. Current count: 3.
06-22 13:43:21.661 13816 13816 D DefaultActionsRegistry: [main] ACTION_DEBUG:  Location 'ide.editor.toolbar' now has 4 actions.
06-22 13:43:21.664 13816 13816 D DefaultActionsRegistry: [main] ACTION_DEBUG:  Registering action 'ide.editor.code.text.undo' at location 'ide.editor.toolbar'. Current count: 4.
06-22 13:43:21.665 13816 13816 D DefaultActionsRegistry: [main] ACTION_DEBUG:  Location 'ide.editor.toolbar' now has 5 actions.
06-22 13:43:21.667 13816 13816 D DefaultActionsRegistry: [main] ACTION_DEBUG:  Registering action 'ide.editor.code.text.redo' at location 'ide.editor.toolbar'. Current count: 5.
06-22 13:43:21.668 13816 13816 D DefaultActionsRegistry: [main] ACTION_DEBUG:  Location 'ide.editor.toolbar' now has 6 actions.
06-22 13:43:21.672 13816 13816 D DefaultActionsRegistry: [main] ACTION_DEBUG:  Registering action 'ide.editor.files.saveAll' at location 'ide.editor.toolbar'. Current count: 6.
06-22 13:43:21.672 13816 13816 D DefaultActionsRegistry: [main] ACTION_DEBUG:  Location 'ide.editor.toolbar' now has 7 actions.
06-22 13:43:21.681 13816 13816 D DefaultActionsRegistry: [main] ACTION_DEBUG:  Registering action 'ide.editor.previewLayout' at location 'ide.editor.toolbar'. Current count: 7.
06-22 13:43:21.682 13816 13816 D DefaultActionsRegistry: [main] ACTION_DEBUG:  Location 'ide.editor.toolbar' now has 8 actions.
06-22 13:43:21.684 13816 13816 D DefaultActionsRegistry: [main] ACTION_DEBUG:  Registering action 'ide.editor.find' at location 'ide.editor.toolbar'. Current count: 8.
06-22 13:43:21.685 13816 13816 D DefaultActionsRegistry: [main] ACTION_DEBUG:  Location 'ide.editor.toolbar' now has 9 actions.
06-22 13:43:21.688 13816 13816 D DefaultActionsRegistry: [main] ACTION_DEBUG:  Registering action 'ide.editor.find.inFile' at location 'ide.editor.toolbar.find.menu'. Current count: 0.
06-22 13:43:21.689 13816 13816 D DefaultActionsRegistry: [main] ACTION_DEBUG:  Location 'ide.editor.toolbar.find.menu' now has 1 actions.
06-22 13:43:21.691 13816 13816 D DefaultActionsRegistry: [main] ACTION_DEBUG:  Registering action 'ide.editor.find.inProject' at location 'ide.editor.toolbar.find.menu'. Current count: 1.
06-22 13:43:21.692 13816 13816 D DefaultActionsRegistry: [main] ACTION_DEBUG:  Location 'ide.editor.toolbar.find.menu' now has 2 actions.
06-22 13:43:21.694 13816 13816 D DefaultActionsRegistry: [main] ACTION_DEBUG:  Registering action 'ide.editor.launchInstalledApp' at location 'ide.editor.toolbar'. Current count: 9.
06-22 13:43:21.694 13816 13816 D DefaultActionsRegistry: [main] ACTION_DEBUG:  Location 'ide.editor.toolbar' now has 10 actions.
06-22 13:43:21.695 13816 13816 D DefaultActionsRegistry: [main] ACTION_DEBUG:  Registering action 'ide.editor.service.logreceiver.disconnectSenders' at location 'ide.editor.toolbar'. Current count: 10.
06-22 13:43:21.696 13816 13816 D DefaultActionsRegistry: [main] ACTION_DEBUG:  Location 'ide.editor.toolbar' now has 11 actions.
06-22 13:43:21.698 13816 13816 D DefaultActionsRegistry: [main] ACTION_DEBUG:  Registering action 'ide.editor.code.actions.expandSelection' at location 'ide.editor.textActions'. Current count: 1.
06-22 13:43:21.698 13816 13816 D DefaultActionsRegistry: [main] ACTION_DEBUG:  Location 'ide.editor.textActions' now has 2 actions.
06-22 13:43:21.700 13816 13816 D DefaultActionsRegistry: [main] ACTION_DEBUG:  Registering action 'ide.editor.code.text.selectAll' at location 'ide.editor.textActions'. Current count: 2.
06-22 13:43:21.700 13816 13816 D DefaultActionsRegistry: [main] ACTION_DEBUG:  Location 'ide.editor.textActions' now has 3 actions.
06-22 13:43:21.701 13816 13816 D DefaultActionsRegistry: [main] ACTION_DEBUG:  readhed the 3 target
06-22 13:43:21.702 13816 13816 D DefaultActionsRegistry: [main] ACTION_DEBUG:  Registering action 'ide.editor.code.text.longSelect' at location 'ide.editor.textActions'. Current count: 3.
06-22 13:43:21.703 13816 13816 D DefaultActionsRegistry: [main] ACTION_DEBUG:  Location 'ide.editor.textActions' now has 4 actions.
06-22 13:43:21.704 13816 13816 D DefaultActionsRegistry: [main] ACTION_DEBUG:  Registering action 'ide.editor.code.text.cut' at location 'ide.editor.textActions'. Current count: 4.
06-22 13:43:21.704 13816 13816 D DefaultActionsRegistry: [main] ACTION_DEBUG:  Location 'ide.editor.textActions' now has 5 actions.
06-22 13:43:21.705 13816 13816 D DefaultActionsRegistry: [main] ACTION_DEBUG:  Registering action 'ide.editor.code.text.copy' at location 'ide.editor.textActions'. Current count: 5.
06-22 13:43:21.705 13816 13816 D DefaultActionsRegistry: [main] ACTION_DEBUG:  Location 'ide.editor.textActions' now has 6 actions.
06-22 13:43:21.707 13816 13816 D DefaultActionsRegistry: [main] ACTION_DEBUG:  Registering action 'ide.editor.agent.text.explain_selection' at location 'ide.editor.textActions'. Current count: 6.
06-22 13:43:21.708 13816 13816 D DefaultActionsRegistry: [main] ACTION_DEBUG:  Location 'ide.editor.textActions' now has 7 actions.
06-22 13:43:21.709 13816 13816 D DefaultActionsRegistry: [main] ACTION_DEBUG:  Registering action 'ide.editor.code.text.paste' at location 'ide.editor.textActions'. Current count: 7.
06-22 13:43:21.709 13816 13816 D DefaultActionsRegistry: [main] ACTION_DEBUG:  Location 'ide.editor.textActions' now has 8 actions.
06-22 13:43:21.710 13816 13816 D DefaultActionsRegistry: [main] ACTION_DEBUG:  Registering action 'ide.editor.code.text.format' at location 'ide.editor.textActions'. Current count: 8.
06-22 13:43:21.711 13816 13816 D DefaultActionsRegistry: [main] ACTION_DEBUG:  Location 'ide.editor.textActions' now has 9 actions.
06-22 13:43:21.712 13816 13816 D DefaultActionsRegistry: [main] ACTION_DEBUG:  Registering action 'ide.editor.code.text.show_tooltip' at location 'ide.editor.textActions'. Current count: 9.
06-22 13:43:21.712 13816 13816 D DefaultActionsRegistry: [main] ACTION_DEBUG:  Location 'ide.editor.textActions' now has 10 actions.
06-22 13:43:21.714 13816 13816 D DefaultActionsRegistry: [main] ACTION_DEBUG:  Registering action 'ide.editor.fileTab.close.current' at location 'ide.editor.fileTabs'. Current count: 0.
06-22 13:43:21.714 13816 13816 D DefaultActionsRegistry: [main] ACTION_DEBUG:  Location 'ide.editor.fileTabs' now has 1 actions.
06-22 13:43:21.715 13816 13816 D DefaultActionsRegistry: [main] ACTION_DEBUG:  Registering action 'ide.editor.fileTab.close.others' at location 'ide.editor.fileTabs'. Current count: 1.
06-22 13:43:21.716 13816 13816 D DefaultActionsRegistry: [main] ACTION_DEBUG:  Location 'ide.editor.fileTabs' now has 2 actions.
06-22 13:43:21.717 13816 13816 D DefaultActionsRegistry: [main] ACTION_DEBUG:  Registering action 'ide.editor.fileTab.close.all' at location 'ide.editor.fileTabs'. Current count: 2.
06-22 13:43:21.717 13816 13816 D DefaultActionsRegistry: [main] ACTION_DEBUG:  Location 'ide.editor.fileTabs' now has 3 actions.
06-22 13:43:21.718 13816 13816 D DefaultActionsRegistry: [main] ACTION_DEBUG:  readhed the 3 target
06-22 13:43:21.718 13816 13816 D DefaultActionsRegistry: [main] ACTION_DEBUG:  Registering action 'ide.editor.fileTab.install' at location 'ide.editor.fileTabs'. Current count: 3.
06-22 13:43:21.719 13816 13816 D DefaultActionsRegistry: [main] ACTION_DEBUG:  Location 'ide.editor.fileTabs' now has 4 actions.
06-22 13:43:21.721 13816 13816 D DefaultActionsRegistry: [main] ACTION_DEBUG:  Registering action 'ide.editor.fileTree.copyPath' at location 'ide.editor.fileTree'. Current count: 0.
06-22 13:43:21.721 13816 13816 D DefaultActionsRegistry: [main] ACTION_DEBUG:  Location 'ide.editor.fileTree' now has 1 actions.
06-22 13:43:21.722 13816 13816 D DefaultActionsRegistry: [main] ACTION_DEBUG:  Registering action 'ide.editor.fileTree.delete' at location 'ide.editor.fileTree'. Current count: 1.
06-22 13:43:21.723 13816 13816 D DefaultActionsRegistry: [main] ACTION_DEBUG:  Location 'ide.editor.fileTree' now has 2 actions.
06-22 13:43:21.727 13816 13816 D DefaultActionsRegistry: [main] ACTION_DEBUG:  Registering action 'ide.editor.fileTree.newFile' at location 'ide.editor.fileTree'. Current count: 2.
06-22 13:43:21.727 13816 13816 D DefaultActionsRegistry: [main] ACTION_DEBUG:  Location 'ide.editor.fileTree' now has 3 actions.
06-22 13:43:21.727 13816 13816 D DefaultActionsRegistry: [main] ACTION_DEBUG:  readhed the 3 target
06-22 13:43:21.729 13816 13816 D DefaultActionsRegistry: [main] ACTION_DEBUG:  Registering action 'ide.editor.fileTree.newFolder' at location 'ide.editor.fileTree'. Current count: 3.
06-22 13:43:21.729 13816 13816 D DefaultActionsRegistry: [main] ACTION_DEBUG:  Location 'ide.editor.fileTree' now has 4 actions.
06-22 13:43:21.731 13816 13816 D DefaultActionsRegistry: [main] ACTION_DEBUG:  Registering action 'ide.editor.fileTree.openWith' at location 'ide.editor.fileTree'. Current count: 4.
06-22 13:43:21.731 13816 13816 D DefaultActionsRegistry: [main] ACTION_DEBUG:  Location 'ide.editor.fileTree' now has 5 actions.
06-22 13:43:21.733 13816 13816 D DefaultActionsRegistry: [main] ACTION_DEBUG:  Registering action 'ide.editor.fileTree.rename' at location 'ide.editor.fileTree'. Current count: 5.
06-22 13:43:21.734 13816 13816 D DefaultActionsRegistry: [main] ACTION_DEBUG:  Location 'ide.editor.fileTree' now has 6 actions.
06-22 13:43:21.735 13816 13816 D DefaultActionsRegistry: [main] ACTION_DEBUG:  Registering action 'ide.editor.fileTree.help' at location 'ide.editor.fileTree'. Current count: 6.
06-22 13:43:21.736 13816 13816 D DefaultActionsRegistry: [main] ACTION_DEBUG:  Location 'ide.editor.fileTree' now has 7 actions.
06-22 13:43:21.742 13816 13816 D DefaultActionsRegistry: [main] ACTION_DEBUG:  Registering action 'ide.editor.sidebar.fileTree' at location 'ide.editor.sidebar'. Current count: 0.
06-22 13:43:21.743 13816 13816 D DefaultActionsRegistry: [main] ACTION_DEBUG:  Location 'ide.editor.sidebar' now has 1 actions.
06-22 13:43:21.745 13816 13816 D DefaultActionsRegistry: [main] ACTION_DEBUG:  Registering action 'ide.editor.sidebar.buildVariants' at location 'ide.editor.sidebar'. Current count: 1.
06-22 13:43:21.745 13816 13816 D DefaultActionsRegistry: [main] ACTION_DEBUG:  Location 'ide.editor.sidebar' now has 2 actions.
06-22 13:43:21.746 13816 13816 D DefaultActionsRegistry: [main] ACTION_DEBUG:  Registering action 'ide.editor.sidebar.terminal' at location 'ide.editor.sidebar'. Current count: 2.
06-22 13:43:21.746 13816 13816 D DefaultActionsRegistry: [main] ACTION_DEBUG:  Location 'ide.editor.sidebar' now has 3 actions.
06-22 13:43:21.747 13816 13816 D DefaultActionsRegistry: [main] ACTION_DEBUG:  readhed the 3 target
06-22 13:43:21.747 13816 13816 D DefaultActionsRegistry: [main] ACTION_DEBUG:  Registering action 'ide.editor.sidebar.preferences' at location 'ide.editor.sidebar'. Current count: 3.
06-22 13:43:21.748 13816 13816 D DefaultActionsRegistry: [main] ACTION_DEBUG:  Location 'ide.editor.sidebar' now has 4 actions.
06-22 13:43:21.749 13816 13816 D DefaultActionsRegistry: [main] ACTION_DEBUG:  Registering action 'ide.editor.sidebar.closeProject' at location 'ide.editor.sidebar'. Current count: 4.
06-22 13:43:21.749 13816 13816 D DefaultActionsRegistry: [main] ACTION_DEBUG:  Location 'ide.editor.sidebar' now has 5 actions.
06-22 13:43:21.750 13816 13816 D DefaultActionsRegistry: [main] ACTION_DEBUG:  Registering action 'ide.editor.sidebar.help' at location 'ide.editor.sidebar'. Current count: 5.
06-22 13:43:21.750 13816 13816 D DefaultActionsRegistry: [main] ACTION_DEBUG:  Location 'ide.editor.sidebar' now has 6 actions.
06-22 13:43:21.751 13816 13816 D EventBus: No subscribers registered for event class com.itsaky.androidide.eventbus.events.editor.OnCreateEvent
06-22 13:43:21.751 13816 13816 D EventBus: No subscribers registered for event class org.greenrobot.eventbus.NoSubscriberEvent
06-22 13:43:21.756 13816 13816 D BaseEditorActivity: [main] onDebuggerConnectionStateChanged: DETACHED
06-22 13:43:21.761 13816 13816 D PluginFragmentFactory: Using default factory for fragment: androidx.navigation.fragment.NavHostFragment
06-22 13:43:21.933  2347  2347 E MtkPhoneIntfMgrEx: MainThreadHandler.handleMessage : 3
06-22 13:43:21.933  2347  2347 D MtkPhoneIntfMgrEx: EVENT_AT_URC_IND(0) AT(prefix): +ECSQ
06-22 13:43:21.934  2343  2415 D TRNS_PluginBase: EVENT_AT_COMMAND_URC: [0, +ECSQ: 48,25,1,-291,-48,1,1,4,32767,5]
06-22 13:43:21.935  2347  2347 D TranSignalStrengthComponentImpl: [WCDMA] dbm: -72
06-22 13:43:21.935  2347  2347 D TranSignalStrengthComponentImpl: [WCDMA] dbm: -72
06-22 13:43:21.935  1669  1766 D TranSignalStrengthComponentImpl: [WCDMA] dbm: -72
06-22 13:43:21.937  1669  1766 D TranSignalStrengthComponentImpl: [WCDMA] dbm: -72
06-22 13:43:21.964 13816 13816 D PluginFragmentFactory: Using default factory for fragment: com.itsaky.androidide.fragments.sidebar.FileTreeFragment
06-22 13:43:21.994 13816 13816 D EventBus: No subscribers registered for event class com.itsaky.androidide.eventbus.events.editor.OnStartEvent
06-22 13:43:21.994 13816 13816 D EventBus: No subscribers registered for event class org.greenrobot.eventbus.NoSubscriberEvent
06-22 13:43:21.996 13816 14046 D BootClasspathProvider: [ForkJoinPool.commonPool-worker-4] Indexing boot classpath: /data/data/com.itsaky.androidide/files/home/android-sdk/platforms/android-36/android.jar
06-22 13:43:21.998 13816 13816 D BaseEditorActivity: [main] updateSheetState: SheetState(sheetState=4, currentTab=0)
06-22 13:43:22.000 13816 13816 D BaseEditorActivity: [main] onBuildStatusChanged: isInitializing: false, isBuildInProgress: false
06-22 13:43:22.000 13816 14046 D StopWatch: [ForkJoinPool.commonPool-worker-4] Indexing 1 bootclasspaths completed in 4ms
06-22 13:43:22.001 13816 13816 D BaseEditorActivity: [main] onBuildStatusChanged: isInitializing: false, isBuildInProgress: false
06-22 13:43:22.015 13816 13816 D BaseEditorActivity: [main] onBuildStatusChanged: isInitializing: false, isBuildInProgress: false
06-22 13:43:22.021 13816 13816 D IDEApplication: [main] foregroundActivity = class com.itsaky.androidide.activities.editor.EditorActivityKt
06-22 13:43:22.027 13816 13816 D BaseEditorActivity: [main] onBuildStatusChanged: isInitializing: false, isBuildInProgress: false
06-22 13:43:22.028 13816 13816 D BaseEditorActivity: [main] onBuildStatusChanged: isInitializing: false, isBuildInProgress: false
06-22 13:43:22.036 13816 13816 D DefaultActionsRegistry: [main] ACTION_DEBUG:  Clearing all 11 actions from location 'ide.editor.toolbar'.
06-22 13:43:22.044 13816 13816 D DefaultActionsRegistry: [main] ACTION_DEBUG:  Location 'ide.editor.toolbar' is now empty.
06-22 13:43:22.045 13816 13816 D DefaultActionsRegistry: [main] ACTION_DEBUG:  Clearing all 4 actions from location 'ide.editor.fileTabs'.
06-22 13:43:22.048 13816 13816 D DefaultActionsRegistry: [main] ACTION_DEBUG:  Location 'ide.editor.fileTabs' is now empty.
06-22 13:43:22.049 13816 13816 D DefaultActionsRegistry: [main] ACTION_DEBUG:  Clearing all 7 actions from location 'ide.editor.fileTree'.
06-22 13:43:22.053 13816 13816 D DefaultActionsRegistry: [main] ACTION_DEBUG:  Location 'ide.editor.fileTree' is now empty.
06-22 13:43:22.055 13816 13816 D DefaultActionsRegistry: [main] ACTION_DEBUG:  Registering action 'ide.editor.build.quickRun' at location 'ide.editor.toolbar'. Current count: 0.
06-22 13:43:22.056 13816 13816 D DefaultActionsRegistry: [main] ACTION_DEBUG:  Location 'ide.editor.toolbar' now has 1 actions.
06-22 13:43:22.057 13816 13816 D DefaultActionsRegistry: [main] ACTION_DEBUG:  Registering action 'ide.editor.syncProject' at location 'ide.editor.toolbar'. Current count: 1.
06-22 13:43:22.058 13816 13816 D DefaultActionsRegistry: [main] ACTION_DEBUG:  Location 'ide.editor.toolbar' now has 2 actions.
06-22 13:43:22.059 13816 13816 D DefaultActionsRegistry: [main] ACTION_DEBUG:  Registering action 'ide.editor.build.debug' at location 'ide.editor.toolbar'. Current count: 2.
06-22 13:43:22.060 13816 13816 D DefaultActionsRegistry: [main] ACTION_DEBUG:  Location 'ide.editor.toolbar' now has 3 actions.
06-22 13:43:22.060 13816 13816 D DefaultActionsRegistry: [main] ACTION_DEBUG:  readhed the 3 target
06-22 13:43:22.061 13816 13816 D DefaultActionsRegistry: [main] ACTION_DEBUG:  Registering action 'ide.editor.build.runTasks' at location 'ide.editor.toolbar'. Current count: 3.
06-22 13:43:22.062 13816 13816 D DefaultActionsRegistry: [main] ACTION_DEBUG:  Location 'ide.editor.toolbar' now has 4 actions.
06-22 13:43:22.063 13816 13816 D DefaultActionsRegistry: [main] ACTION_DEBUG:  Registering action 'ide.editor.code.text.undo' at location 'ide.editor.toolbar'. Current count: 4.
06-22 13:43:22.064 13816 13816 D DefaultActionsRegistry: [main] ACTION_DEBUG:  Location 'ide.editor.toolbar' now has 5 actions.
06-22 13:43:22.065 13816 13816 D DefaultActionsRegistry: [main] ACTION_DEBUG:  Registering action 'ide.editor.code.text.redo' at location 'ide.editor.toolbar'. Current count: 5.
06-22 13:43:22.066 13816 13816 D DefaultActionsRegistry: [main] ACTION_DEBUG:  Location 'ide.editor.toolbar' now has 6 actions.
06-22 13:43:22.068 13816 13816 D DefaultActionsRegistry: [main] ACTION_DEBUG:  Registering action 'ide.editor.files.saveAll' at location 'ide.editor.toolbar'. Current count: 6.
06-22 13:43:22.069 13816 13816 D DefaultActionsRegistry: [main] ACTION_DEBUG:  Location 'ide.editor.toolbar' now has 7 actions.
06-22 13:43:22.070 13816 13816 D DefaultActionsRegistry: [main] ACTION_DEBUG:  Registering action 'ide.editor.previewLayout' at location 'ide.editor.toolbar'. Current count: 7.
06-22 13:43:22.071 13816 13816 D DefaultActionsRegistry: [main] ACTION_DEBUG:  Location 'ide.editor.toolbar' now has 8 actions.
06-22 13:43:22.073 13816 13816 D DefaultActionsRegistry: [main] ACTION_DEBUG:  Registering action 'ide.editor.find' at location 'ide.editor.toolbar'. Current count: 8.
06-22 13:43:22.074 13816 13816 D DefaultActionsRegistry: [main] ACTION_DEBUG:  Location 'ide.editor.toolbar' now has 9 actions.
06-22 13:43:22.076 13816 13816 D DefaultActionsRegistry: [main] ACTION_DEBUG:  Updating action 'ide.editor.find.inFile' at location 'ide.editor.toolbar.find.menu'. Current count: 2.
06-22 13:43:22.076 13816 13816 D DefaultActionsRegistry: [main] ACTION_DEBUG:  Location 'ide.editor.toolbar.find.menu' now has 2 actions.
06-22 13:43:22.078 13816 13816 D DefaultActionsRegistry: [main] ACTION_DEBUG:  Updating action 'ide.editor.find.inProject' at location 'ide.editor.toolbar.find.menu'. Current count: 2.
06-22 13:43:22.079 13816 13816 D DefaultActionsRegistry: [main] ACTION_DEBUG:  Location 'ide.editor.toolbar.find.menu' now has 2 actions.
06-22 13:43:22.080 13816 13816 D DefaultActionsRegistry: [main] ACTION_DEBUG:  Registering action 'ide.editor.launchInstalledApp' at location 'ide.editor.toolbar'. Current count: 9.
06-22 13:43:22.080 13816 13816 D DefaultActionsRegistry: [main] ACTION_DEBUG:  Location 'ide.editor.toolbar' now has 10 actions.
06-22 13:43:22.081 13816 13816 D DefaultActionsRegistry: [main] ACTION_DEBUG:  Registering action 'ide.editor.service.logreceiver.disconnectSenders' at location 'ide.editor.toolbar'. Current count: 10.
06-22 13:43:22.082 13816 13816 D DefaultActionsRegistry: [main] ACTION_DEBUG:  Location 'ide.editor.toolbar' now has 11 actions.
06-22 13:43:22.083 13816 13816 D DefaultActionsRegistry: [main] ACTION_DEBUG:  Updating action 'ide.editor.code.actions.expandSelection' at location 'ide.editor.textActions'. Current count: 10.
06-22 13:43:22.084 13816 13816 D DefaultActionsRegistry: [main] ACTION_DEBUG:  Location 'ide.editor.textActions' now has 10 actions.
06-22 13:43:22.085 13816 13816 D DefaultActionsRegistry: [main] ACTION_DEBUG:  Updating action 'ide.editor.code.text.selectAll' at location 'ide.editor.textActions'. Current count: 10.
06-22 13:43:22.086 13816 13816 D DefaultActionsRegistry: [main] ACTION_DEBUG:  Location 'ide.editor.textActions' now has 10 actions.
06-22 13:43:22.087 13816 13816 D DefaultActionsRegistry: [main] ACTION_DEBUG:  Updating action 'ide.editor.code.text.longSelect' at location 'ide.editor.textActions'. Current count: 10.
06-22 13:43:22.088 13816 13816 D DefaultActionsRegistry: [main] ACTION_DEBUG:  Location 'ide.editor.textActions' now has 10 actions.
06-22 13:43:22.088 13816 13816 D DefaultActionsRegistry: [main] ACTION_DEBUG:  Updating action 'ide.editor.code.text.cut' at location 'ide.editor.textActions'. Current count: 10.
06-22 13:43:22.089 13816 13816 D DefaultActionsRegistry: [main] ACTION_DEBUG:  Location 'ide.editor.textActions' now has 10 actions.
06-22 13:43:22.089 13816 13816 D DefaultActionsRegistry: [main] ACTION_DEBUG:  Updating action 'ide.editor.code.text.copy' at location 'ide.editor.textActions'. Current count: 10.
06-22 13:43:22.089 13816 13816 D DefaultActionsRegistry: [main] ACTION_DEBUG:  Location 'ide.editor.textActions' now has 10 actions.
06-22 13:43:22.090 13816 13816 D DefaultActionsRegistry: [main] ACTION_DEBUG:  Updating action 'ide.editor.agent.text.explain_selection' at location 'ide.editor.textActions'. Current count: 10.
06-22 13:43:22.090 13816 13816 D DefaultActionsRegistry: [main] ACTION_DEBUG:  Location 'ide.editor.textActions' now has 10 actions.
06-22 13:43:22.091 13816 13816 D DefaultActionsRegistry: [main] ACTION_DEBUG:  Updating action 'ide.editor.code.text.paste' at location 'ide.editor.textActions'. Current count: 10.
06-22 13:43:22.091 13816 13816 D DefaultActionsRegistry: [main] ACTION_DEBUG:  Location 'ide.editor.textActions' now has 10 actions.
06-22 13:43:22.092 13816 13816 D DefaultActionsRegistry: [main] ACTION_DEBUG:  Updating action 'ide.editor.code.text.format' at location 'ide.editor.textActions'. Current count: 10.
06-22 13:43:22.092 13816 13816 D DefaultActionsRegistry: [main] ACTION_DEBUG:  Location 'ide.editor.textActions' now has 10 actions.
06-22 13:43:22.094 13816 13816 D DefaultActionsRegistry: [main] ACTION_DEBUG:  Updating action 'ide.editor.code.text.show_tooltip' at location 'ide.editor.textActions'. Current count: 10.
06-22 13:43:22.094 13816 13816 D DefaultActionsRegistry: [main] ACTION_DEBUG:  Location 'ide.editor.textActions' now has 10 actions.
06-22 13:43:22.095 13816 13816 D DefaultActionsRegistry: [main] ACTION_DEBUG:  Registering action 'ide.editor.fileTab.close.current' at location 'ide.editor.fileTabs'. Current count: 0.
06-22 13:43:22.096 13816 13816 D DefaultActionsRegistry: [main] ACTION_DEBUG:  Location 'ide.editor.fileTabs' now has 1 actions.
06-22 13:43:22.097 13816 13816 D DefaultActionsRegistry: [main] ACTION_DEBUG:  Registering action 'ide.editor.fileTab.close.others' at location 'ide.editor.fileTabs'. Current count: 1.
06-22 13:43:22.098 13816 13816 D DefaultActionsRegistry: [main] ACTION_DEBUG:  Location 'ide.editor.fileTabs' now has 2 actions.
06-22 13:43:22.099 13816 13816 D DefaultActionsRegistry: [main] ACTION_DEBUG:  Registering action 'ide.editor.fileTab.close.all' at location 'ide.editor.fileTabs'. Current count: 2.
06-22 13:43:22.100 13816 13816 D DefaultActionsRegistry: [main] ACTION_DEBUG:  Location 'ide.editor.fileTabs' now has 3 actions.
06-22 13:43:22.100 13816 13816 D DefaultActionsRegistry: [main] ACTION_DEBUG:  readhed the 3 target
06-22 13:43:22.101 13816 13816 D DefaultActionsRegistry: [main] ACTION_DEBUG:  Registering action 'ide.editor.fileTab.install' at location 'ide.editor.fileTabs'. Current count: 3.
06-22 13:43:22.101 13816 13816 D DefaultActionsRegistry: [main] ACTION_DEBUG:  Location 'ide.editor.fileTabs' now has 4 actions.
06-22 13:43:22.101 13816 13816 D DefaultActionsRegistry: [main] ACTION_DEBUG:  Registering action 'ide.editor.fileTree.copyPath' at location 'ide.editor.fileTree'. Current count: 0.
06-22 13:43:22.101 13816 13816 D DefaultActionsRegistry: [main] ACTION_DEBUG:  Location 'ide.editor.fileTree' now has 1 actions.
06-22 13:43:22.103 13816 13816 D DefaultActionsRegistry: [main] ACTION_DEBUG:  Registering action 'ide.editor.fileTree.delete' at location 'ide.editor.fileTree'. Current count: 1.
06-22 13:43:22.103 13816 13816 D DefaultActionsRegistry: [main] ACTION_DEBUG:  Location 'ide.editor.fileTree' now has 2 actions.
06-22 13:43:22.104 13816 13816 D DefaultActionsRegistry: [main] ACTION_DEBUG:  Registering action 'ide.editor.fileTree.newFile' at location 'ide.editor.fileTree'. Current count: 2.
06-22 13:43:22.104 13816 13816 D DefaultActionsRegistry: [main] ACTION_DEBUG:  Location 'ide.editor.fileTree' now has 3 actions.
06-22 13:43:22.104 13816 13816 D DefaultActionsRegistry: [main] ACTION_DEBUG:  readhed the 3 target
06-22 13:43:22.105 13816 13816 D DefaultActionsRegistry: [main] ACTION_DEBUG:  Registering action 'ide.editor.fileTree.newFolder' at location 'ide.editor.fileTree'. Current count: 3.
06-22 13:43:22.105 13816 13816 D DefaultActionsRegistry: [main] ACTION_DEBUG:  Location 'ide.editor.fileTree' now has 4 actions.
06-22 13:43:22.106 13816 13816 D DefaultActionsRegistry: [main] ACTION_DEBUG:  Registering action 'ide.editor.fileTree.openWith' at location 'ide.editor.fileTree'. Current count: 4.
06-22 13:43:22.106 13816 13816 D DefaultActionsRegistry: [main] ACTION_DEBUG:  Location 'ide.editor.fileTree' now has 5 actions.
06-22 13:43:22.107 13816 13816 D DefaultActionsRegistry: [main] ACTION_DEBUG:  Registering action 'ide.editor.fileTree.rename' at location 'ide.editor.fileTree'. Current count: 5.
06-22 13:43:22.107 13816 13816 D DefaultActionsRegistry: [main] ACTION_DEBUG:  Location 'ide.editor.fileTree' now has 6 actions.
06-22 13:43:22.108 13816 13816 D DefaultActionsRegistry: [main] ACTION_DEBUG:  Registering action 'ide.editor.fileTree.help' at location 'ide.editor.fileTree'. Current count: 6.
06-22 13:43:22.108 13816 13816 D DefaultActionsRegistry: [main] ACTION_DEBUG:  Location 'ide.editor.fileTree' now has 7 actions.
06-22 13:43:22.108 13816 13816 D EventBus: No subscribers registered for event class com.itsaky.androidide.eventbus.events.editor.OnResumeEvent
06-22 13:43:22.108 13816 13816 D EventBus: No subscribers registered for event class org.greenrobot.eventbus.NoSubscriberEvent
06-22 13:43:22.109 13816 13816 I TranViewScrollBoost: TRAN_SCROLL_BOOST_SUPPORT in APP, not includeInWhiteList
06-22 13:43:22.110   906  2450 D SurfaceFlinger: [SF client] NEW(0xb400007545ed61e0) for (13816:com.itsaky.androidide)
06-22 13:43:22.113 13816 13816 D VRI[EditorActivityKt]: hardware acceleration = true, forceHwAccelerated = false
06-22 13:43:22.113 13816 13816 D VRInsetsControllerHost: setSystemBarsAppearance appearance:24 com.itsaky.androidide/com.itsaky.androidide.activities.editor.EditorActivityKt
06-22 13:43:22.113 13816 13816 I config_debug: updateDecorCaptionStatus: {1.0 ?mcc0mnc [en_US,es_US] ldltr sw360dp w360dp h720dp 320dpi nrml long port finger -keyb/v/h -nav/h winConfig={ mBounds=Rect(0, 0 - 720, 1600) mAppBounds=Rect(0, 80 - 720, 1520) mMaxBounds=Rect(0, 0 - 720, 1600) mDisplayRotation=ROTATION_0 mWindowingMode=fullscreen mDisplayWindowingMode=fullscreen mMultiWindowMode=normal mMultiWindowId=0 mWindowResiable=6 mInLargeScreen=-1 mActivityType=standard mAlwaysOnTop=undefined mRotation=ROTATION_0 mUiOptSpec=-1 mCurDisplayId=-1} as.2 s.1 fontWeightAdjustment=0} fromMultiWindow: false
06-22 13:43:22.113 13816 13816 D ViewRootImpl: setView appearance:24 com.itsaky.androidide/com.itsaky.androidide.activities.editor.EditorActivityKt
06-22 13:43:22.116   906  2450 E BufferQueueDebug: [79527e0 com.itsaky.androidide/com.itsaky.androidide.activities.editor.EditorActivityKt#5478](this:0xb400007456063770,id:-1,api:0,p:-1,c:-1) id info cannot be read from '79527e0 com.itsaky.androidide/com.itsaky.androidide.activities.editor.EditorActivityKt#5478'
06-22 13:43:22.116   906  2450 I BufferQueueDebug: [79527e0 com.itsaky.androidide/com.itsaky.androidide.activities.editor.EditorActivityKt#5478](this:0xb400007456063770,id:-1,api:0,p:-1,c:-1) BufferQueue core=(906:/system/bin/surfaceflinger)
06-22 13:43:22.116   858  1214 I hwcomposer: [DRMDEV] (0) failed to waitNextVsync: -1  
06-22 13:43:22.120 13816 13816 D InputTransport: Create ARC handle: 0x7d0aa40db0
06-22 13:43:22.120 13816 13816 D InputEventReceiver: Input log is disabled in InputEventReceiver.
06-22 13:43:22.120 13816 13816 D InputTransport: Input log is disabled in InputChannel.
06-22 13:43:22.120   858   979 I hwcomposer: [HWCDisplay] [Display_0 (type:1)] fps:26.738811,dur:1570.75,max:821.87,min:9.59  
06-22 13:43:22.122  1669  2256 I TranThermalBacklightCtrl: cur package [com.itsaky.androidide] is in TemperatureControlWhitelist
06-22 13:43:22.122  1669  2256 I TranThermalBacklightCtrl: mParamAPTempHigh[0]=40.0, mParamAPTempLow[0]=38.0, mParamBrightnessMax[0]=0.9, mParamLuxLimit[0]=2000.0
06-22 13:43:22.122  1669  2256 I TranThermalBacklightCtrl: mParamAPTempHigh[1]=47.0, mParamAPTempLow[1]=45.0, mParamBrightnessMax[1]=0.65, mParamLuxLimit[1]=2000.0
06-22 13:43:22.123 13816 13816 I Choreographer: Skipped 86 frames!  The application may be doing too much work on its main thread.
06-22 13:43:22.123 13816 13816 E TranChoreographerImpl: skippedFrames: 86
06-22 13:43:22.124  1669  2256 I TranTrancareAssistService: checkPermission failed!!!
06-22 13:43:22.125 13816 13887 W ViolationHandler: [pool-8-thread-1] StrictMode violation detected
06-22 13:43:22.125 13816 13887 W ViolationHandler: android.os.strictmode.DiskReadViolation: null
06-22 13:43:22.125 13816 13887 W ViolationHandler: 	at android.os.StrictMode$AndroidBlockGuardPolicy.onReadFromDisk(StrictMode.java:1666)
06-22 13:43:22.125 13816 13887 W ViolationHandler: 	at java.io.UnixFileSystem.getBooleanAttributes(UnixFileSystem.java:306)
06-22 13:43:22.125 13816 13887 W ViolationHandler: 	at java.io.File.isDirectory(File.java:859)
06-22 13:43:22.125 13816 13887 W ViolationHandler: 	at com.itsaky.androidide.lsp.snippets.UserSnippetLoader.loadUserSnippets(UserSnippetLoader.kt:18)
06-22 13:43:22.125 13816 13887 W ViolationHandler: 	at com.itsaky.androidide.handlers.SnippetHandler.loadUserSnippetsForLanguage(SnippetHandler.kt:56)
06-22 13:43:22.125 13816 13887 W ViolationHandler: 	at com.itsaky.androidide.handlers.SnippetHandler.loadUserSnippets(SnippetHandler.kt:18)
06-22 13:43:22.125 13816 13887 W ViolationHandler: 	at com.itsaky.androidide.activities.editor.BaseEditorActivity.onCreate(BaseEditorActivity.kt:655)
06-22 13:43:22.125 13816 13887 W ViolationHandler: 	at com.itsaky.androidide.activities.editor.ProjectHandlerActivity.onCreate(ProjectHandlerActivity.kt:199)
06-22 13:43:22.125 13816 13887 W ViolationHandler: 	at com.itsaky.androidide.activities.editor.EditorHandlerActivity.onCreate(EditorHandlerActivity.kt:195)
06-22 13:43:22.125 13816 13887 W ViolationHandler: 	at android.app.Activity.performCreate(Activity.java:8616)
06-22 13:43:22.125 13816 13887 W ViolationHandler: 	at android.app.Activity.performCreate(Activity.java:8594)
06-22 13:43:22.125 13816 13887 W ViolationHandler: 	at android.app.Instrumentation.callActivityOnCreate(Instrumentation.java:1465)
06-22 13:43:22.125 13816 13887 W ViolationHandler: 	at android.app.ActivityThread.performLaunchActivity(ActivityThread.java:3929)
06-22 13:43:22.125 13816 13887 W ViolationHandler: 	at android.app.ActivityThread.handleLaunchActivity(ActivityThread.java:4087)
06-22 13:43:22.125 13816 13887 W ViolationHandler: 	at android.app.servertransaction.LaunchActivityItem.execute(LaunchActivityItem.java:114)
06-22 13:43:22.125 13816 13887 W ViolationHandler: 	at android.app.servertransaction.TransactionExecutor.executeCallbacks(TransactionExecutor.java:139)
06-22 13:43:22.125 13816 13887 W ViolationHandler: 	at android.app.servertransaction.TransactionExecutor.execute(TransactionExecutor.java:96)
06-22 13:43:22.125 13816 13887 W ViolationHandler: 	at android.app.ActivityThread$H.handleMessage(ActivityThread.java:2560)
06-22 13:43:22.125 13816 13887 W ViolationHandler: 	at android.os.Handler.dispatchMessage(Handler.java:106)
06-22 13:43:22.125 13816 13887 W ViolationHandler: 	at android.os.Looper.loopOnce(Looper.java:243)
06-22 13:43:22.125 13816 13887 W ViolationHandler: 	at android.os.Looper.loop(Looper.java:338)
06-22 13:43:22.125 13816 13887 W ViolationHandler: 	at com.itsaky.androidide.app.CredentialProtectedApplicationLoader.installPluginCrashLooperGuard$lambda$0(CredentialProtectedApplicationLoader.kt:223)
06-22 13:43:22.125 13816 13887 W ViolationHandler: 	at com.itsaky.androidide.app.CredentialProtectedApplicationLoader.$r8$lambda$o4KQZd6K2NtRhir9kivKIce16xM(Unknown Source:0)
06-22 13:43:22.125 13816 13887 W ViolationHandler: 	at com.itsaky.androidide.app.CredentialProtectedApplicationLoader$$ExternalSyntheticLambda1.run(D8$$SyntheticClass:0)
06-22 13:43:22.125 13816 13887 W ViolationHandler: 	at android.os.Handler.handleCallback(Handler.java:958)
06-22 13:43:22.125 13816 13887 W ViolationHandler: 	at android.os.Handler.dispatchMessage(Handler.java:99)
06-22 13:43:22.125 13816 13887 W ViolationHandler: 	at android.os.Looper.loopOnce(Looper.java:243)
06-22 13:43:22.125 13816 13887 W ViolationHandler: 	at android.os.Looper.loop(Looper.java:338)
06-22 13:43:22.125 13816 13887 W ViolationHandler: 	at android.app.ActivityThread.main(ActivityThread.java:8524)
06-22 13:43:22.125 13816 13887 W ViolationHandler: 	at java.lang.reflect.Method.invoke(Native Method)
06-22 13:43:22.125 13816 13887 W ViolationHandler: 	at com.android.internal.os.RuntimeInit$MethodAndArgsCaller.run(RuntimeInit.java:602)
06-22 13:43:22.125 13816 13887 W ViolationHandler: 	at com.android.internal.os.ZygoteInit.main(ZygoteInit.java:1064)
06-22 13:43:22.129 13816 13887 W ViolationHandler: [pool-8-thread-1] StrictMode violation detected
06-22 13:43:22.129 13816 13887 W ViolationHandler: android.os.strictmode.DiskReadViolation: null
06-22 13:43:22.129 13816 13887 W ViolationHandler: 	at android.os.StrictMode$AndroidBlockGuardPolicy.onReadFromDisk(StrictMode.java:1666)
06-22 13:43:22.129 13816 13887 W ViolationHandler: 	at java.io.UnixFileSystem.getBooleanAttributes(UnixFileSystem.java:306)
06-22 13:43:22.129 13816 13887 W ViolationHandler: 	at java.io.File.isDirectory(File.java:859)
06-22 13:43:22.129 13816 13887 W ViolationHandler: 	at com.itsaky.androidide.lsp.snippets.UserSnippetLoader.loadUserSnippets(UserSnippetLoader.kt:18)
06-22 13:43:22.129 13816 13887 W ViolationHandler: 	at com.itsaky.androidide.handlers.SnippetHandler.loadUserSnippetsForLanguage(SnippetHandler.kt:56)
06-22 13:43:22.129 13816 13887 W ViolationHandler: 	at com.itsaky.androidide.handlers.SnippetHandler.loadUserSnippets(SnippetHandler.kt:19)
06-22 13:43:22.129 13816 13887 W ViolationHandler: 	at com.itsaky.androidide.activities.editor.BaseEditorActivity.onCreate(BaseEditorActivity.kt:655)
06-22 13:43:22.129 13816 13887 W ViolationHandler: 	at com.itsaky.androidide.activities.editor.ProjectHandlerActivity.onCreate(ProjectHandlerActivity.kt:199)
06-22 13:43:22.129 13816 13887 W ViolationHandler: 	at com.itsaky.androidide.activities.editor.EditorHandlerActivity.onCreate(EditorHandlerActivity.kt:195)
06-22 13:43:22.129 13816 13887 W ViolationHandler: 	at android.app.Activity.performCreate(Activity.java:8616)
06-22 13:43:22.129 13816 13887 W ViolationHandler: 	at android.app.Activity.performCreate(Activity.java:8594)
06-22 13:43:22.129 13816 13887 W ViolationHandler: 	at android.app.Instrumentation.callActivityOnCreate(Instrumentation.java:1465)
06-22 13:43:22.129 13816 13887 W ViolationHandler: 	at android.app.ActivityThread.performLaunchActivity(ActivityThread.java:3929)
06-22 13:43:22.129 13816 13887 W ViolationHandler: 	at android.app.ActivityThread.handleLaunchActivity(ActivityThread.java:4087)
06-22 13:43:22.129 13816 13887 W ViolationHandler: 	at android.app.servertransaction.LaunchActivityItem.execute(LaunchActivityItem.java:114)
06-22 13:43:22.129 13816 13887 W ViolationHandler: 	at android.app.servertransaction.TransactionExecutor.executeCallbacks(TransactionExecutor.java:139)
06-22 13:43:22.129 13816 13887 W ViolationHandler: 	at android.app.servertransaction.TransactionExecutor.execute(TransactionExecutor.java:96)
06-22 13:43:22.129 13816 13887 W ViolationHandler: 	at android.app.ActivityThread$H.handleMessage(ActivityThread.java:2560)
06-22 13:43:22.129 13816 13887 W ViolationHandler: 	at android.os.Handler.dispatchMessage(Handler.java:106)
06-22 13:43:22.129 13816 13887 W ViolationHandler: 	at android.os.Looper.loopOnce(Looper.java:243)
06-22 13:43:22.129 13816 13887 W ViolationHandler: 	at android.os.Looper.loop(Looper.java:338)
06-22 13:43:22.129 13816 13887 W ViolationHandler: 	at com.itsaky.androidide.app.CredentialProtectedApplicationLoader.installPluginCrashLooperGuard$lambda$0(CredentialProtectedApplicationLoader.kt:223)
06-22 13:43:22.129 13816 13887 W ViolationHandler: 	at com.itsaky.androidide.app.CredentialProtectedApplicationLoader.$r8$lambda$o4KQZd6K2NtRhir9kivKIce16xM(Unknown Source:0)
06-22 13:43:22.129 13816 13887 W ViolationHandler: 	at com.itsaky.androidide.app.CredentialProtectedApplicationLoader$$ExternalSyntheticLambda1.run(D8$$SyntheticClass:0)
06-22 13:43:22.129 13816 13887 W ViolationHandler: 	at android.os.Handler.handleCallback(Handler.java:958)
06-22 13:43:22.129 13816 13887 W ViolationHandler: 	at android.os.Handler.dispatchMessage(Handler.java:99)
06-22 13:43:22.129 13816 13887 W ViolationHandler: 	at android.os.Looper.loopOnce(Looper.java:243)
06-22 13:43:22.129 13816 13887 W ViolationHandler: 	at android.os.Looper.loop(Looper.java:338)
06-22 13:43:22.129 13816 13887 W ViolationHandler: 	at android.app.ActivityThread.main(ActivityThread.java:8524)
06-22 13:43:22.129 13816 13887 W ViolationHandler: 	at java.lang.reflect.Method.invoke(Native Method)
06-22 13:43:22.129 13816 13887 W ViolationHandler: 	at com.android.internal.os.RuntimeInit$MethodAndArgsCaller.run(RuntimeInit.java:602)
06-22 13:43:22.129 13816 13887 W ViolationHandler: 	at com.android.internal.os.ZygoteInit.main(ZygoteInit.java:1064)
06-22 13:43:22.130  1669  4050 D CoreBackPreview: Window{79527e0 u0 com.itsaky.androidide/com.itsaky.androidide.activities.editor.EditorActivityKt}: Setting back callback OnBackInvokedCallbackInfo{mCallback=android.window.IOnBackInvokedCallback$Stub$Proxy@5c6315e, mPriority=-1, mIsAnimationCallback=false}
06-22 13:43:22.132  1669  4050 D CoreBackPreview: Window{79527e0 u0 com.itsaky.androidide/com.itsaky.androidide.activities.editor.EditorActivityKt}: Setting back callback OnBackInvokedCallbackInfo{mCallback=android.window.IOnBackInvokedCallback$Stub$Proxy@521d93f, mPriority=0, mIsAnimationCallback=true}
06-22 13:43:22.139 13816 13887 W ViolationHandler: [pool-8-thread-1] StrictMode violation detected
06-22 13:43:22.139 13816 13887 W ViolationHandler: android.os.strictmode.DiskReadViolation: null
06-22 13:43:22.139 13816 13887 W ViolationHandler: 	at android.os.StrictMode$AndroidBlockGuardPolicy.onReadFromDisk(StrictMode.java:1666)
06-22 13:43:22.139 13816 13887 W ViolationHandler: 	at libcore.io.BlockGuardOs.lseek(BlockGuardOs.java:242)
06-22 13:43:22.139 13816 13887 W ViolationHandler: 	at libcore.io.ForwardingOs.lseek(ForwardingOs.java:475)
06-22 13:43:22.139 13816 13887 W ViolationHandler: 	at java.io.RandomAccessFile.seek(RandomAccessFile.java:635)
06-22 13:43:22.139 13816 13887 W ViolationHandler: 	at java.util.zip.ZipFile$Source.readFullyAt(ZipFile.java:1692)
06-22 13:43:22.139 13816 13887 W ViolationHandler: 	at java.util.zip.ZipFile$Source.-$$Nest$mreadFullyAt(ZipFile.java:0)
06-22 13:43:22.139 13816 13887 W ViolationHandler: 	at java.util.zip.ZipFile$ZipFileInputStream.initDataOffset(ZipFile.java:1013)
06-22 13:43:22.139 13816 13887 W ViolationHandler: 	at java.util.zip.ZipFile$ZipFileInputStream.read(ZipFile.java:1029)
06-22 13:43:22.139 13816 13887 W ViolationHandler: 	at java.util.zip.ZipFile$ZipFileInflaterInputStream.fill(ZipFile.java:511)
06-22 13:43:22.139 13816 13887 W ViolationHandler: 	at java.util.zip.InflaterInputStream.read(InflaterInputStream.java:210)
06-22 13:43:22.139 13816 13887 W ViolationHandler: 	at java.io.FilterInputStream.read(FilterInputStream.java:133)
06-22 13:43:22.139 13816 13887 W ViolationHandler: 	at sun.nio.cs.StreamDecoder.readBytes(StreamDecoder.java:309)
06-22 13:43:22.139 13816 13887 W ViolationHandler: 	at sun.nio.cs.StreamDecoder.implRead(StreamDecoder.java:373)
06-22 13:43:22.139 13816 13887 W ViolationHandler: 	at sun.nio.cs.StreamDecoder.read(StreamDecoder.java:183)
06-22 13:43:22.139 13816 13887 W ViolationHandler: 	at java.io.InputStreamReader.read(InputStreamReader.java:177)
06-22 13:43:22.139 13816 13887 W ViolationHandler: 	at java.io.BufferedReader.fill(BufferedReader.java:172)
06-22 13:43:22.139 13816 13887 W ViolationHandler: 	at java.io.BufferedReader.readLine(BufferedReader.java:337)
06-22 13:43:22.139 13816 13887 W ViolationHandler: 	at java.io.BufferedReader.readLine(BufferedReader.java:403)
06-22 13:43:22.139 13816 13887 W ViolationHandler: 	at com.itsaky.androidide.utils.ServiceLoader.parseLine(ServiceLoader.java:250)
06-22 13:43:22.139 13816 13887 W ViolationHandler: 	at com.itsaky.androidide.utils.ServiceLoader.parse(ServiceLoader.java:308)
06-22 13:43:22.139 13816 13887 W ViolationHandler: 	at com.itsaky.androidide.utils.ServiceLoader.-$$Nest$mparse(Unknown Source:0)
