06-22 15:23:22.670  1669  1734 D DisplayManagerService: Ignore redundant display event 0/2 to 10243/17998
06-22 15:23:22.670  1669  1734 D DisplayManagerService: Ignore redundant display event 0/2 to 10159/19455
06-22 15:23:22.670  1669  1734 D DisplayManagerService: Ignore redundant display event 0/2 to 10124/21241
06-22 15:23:22.670  1669  1734 D DisplayManagerService: Ignore redundant display event 0/2 to 10126/23129
06-22 15:23:22.672  1669  1734 D DisplayManagerService: Ignore redundant display event 0/2 to 10058/23459
06-22 15:23:22.672  1669  1735 I WindowManager: DisplayContent w: Window{4b10c63 u0 PopupWindow:3709c3c} Apply preferredModeId = 2
06-22 15:23:22.673  1669  1734 D DisplayManagerService: Ignore redundant display event 0/2 to 10148/24919
06-22 15:23:22.686  1669  1735 I WindowManager: DisplayContent w: Window{4b10c63 u0 PopupWindow:3709c3c} Apply preferredModeId = 2
06-22 15:23:22.712   906   906 I BufferQueueProducer: [com.itsaky.androidide/com.itsaky.androidide.activities.editor.EditorActivityKt#6207](this:0xb40000745603b990,id:-1,api:0,p:-1,c:906) queueBuffer: fps=106.97 dur=1000.26 max=33.16 min=6.74
06-22 15:23:22.714   858   858 I hwcomposer: [HWCDisplay] [Display_0 (type:1)] fps:110.874420,dur:1001.13,max:33.27,min:5.49  
06-22 15:23:22.731  2065  2065 D WifiViewModel: reInitCount: 0
06-22 15:23:22.731  2065  2065 D StatusBarIconController: ignoring old pipeline callback because the new wifi icon is enabled
06-22 15:23:22.745 23263 23274 I SpellCheckerSession: SpellCheckerSession.onClose():409 com.google.android.keyboard.client.delight5.LanguageIdentifier@544c259 is closed
06-22 15:23:22.755 18666 18666 D LeakCanary: Watching instance of android.widget.ViewFlipper (com.itsaky.androidide.agent.fragments.ChatFragment received Fragment#onDestroyView() callback (references to its views should be cleared to prevent leaks)) with key 0e11ad28-4bd0-44f8-b964-9c0b5b225313
06-22 15:23:22.812   906   906 E SfCpu   :  sched_setaffinity return fail 906
06-22 15:23:22.812   906   906 E SfCpu   :  sched_setaffinity return fail 987
06-22 15:23:22.813   906   906 E SfCpu   :  sched_setaffinity return fail 986
06-22 15:23:22.813   858   858 I hwcomposer: [HWC] (0) displaySetActiveConfig config:0  
06-22 15:23:22.818   906   906 I RefreshRateSelector: Display 0 policy changed
06-22 15:23:22.818   906   906 I RefreshRateSelector: Previous: {defaultModeId=1, allowGroupSwitching=false, primaryRanges={physical=[60.00 Hz, inf Hz], render=[60.00 Hz, 120.00 Hz]}, appRequestRanges={physical=[0.00 Hz, inf Hz], render=[0.00 Hz, 120.00 Hz]}}
06-22 15:23:22.818   906   906 I RefreshRateSelector: Current:  DisplayManagerPolicy{defaultModeId=0, allowGroupSwitching=false, primaryRanges={physical=[60.00 Hz, inf Hz], render=[60.00 Hz, 120.00 Hz]}, appRequestRanges={physical=[0.00 Hz, inf Hz], render=[0.00 Hz, 120.00 Hz]}}
06-22 15:23:22.818   906   906 I RefreshRateSelector: 1 mode changes were performed under the previous policy
06-22 15:23:22.820   906   906 D SurfaceFlinger: MtkOverrideDuration: update vsync 120
06-22 15:23:22.820   906   906 E SurfaceFlinger: MtkDuration override mode is disabled
06-22 15:23:22.820   906   906 D SurfaceFlinger: MtkOverrideDuration: reset override duration
06-22 15:23:22.821  1669  1734 I DisplayDeviceRepository: Display device changed: DisplayDeviceInfo{"Built-in Screen": uniqueId="local:0", 720 x 1600, modeId 2, renderFrameRate 90.0, defaultModeId 1, supportedModes [{id=1, width=720, height=1600, fps=120.00001, alternativeRefreshRates=[60.0, 90.0], supportedHdrTypes=[]}, {id=2, width=720, height=1600, fps=90.0, alternativeRefreshRates=[60.0, 120.00001], supportedHdrTypes=[]}, {id=3, width=720, height=1600, fps=60.0, alternativeRefreshRates=[90.0, 120.00001], supportedHdrTypes=[]}], colorMode 0, supportedColorModes [0], hdrCapabilities HdrCapabilities{mSupportedHdrTypes=[], mMaxLuminance=500.0, mMaxAverageLuminance=500.0, mMinLuminance=0.0}, allmSupported false, gameContentTypeSupported false, density 320, 262.939 x 262.939 dpi, appVsyncOff 1033333, presDeadline 14100000, cutout DisplayCutout{insets=Rect(0, 80 - 0, 0) waterfall=Insets{left=0, top=0, right=0, bottom=0} boundingRect={Bounds=[Rect(0, 0 - 0, 0), Rect(312, 0 - 408, 80), Rect(0, 0 - 0, 0), Rect(0, 0 - 0, 0)]} cutoutPathParserInfo={CutoutPathParserInfo{displayWidth=720 displayHeight=1600 physicalDisplayWidth=720 physicalDisplayHeight=1600 density={2.0} cutoutSpec={M -24,0 L -24,40 L 24,40 L 24,0 Z @dp} rotation={0} scale={1.0} physicalPixelDisplaySizeRatio={1.0}}}}, touch INTERNAL, rotation 0, type INTERNAL, address {port=0}, deviceProductInfo null, state ON, committedState ON, frameRateOverride , brightnessMinimum 0.0, brightnessMaximum 1.0, brightnessDefault 0.4, hdrSdrRatio NaN, roundedCorners RoundedCorners{[RoundedCorner{position=TopLeft, radius=34, center=Point(34, 34)}, RoundedCorner{position=TopRight, radius=34, center=Point(686, 34)}, RoundedCorner{position=BottomRight, radius=34, center=Point(686, 1566)}, RoundedCorner{position=BottomLeft, radius=34, center=Point(34, 1566)}]}, FLAG_ALLOWED_TO_BE_DEFAULT_DISPLAY, FLAG_ROTATES_WITH_CONTENT, FLAG_SECURE, FLAG_SUPPORTS_PROTECTED_BUFFERS, FLAG_TRUSTED, installOrientation 0, displayShape DisplayShape{ spec=2134893525 displayWidth=720 displayHeight=1600 physicalPixelDisplaySizeRatio=1.0 rotation=0 offsetX=0 offsetY=0 scale=1.0}}
06-22 15:23:22.821   906   906 I BufferQueueDebug: [Surface(name=8e9c80d StatusBar)/@0xf2ae115 - animation-leash of insets_animation#6227](this:0xb400007456016940,id:-1,api:0,p:-1,c:906) onDestructor()
06-22 15:23:22.821   906   906 I BufferQueueDebug: [Surface(name=d6c79f9 NavigationBar0)/@0x53400d4 - animation-leash of insets_animation#6226](this:0xb400007456069290,id:-1,api:0,p:-1,c:906) onDestructor()
06-22 15:23:22.821 18666 18666 I ImeTracker: com.itsaky.androidide:b8b5161d: onRequestHide at ORIGIN_CLIENT_HIDE_SOFT_INPUT reason HIDE_SOFT_INPUT
06-22 15:23:22.822  1669  2003 I ImeTracker: com.itsaky.androidide:b8b5161d: onCancelled at PHASE_SERVER_SHOULD_HIDE
06-22 15:23:22.822  1669  2003 D TranWindowManagerServiceImpl: hookIMEVisibleChanged(), show:false
06-22 15:23:22.822  1669  2003 I TranMultiWindowManagerComponentImpl: hookInputMethodShown inputShown: false
06-22 15:23:22.823  1669  2003 I TranSCSourceConnectManagerImpl: hookInputMethodShown inputShown: false
06-22 15:23:22.823 18666 18666 D AiSettingsViewModel: LLM Inference Engine initialized successfully.
06-22 15:23:22.824  1669  1734 D Griffin/DeviceState: virtualDisplayPackageName :{}
06-22 15:23:22.825  1669  1734 I DisplayDeviceRepository: Display device changed: DisplayDeviceInfo{"Built-in Screen": uniqueId="local:0", 720 x 1600, modeId 1, renderFrameRate 120.00001, defaultModeId 1, supportedModes [{id=1, width=720, height=1600, fps=120.00001, alternativeRefreshRates=[60.0, 90.0], supportedHdrTypes=[]}, {id=2, width=720, height=1600, fps=90.0, alternativeRefreshRates=[60.0, 120.00001], supportedHdrTypes=[]}, {id=3, width=720, height=1600, fps=60.0, alternativeRefreshRates=[90.0, 120.00001], supportedHdrTypes=[]}], colorMode 0, supportedColorModes [0], hdrCapabilities HdrCapabilities{mSupportedHdrTypes=[], mMaxLuminance=500.0, mMaxAverageLuminance=500.0, mMinLuminance=0.0}, allmSupported false, gameContentTypeSupported false, density 320, 262.939 x 262.939 dpi, appVsyncOff 1099999, presDeadline 13300000, cutout DisplayCutout{insets=Rect(0, 80 - 0, 0) waterfall=Insets{left=0, top=0, right=0, bottom=0} boundingRect={Bounds=[Rect(0, 0 - 0, 0), Rect(312, 0 - 408, 80), Rect(0, 0 - 0, 0), Rect(0, 0 - 0, 0)]} cutoutPathParserInfo={CutoutPathParserInfo{displayWidth=720 displayHeight=1600 physicalDisplayWidth=720 physicalDisplayHeight=1600 density={2.0} cutoutSpec={M -24,0 L -24,40 L 24,40 L 24,0 Z @dp} rotation={0} scale={1.0} physicalPixelDisplaySizeRatio={1.0}}}}, touch INTERNAL, rotation 0, type INTERNAL, address {port=0}, deviceProductInfo null, state ON, committedState ON, frameRateOverride , brightnessMinimum 0.0, brightnessMaximum 1.0, brightnessDefault 0.4, hdrSdrRatio NaN, roundedCorners RoundedCorners{[RoundedCorner{position=TopLeft, radius=34, center=Point(34, 34)}, RoundedCorner{position=TopRight, radius=34, center=Point(686, 34)}, RoundedCorner{position=BottomRight, radius=34, center=Point(686, 1566)}, RoundedCorner{position=BottomLeft, radius=34, center=Point(34, 1566)}]}, FLAG_ALLOWED_TO_BE_DEFAULT_DISPLAY, FLAG_ROTATES_WITH_CONTENT, FLAG_SECURE, FLAG_SUPPORTS_PROTECTED_BUFFERS, FLAG_TRUSTED, installOrientation 0, displayShape DisplayShape{ spec=2134893525 displayWidth=720 displayHeight=1600 physicalPixelDisplaySizeRatio=1.0 rotation=0 offsetX=0 offsetY=0 scale=1.0}}
06-22 15:23:22.827  1669  1734 D Griffin/DeviceState: virtualDisplayPackageName :{}
06-22 15:23:22.828  1669  1742 D Magellan: fallbackReportThrottlingIfNeeded return. 
06-22 15:23:22.829  1669  1734 D DisplayManagerService: Ignore redundant display event 0/2 to 10243/17998
06-22 15:23:22.829  1669  1734 D DisplayManagerService: Ignore redundant display event 0/2 to 10159/19455
06-22 15:23:22.829  1669  1734 D DisplayManagerService: Ignore redundant display event 0/2 to 10124/21241
06-22 15:23:22.829  1669  1734 D DisplayManagerService: Ignore redundant display event 0/2 to 10126/23129
06-22 15:23:22.829  1669  1734 D DisplayManagerService: Ignore redundant display event 0/2 to 10058/23459
06-22 15:23:22.830  1669  1734 D DisplayManagerService: Ignore redundant display event 0/2 to 10148/24919
06-22 15:23:22.861  1669  2003 I ImeTracker: com.itsaky.androidide:704c7e3d: onRequestHide at ORIGIN_SERVER_HIDE_INPUT reason HIDE_SAME_WINDOW_FOCUSED_WITHOUT_EDITOR
06-22 15:23:22.861  1669  2003 I ImeTracker: com.itsaky.androidide:704c7e3d: onCancelled at PHASE_SERVER_SHOULD_HIDE
06-22 15:23:22.861  1669  2003 D TranWindowManagerServiceImpl: hookIMEVisibleChanged(), show:false
06-22 15:23:22.862  1669  2003 I TranMultiWindowManagerComponentImpl: hookInputMethodShown inputShown: false
06-22 15:23:22.862  1669  2003 I TranSCSourceConnectManagerImpl: hookInputMethodShown inputShown: false
06-22 15:23:22.862  1669  2003 I input_debug: package: com.itsaky.androidide mNeedShowSafeInput: false inputType: 0 methodMap: true isKeyguardShowing: false enable: 0 isSplitScreen: false
06-22 15:23:22.865 23263 23263 I GoogleInputMethodService: GoogleInputMethodService.onFinishInput():2269 
06-22 15:23:22.865   906   906 I BufferQueueProducer: [PopupWindow:3709c3c#6228](this:0xb400007456082ca0,id:-1,api:0,p:-1,c:906) queueBuffer: fps=54.61 dur=1007.14 max=452.44 min=6.68
06-22 15:23:22.867 23263 23263 I Module  : DeviceLockedStatusModuleProvider$Module.updateDeviceLockedStatusInternal():127 repeatCheckTimes = 0, locked = false
06-22 15:23:22.869 23263 23263 I GoogleInputMethodService: GoogleInputMethodService.onStartInput():1454 onStartInput(EditorInfo{EditorInfo{packageName=com.itsaky.androidide, inputType=0, inputTypeString=NULL, enableLearning=false, autoCorrection=false, autoComplete=false, imeOptions=0, privateImeOptions=null, actionName=UNSPECIFIED, actionLabel=null, initialSelStart=-1, initialSelEnd=-1, initialCapsMode=0, label=null, fieldId=0, fieldName=null, extras=null, hintText=null, hintLocales=[]}}, false)
06-22 15:23:22.869 23263 23263 I AndroidIME: LatinIMEBase.updateInputViewCoverNavigation():321 Update input view padding, isNavbarOverInputWindow=false, bottom inset=80
06-22 15:23:22.870 23263 23263 I Module  : DeviceLockedStatusModuleProvider$Module.updateDeviceLockedStatusInternal():127 repeatCheckTimes = 1, locked = false
06-22 15:23:22.871 23263 23263 I ShortcutsDataManager: AbstractContentDataManager.startImportContentTask():241 startImportContentTask()
06-22 15:23:22.872 23263 23407 I ShortcutsDataManager: AbstractContentDataManager$ImportContentTask.doInBackground():257 doInBackground()
06-22 15:23:22.872 23263 23407 I PersonalDictionaryDataHandler: PersonalDictionaryDataHandler.beginProcess():114 LanguageTags = [en-US, es-US]
06-22 15:23:22.872  1669  1818 W PackageConfigPersister: App-specific configuration not found for packageName: com.itsaky.androidide and userId: 0
06-22 15:23:22.901 23263 23407 I ShortcutsDataManager: AbstractContentDataManager.importRecords():348 importRecords() : Success : Count = 0
06-22 15:23:22.909 23263 23407 I ShortcutsDataManager: AbstractContentDataManager.importContentData():297 importContentData() : Ending import process
06-22 15:23:22.910 23263 23413 I Delight5Decoder: Delight5DecoderWrapper.unloadLanguageModel():1039 unloadLanguageModel() : 4, version [n/a]
06-22 15:23:22.910   877   958 I libPerfCtl: xgfGetFPS pid:2065 fps:-1
06-22 15:23:22.911   877   958 I AppThermalMode: [perfNotifyThermalState] hdl:0
06-22 15:23:22.911   877   958 I AppThermalMode: [findAppThermalIdx] Fail: appThermalModeEnable: 0,currentFPS: 90,fg->pid:18666
06-22 15:23:22.911   877   958 I AppThermalMode: [perfNotifyThermalState] appThermalIdx -1:
06-22 15:23:22.911   877   958 I libPerfCtl: xgfGetFPS pid:18666 fps:108
06-22 15:23:22.911   877   958 I AppThermalMode: [perfNotifyThermalState] hdl:0
06-22 15:23:22.911   877   958 I AppThermalMode: [findAppThermalIdx] Fail: appThermalModeEnable: 0,currentFPS: 90,fg->pid:18666
06-22 15:23:22.911   877   958 I AppThermalMode: [perfNotifyThermalState] appThermalIdx -1:
06-22 15:23:22.911   877   958 I libPowerHal: [updateFPS] pid(18666) : 90 => 120
06-22 15:23:22.912   877   974 I libPowerHal: [perfNotifyAppState] pack:com.itsaky.androidide, act:com.itsaky.androidide.activities.editor.EditorActivityKt, state:5, pid:18666, uid:10455, fps:120
06-22 15:23:22.912   877   974 I UxUtility: notifyForegroundApp pack:com.itsaky.androidide, uid:10455
06-22 15:23:22.912   877   974 I TouchUtility: notifyAppState error = NULL
06-22 15:23:22.917 23263 23413 I native  : I0000 00:00:1782159802.910912   23413 dynamic-lm-manager.cc:49] Dynamic LM has already been unloaded: /data/user/0/com.google.android.inputmethod.latin/files/personal/Personal.es_US.dict
06-22 15:23:22.939 23263 23407 I PersonalLanguageModelUpdater: PersonalLanguageModelUpdater$UpdateOperation.performInternal():165 run() : Added 0 words and 0 shortcuts
06-22 15:23:22.939 23263 23407 I DynamicLanguageModelOperation: DynamicLanguageModelOperation.perform():43 perform() : 4 : fap : Completed
06-22 15:23:22.940 23263 23407 I Delight5Decoder: Delight5DecoderWrapper.asyncLoadLanguageModel():770 asyncLoadLanguageModel() : es
06-22 15:23:22.941 23263 23413 I Delight5Decoder: Delight5DecoderWrapper.loadLanguageModel():816 loadLanguageModel() : 4, version [n/a]
06-22 15:23:22.944 23263 23413 I Delight5Decoder: Delight5DecoderWrapper.loadLanguageModel():867 Loaded dynamic LM 4.es
06-22 15:23:22.944 23263 23413 I Delight5Decoder: Delight5DecoderWrapper.unloadLanguageModel():1039 unloadLanguageModel() : 4, version [n/a]
06-22 15:23:22.945 23263 23413 I native  : I0000 00:00:1782159802.945075   23413 dynamic-lm-manager.cc:49] Dynamic LM has already been unloaded: /data/user/0/com.google.android.inputmethod.latin/files/personal/Personal.en_US.dict
06-22 15:23:22.955 23263 23407 I PersonalLanguageModelUpdater: PersonalLanguageModelUpdater$UpdateOperation.performInternal():165 run() : Added 0 words and 0 shortcuts
06-22 15:23:22.955 23263 23407 I DynamicLanguageModelOperation: DynamicLanguageModelOperation.perform():43 perform() : 4 : fap : Completed
06-22 15:23:22.955 23263 23407 I Delight5Decoder: Delight5DecoderWrapper.asyncLoadLanguageModel():770 asyncLoadLanguageModel() : en
06-22 15:23:22.956 23263 23413 I Delight5Decoder: Delight5DecoderWrapper.loadLanguageModel():816 loadLanguageModel() : 4, version [n/a]
06-22 15:23:22.956 23263 23263 I ShortcutsDataManager: AbstractContentDataManager$ImportContentTask.onPostExecute():268 onPostExecute() : Result = [2,0]
06-22 15:23:22.956 23263 23263 I ShortcutsDataManager: ShortcutsDataManager.onImportFinished():82 onImportFinished() : Result = 2 : Count = 0
06-22 15:23:22.957 23263 23413 I Delight5Decoder: Delight5DecoderWrapper.loadLanguageModel():867 Loaded dynamic LM 4.en
06-22 15:23:22.975  2428  2526 I tmw_    : notifyInputMethodShow: false mFocusOnMultiDisplay: false
06-22 15:23:23.011   906  1267 D SurfaceFlinger: calculateTimeoutTime, triggerInterval = 1 sec + 192111000 nsec
06-22 15:23:23.015  2428  2526 I tmw_    : notifyInputMethodShow: false mFocusOnMultiDisplay: false
06-22 15:23:23.065 18666 18666 D View    : [Warning] assignParent to null: this = android.widget.PopupWindow$PopupDecorView{db09bc3 V.E...... R.....ID 0,0-392,192}
06-22 15:23:23.069  1669  1818 W InputManager-JNI: Input channel object '4b10c63 PopupWindow:3709c3c (client)' was disposed without first being removed with the input manager!
06-22 15:23:23.069  1669  1818 I WindowManager:   isAnimating=false  okToAnimate=true  win=Window{4b10c63 u0 PopupWindow:3709c3c}
06-22 15:23:23.069  1669  1818 D TranDisplayJamMonitor: window scene map has been clear!
06-22 15:23:23.071  1669  1818 D WindowManager: setParent old=Window{be434fe u0 com.itsaky.androidide/com.itsaky.androidide.activities.editor.EditorActivityKt},new=null,this window=Window{4b10c63 u0 PopupWindow:3709c3c},callers=com.android.server.wm.WindowContainer.removeChild:822 com.android.server.wm.WindowContainer.removeImmediately:892 com.android.server.wm.WindowState.removeImmediately:2599 com.android.server.wm.WindowState.removeIfPossible:2780 com.android.server.wm.WindowManagerService.removeWindow:2193 com.android.server.wm.Session.remove:241 
06-22 15:23:23.075 18666 18666 D InputTransport: Destroy ARC handle: 0x7d0aaeb4e0
06-22 15:23:23.077 18666 18730 D BLASTBufferQueue: [VRI[PopupWindow:3709c3c]#7](f:0,a:4) destructor()
06-22 15:23:23.077 18666 18730 D BufferQueueConsumer: [VRI[PopupWindow:3709c3c]#7(BLAST Consumer)7](id:48ea00000007,api:0,p:-1,c:18666) disconnect
06-22 15:23:23.091   906   906 I BufferQueueDebug: [4b10c63 PopupWindow:3709c3c#6225](this:0xb40000745607d180,id:-1,api:0,p:-1,c:906) onDestructor()
06-22 15:23:23.091   906   906 I BufferQueueDebug: [PopupWindow:3709c3c#6228](this:0xb400007456082ca0,id:-1,api:0,p:-1,c:906) onDestructor()
06-22 15:23:23.235  3028  3323 I bt_shim_scanner: handle_remote_properties: handle_remote_properties Update device_type=0x2 addr_type=0x1
06-22 15:23:23.235  3028  3323 I bt_shim_scanner: handle_remote_properties: handle_remote_properties  device_type= 2
06-22 15:23:23.235  3028  3323 I bt_shim_scanner: handle_remote_properties: handle_remote_properties  device_type= 2
06-22 15:23:23.240  6280  6545 I NearbyDiscovery: (REDACTED) BloomFilterAdvManager: Detected bloom filter but too far away, ignoring. %sm, %s
06-22 15:23:23.575  1669  2181 I mtkpower_client: perf_lock_rel, hdl:106442, tid:2181
06-22 15:23:23.576   877   974 I mtkpower@impl: [powerd_req] TIMER_MSG_PERF_LOCK_TIMEOUT hdl:106442
06-22 15:23:23.576   877   974 I libPowerHal: [PD] system_server update cmd:1408300 param:0
06-22 15:23:23.618  1669  1735 I WindowManager: DisplayContent w: Window{be434fe u0 com.itsaky.androidide/com.itsaky.androidide.activities.editor.EditorActivityKt} Apply preferredModeId = 2
06-22 15:23:23.625   906   906 E SfCpu   :  sched_setaffinity return fail 906
06-22 15:23:23.626   906   906 E SfCpu   :  sched_setaffinity return fail 987
06-22 15:23:23.626   906   906 E SfCpu   :  sched_setaffinity return fail 986
06-22 15:23:23.626  1669  1735 I WindowManager: DisplayContent w: Window{be434fe u0 com.itsaky.androidide/com.itsaky.androidide.activities.editor.EditorActivityKt} Apply preferredModeId = 2
06-22 15:23:23.626   906   906 D SurfaceFlinger: MtkOverrideDuration: update vsync 90
06-22 15:23:23.626   906   906 E SurfaceFlinger: MtkDuration override mode is disabled
06-22 15:23:23.626   906   906 D SurfaceFlinger: MtkOverrideDuration: reset override duration
06-22 15:23:23.627   858   858 I hwcomposer: [HWC] (0) displaySetActiveConfig config:1  
06-22 15:23:23.627  1669  1734 I DisplayDeviceRepository: Display device changed: DisplayDeviceInfo{"Built-in Screen": uniqueId="local:0", 720 x 1600, modeId 1, renderFrameRate 120.00001, defaultModeId 1, supportedModes [{id=1, width=720, height=1600, fps=120.00001, alternativeRefreshRates=[60.0, 90.0], supportedHdrTypes=[]}, {id=2, width=720, height=1600, fps=90.0, alternativeRefreshRates=[60.0, 120.00001], supportedHdrTypes=[]}, {id=3, width=720, height=1600, fps=60.0, alternativeRefreshRates=[90.0, 120.00001], supportedHdrTypes=[]}], colorMode 0, supportedColorModes [0], hdrCapabilities HdrCapabilities{mSupportedHdrTypes=[], mMaxLuminance=500.0, mMaxAverageLuminance=500.0, mMinLuminance=0.0}, allmSupported false, gameContentTypeSupported false, density 320, 262.939 x 262.939 dpi, appVsyncOff 1099999, presDeadline 13300000, cutout DisplayCutout{insets=Rect(0, 80 - 0, 0) waterfall=Insets{left=0, top=0, right=0, bottom=0} boundingRect={Bounds=[Rect(0, 0 - 0, 0), Rect(312, 0 - 408, 80), Rect(0, 0 - 0, 0), Rect(0, 0 - 0, 0)]} cutoutPathParserInfo={CutoutPathParserInfo{displayWidth=720 displayHeight=1600 physicalDisplayWidth=720 physicalDisplayHeight=1600 density={2.0} cutoutSpec={M -24,0 L -24,40 L 24,40 L 24,0 Z @dp} rotation={0} scale={1.0} physicalPixelDisplaySizeRatio={1.0}}}}, touch INTERNAL, rotation 0, type INTERNAL, address {port=0}, deviceProductInfo null, state ON, committedState ON, frameRateOverride {uid=10455 frameRateHz=90.0} , brightnessMinimum 0.0, brightnessMaximum 1.0, brightnessDefault 0.4, hdrSdrRatio NaN, roundedCorners RoundedCorners{[RoundedCorner{position=TopLeft, radius=34, center=Point(34, 34)}, RoundedCorner{position=TopRight, radius=34, center=Point(686, 34)}, RoundedCorner{position=BottomRight, radius=34, center=Point(686, 1566)}, RoundedCorner{position=BottomLeft, radius=34, center=Point(34, 1566)}]}, FLAG_ALLOWED_TO_BE_DEFAULT_DISPLAY, FLAG_ROTATES_WITH_CONTENT, FLAG_SECURE, FLAG_SUPPORTS_PROTECTED_BUFFERS, FLAG_TRUSTED, installOrientation 0, displayShape DisplayShape{ spec=2134893525 displayWidth=720 displayHeight=1600 physicalPixelDisplaySizeRatio=1.0 rotation=0 offsetX=0 offsetY=0 scale=1.0}}
06-22 15:23:23.629  1669  1734 D Griffin/DeviceState: virtualDisplayPackageName :{}
06-22 15:23:23.632   906   906 I RefreshRateSelector: Display 0 policy changed
06-22 15:23:23.632   906   906 I RefreshRateSelector: Previous: {defaultModeId=0, allowGroupSwitching=false, primaryRanges={physical=[60.00 Hz, inf Hz], render=[60.00 Hz, 120.00 Hz]}, appRequestRanges={physical=[0.00 Hz, inf Hz], render=[0.00 Hz, 120.00 Hz]}}
06-22 15:23:23.632   906   906 I RefreshRateSelector: Current:  DisplayManagerPolicy{defaultModeId=1, allowGroupSwitching=false, primaryRanges={physical=[60.00 Hz, inf Hz], render=[60.00 Hz, 120.00 Hz]}, appRequestRanges={physical=[0.00 Hz, inf Hz], render=[0.00 Hz, 120.00 Hz]}}
06-22 15:23:23.632   906   906 I RefreshRateSelector: 1 mode changes were performed under the previous policy
06-22 15:23:23.640  1669  1734 I DisplayDeviceRepository: Display device changed: DisplayDeviceInfo{"Built-in Screen": uniqueId="local:0", 720 x 1600, modeId 2, renderFrameRate 90.0, defaultModeId 1, supportedModes [{id=1, width=720, height=1600, fps=120.00001, alternativeRefreshRates=[60.0, 90.0], supportedHdrTypes=[]}, {id=2, width=720, height=1600, fps=90.0, alternativeRefreshRates=[60.0, 120.00001], supportedHdrTypes=[]}, {id=3, width=720, height=1600, fps=60.0, alternativeRefreshRates=[90.0, 120.00001], supportedHdrTypes=[]}], colorMode 0, supportedColorModes [0], hdrCapabilities HdrCapabilities{mSupportedHdrTypes=[], mMaxLuminance=500.0, mMaxAverageLuminance=500.0, mMinLuminance=0.0}, allmSupported false, gameContentTypeSupported false, density 320, 262.939 x 262.939 dpi, appVsyncOff 1033333, presDeadline 14100000, cutout DisplayCutout{insets=Rect(0, 80 - 0, 0) waterfall=Insets{left=0, top=0, right=0, bottom=0} boundingRect={Bounds=[Rect(0, 0 - 0, 0), Rect(312, 0 - 408, 80), Rect(0, 0 - 0, 0), Rect(0, 0 - 0, 0)]} cutoutPathParserInfo={CutoutPathParserInfo{displayWidth=720 displayHeight=1600 physicalDisplayWidth=720 physicalDisplayHeight=1600 density={2.0} cutoutSpec={M -24,0 L -24,40 L 24,40 L 24,0 Z @dp} rotation={0} scale={1.0} physicalPixelDisplaySizeRatio={1.0}}}}, touch INTERNAL, rotation 0, type INTERNAL, address {port=0}, deviceProductInfo null, state ON, committedState ON, frameRateOverride {uid=10455 frameRateHz=90.0} , brightnessMinimum 0.0, brightnessMaximum 1.0, brightnessDefault 0.4, hdrSdrRatio NaN, roundedCorners RoundedCorners{[RoundedCorner{position=TopLeft, radius=34, center=Point(34, 34)}, RoundedCorner{position=TopRight, radius=34, center=Point(686, 34)}, RoundedCorner{position=BottomRight, radius=34, center=Point(686, 1566)}, RoundedCorner{position=BottomLeft, radius=34, center=Point(34, 1566)}]}, FLAG_ALLOWED_TO_BE_DEFAULT_DISPLAY, FLAG_ROTATES_WITH_CONTENT, FLAG_SECURE, FLAG_SUPPORTS_PROTECTED_BUFFERS, FLAG_TRUSTED, installOrientation 0, displayShape DisplayShape{ spec=2134893525 displayWidth=720 displayHeight=1600 physicalPixelDisplaySizeRatio=1.0 rotation=0 offsetX=0 offsetY=0 scale=1.0}}
06-22 15:23:23.642  1669  1734 D Griffin/DeviceState: virtualDisplayPackageName :{}
06-22 15:23:23.645  1669  1742 D Magellan: fallbackReportThrottlingIfNeeded return. 
06-22 15:23:23.646  1669  1734 D DisplayManagerService: Ignore redundant display event 0/2 to 10243/17998
06-22 15:23:23.646  1669  1734 D DisplayManagerService: Ignore redundant display event 0/2 to 10159/19455
06-22 15:23:23.646  1669  1734 D DisplayManagerService: Ignore redundant display event 0/2 to 10124/21241
06-22 15:23:23.647  1669  1734 D DisplayManagerService: Ignore redundant display event 0/2 to 10126/23129
06-22 15:23:23.647  1669  1734 D DisplayManagerService: Ignore redundant display event 0/2 to 10058/23459
06-22 15:23:23.647  1669  1734 D DisplayManagerService: Ignore redundant display event 0/2 to 10148/24919
06-22 15:23:23.655  1669  1735 I WindowManager: DisplayContent w: Window{be434fe u0 com.itsaky.androidide/com.itsaky.androidide.activities.editor.EditorActivityKt} Apply preferredModeId = 2
06-22 15:23:23.860   522 23866 I keystore2: system/security/keystore2/src/watchdog.rs:319 - Watchdog thread idle -> terminating. Have a great day.
06-22 15:23:23.912   877   958 I libPerfCtl: xgfGetFPS pid:2065 fps:-1
06-22 15:23:23.912   877   958 I AppThermalMode: [perfNotifyThermalState] hdl:0
06-22 15:23:23.912   877   958 I AppThermalMode: [findAppThermalIdx] Fail: appThermalModeEnable: 0,currentFPS: 120,fg->pid:18666
06-22 15:23:23.912   877   958 I AppThermalMode: [perfNotifyThermalState] appThermalIdx -1:
06-22 15:23:23.912   877   958 I libPerfCtl: xgfGetFPS pid:18666 fps:104
06-22 15:23:23.912   877   958 I AppThermalMode: [perfNotifyThermalState] hdl:0
06-22 15:23:23.912   877   958 I AppThermalMode: [findAppThermalIdx] Fail: appThermalModeEnable: 0,currentFPS: 120,fg->pid:18666
06-22 15:23:23.912   877   958 I AppThermalMode: [perfNotifyThermalState] appThermalIdx -1:
06-22 15:23:23.920  1669  1862 D EventHub: getevents BTN_TOUCH DOWN
06-22 15:23:23.921   877   920 D AppFlingMode: [CheckAppFlingHint] 25 com.itsaky.androidide 120
06-22 15:23:23.924   877   974 I libPowerHal: [setClusterFreq] MTKPOWER_HINT_APP_TOUCH: sysfs_freq set cpu freq: 1700000 -1 2000000 -1 
06-22 15:23:23.925   877   959 E libPowerHal: [getCPUFreq] error cid:2, nClusterNum:2
06-22 15:23:23.985  1669  2180 D TranCPUBooster: [setAffinity] Pid:143 mask:0-5
06-22 15:23:23.986   877   920 D AppFlingMode: [CheckAppFlingHint] 45 com.itsaky.androidide 120
06-22 15:23:23.986  1669  1818 I mtkpower_client: perf_lock_acq, hdl:106398, dur:3000, num:2, pid:1669, tid:1818
06-22 15:23:23.987   877   974 I libPowerHal: [setClusterFreq] MTKPOWER_HINT_UX_MOVE_SCROLLING: sysfs_freq set cpu freq: 1700000 -1 2000000 -1 
06-22 15:23:23.988  1669  1818 I mtkpower_client: ret_hdl:106446
06-22 15:23:23.988   877   974 I libPowerHal: [fpsgo_ctrl_render_thread] 18711, 0xb4000075b30c6400
06-22 15:23:23.989  1669  1818 I mtkpower_client: perf_lock_rel, hdl:106446, tid:1818
06-22 15:23:23.991   877   974 I libPowerHal: [fpsgo_ctrl_render_thread] 18711, 0xb4000075b30c6400
06-22 15:23:23.991   877   974 I libPowerHal: [PD] system_server update ONESHOT cmd:2000300 param:18711
06-22 15:23:24.006   956   956 I FPSGO   : fpsgo_boost_sched_idle_prefer:1
06-22 15:23:24.006   956   956 I mtkpower_client: perf_lock_acq, hdl:0, dur:0, num:2, tid:956
06-22 15:23:24.006   877   974 I libPowerHal: [PD] mtkpower@1.0-se update cmd:1408300 param:70
06-22 15:23:24.008   956   956 I mtkpower_client: ret_hdl:106447
06-22 15:23:24.008   956   956 I FPSGO   : perfLockAcq hdl:106447
06-22 15:23:24.008   956   956 I FPSGO   : fpsgo_boost_sched_rate_ns:0
06-22 15:23:24.008   956   956 I mtkpower_client: perf_lock_acq, hdl:0, dur:0, num:12, tid:956
06-22 15:23:24.009   956   956 I mtkpower_client: ret_hdl:106448
06-22 15:23:24.009   956   956 I FPSGO   : perfLockAcq hdl:106448
06-22 15:23:24.009   877   974 I libPowerHal: cmdSetting - unknown cmd:1438500, scmd:(null) ,param_1:0
06-22 15:23:24.009   877   974 I libPowerHal: cmdSetting - unknown cmd:1438800, scmd:(null) ,param_1:0
06-22 15:23:24.010  1669  1818 I mtkpower_client: perf_lock_acq, hdl:106446, dur:3000, num:2, pid:1669, tid:1818
06-22 15:23:24.011  1669  1818 I mtkpower_client: ret_hdl:106449
06-22 15:23:24.011   877   974 I libPowerHal: [touch_boost_enabled] value:0
06-22 15:23:24.011  1669  1818 I mtkpower_client: perf_lock_rel, hdl:106449, tid:1818
06-22 15:23:24.012   906   906 I BufferQueueProducer: [com.itsaky.androidide/com.itsaky.androidide.activities.editor.EditorActivityKt#6207](this:0xb40000745603b990,id:-1,api:0,p:-1,c:906) queueBuffer: fps=30.00 dur=1299.93 max=825.30 min=6.53
06-22 15:23:24.012   877   974 I libPowerHal: [PD] system_server update cmd:3408500 param:1
06-22 15:23:24.013   877   974 I libPowerHal: [touch_boost_enabled] value:-1
06-22 15:23:24.013   858   858 I hwcomposer: [HWCDisplay] [Display_0 (type:1)] fps:41.561340,dur:1299.28,max:440.58,min:3.29  
06-22 15:23:24.013   877   974 I libPowerHal: [PD] system_server update cmd:3408500 param:-1
06-22 15:23:24.024   877   974 I mtkpower@impl: [powerd_req] TIMER_MSG_PERF_LOCK_TIMEOUT hdl:106443
06-22 15:23:24.025   877   974 I libPowerHal: [PD] MTKPOWER_HINT_APP_TOUCH update cmd:3408b00 param:0
06-22 15:23:24.045 18666 18666 D BottomSheetViewModel: [main] new SheetState: SheetState(sheetState=1, currentTab=7)
06-22 15:23:24.118  3629  3629 I ScreenTouchCollector: resetTouchPara:reason= InputEvent ACTION_UP or ACTION_CANCEL
06-22 15:23:24.121 18666 18666 D BottomSheetViewModel: [main] new SheetState: SheetState(sheetState=3, currentTab=7)
06-22 15:23:24.123 18666 18666 D BaseEditorActivity: [main] updateSheetState: SheetState(sheetState=3, currentTab=7)
06-22 15:23:24.126  1669  1818 I mtkpower_client: perf_lock_rel, hdl:106442, tid:1818
06-22 15:23:24.126  1669  1818 I mtkpower_client: perf_lock_acq, hdl:106442, dur:3000, num:2, pid:1669, tid:1818
06-22 15:23:24.127  1669  1818 I mtkpower_client: ret_hdl:106450
06-22 15:23:24.128 18666 18666 I ScrollIdentify: on fling
06-22 15:23:24.130  1669  2180 D TranCPUBooster: [setAffinity] Pid:143 mask:0-7
06-22 15:23:24.132  1669  2180 D TranCPUBooster: [setAffinity] Pid:143 mask:0-5
06-22 15:23:24.132   877   974 I libPowerHal: [setClusterFreq] MTKPOWER_HINT_UX_MOVE_SCROLLING: sysfs_freq set cpu freq: -1 -1 -1 -1 
06-22 15:23:24.132   877   974 I libPowerHal: [PD] MTKPOWER_HINT_UX_MOVE_SCROLLING update cmd:1408300 param:60
06-22 15:23:24.137   877   920 D AppFlingMode: [CheckAppFlingHint] 43 com.itsaky.androidide 120
06-22 15:23:24.138  1669  1818 I mtkpower_client: perf_lock_acq, hdl:106361, dur:3000, num:2, pid:1669, tid:1818
06-22 15:23:24.138   877   974 I libPowerHal: [setClusterFreq] MTKPOWER_HINT_UX_SCROLLING: sysfs_freq set cpu freq: 1700000 -1 2000000 -1 
06-22 15:23:24.141   956   956 I FPSGO   : fpsgo_boost_sched_idle_prefer:0
06-22 15:23:24.141   956   956 I mtkpower_client: perf_lock_rel, hdl:106447, tid:956
06-22 15:23:24.151   877   974 E libPowerHal: kswapd0_bind:1, scn:0xb4000075b30c5480
06-22 15:23:24.152  1669  1818 I mtkpower_client: ret_hdl:106452
06-22 15:23:24.152   877   974 I libPowerHal: cmdSetting - unknown cmd:2048700, scmd:(null) ,param_1:1
06-22 15:23:24.153   956   956 I FPSGO   : perfLockRel hdl:106447
06-22 15:23:24.153   956   956 I mtkpower_client: perf_lock_acq, hdl:0, dur:30000, num:2, tid:956
06-22 15:23:24.153   877   974 I libPowerHal: [PD] fpsgo update cmd:1404500 param:0
06-22 15:23:24.154   956   956 I mtkpower_client: ret_hdl:106453
06-22 15:23:24.156  1669  1735 I WindowManager: DisplayContent w: Window{be434fe u0 com.itsaky.androidide/com.itsaky.androidide.activities.editor.EditorActivityKt} Apply preferredModeId = 2
06-22 15:23:24.157  1669  1818 I mtkpower_client: perf_lock_acq, hdl:106449, dur:3000, num:4, pid:1669, tid:1818
06-22 15:23:24.158  1669  1818 I mtkpower_client: ret_hdl:106454
06-22 15:23:24.158   877   974 I libPowerHal: [fpsgo_noctrl_render_thread] -18711, 0xb4000075b30c8300
06-22 15:23:24.158  1669  1818 I mtkpower_client: perf_lock_rel, hdl:106454, tid:1818
06-22 15:23:24.158   877   974 E libPowerHal: Could not open '/sys/kernel/fpsgo/fstb/set_render_no_ctrl'
06-22 15:23:24.158   877   974 E libPowerHal: error : 2, No such file or directory
06-22 15:23:24.158   877   974 I libPowerHal: [fpsgo_ctrl_render_thread] 18711, 0xb4000075b30c8300
06-22 15:23:24.159   877   974 I libPowerHal: [fpsgo_noctrl_render_thread] -18711, 0xb4000075b30c8300
06-22 15:23:24.159   877   974 E libPowerHal: Could not open '/sys/kernel/fpsgo/fstb/set_render_no_ctrl'
06-22 15:23:24.160   877   974 E libPowerHal: error : 2, No such file or directory
06-22 15:23:24.160   877   974 I libPowerHal: [PD] system_server update ONESHOT cmd:2000400 param:-18711
06-22 15:23:24.160   877   974 I libPowerHal: [fpsgo_ctrl_render_thread] 18711, 0xb4000075b30c8300
06-22 15:23:24.160   877   974 I libPowerHal: [PD] system_server update ONESHOT cmd:2000300 param:18711
06-22 15:23:24.184 18666 18704 I saky.androidide: Explicit concurrent mark compact GC freed 1427KB AllocSpace bytes, 0(0B) LOS objects, 30% free, 54MB/78MB, paused 1.270ms,7.905ms total 358.219ms
06-22 15:23:24.187   906   906 I BufferQueueProducer: [StatusBar#91](this:0xb4000074560057e0,id:-1,api:0,p:-1,c:906) queueBuffer: fps=1.89 dur=2114.69 max=1432.62 min=90.76
06-22 15:23:24.204   906  1267 D SurfaceFlinger: calculateTimeoutTime, triggerInterval = 1 sec + 173771077 nsec
06-22 15:23:24.242  1669  1818 I mtkpower_client: perf_lock_acq, hdl:106399, dur:0, num:2, pid:1669, tid:1818
06-22 15:23:24.243  1669  1818 I mtkpower_client: ret_hdl:106455
06-22 15:23:24.243  1669  1818 I mtkpower_client: perf_lock_rel, hdl:106455, tid:1818
06-22 15:23:24.244   956   956 I mtkpower_client: perf_lock_rel, hdl:106453, tid:956
06-22 15:23:24.244   877   974 I libPowerHal: [PD] system_server update cmd:2004200 param:0
06-22 15:23:24.245   956   956 I FPSGO   : fpsgo_boost_sched_rate_ns:-1
06-22 15:23:24.245   956   956 I mtkpower_client: perf_lock_rel, hdl:106448, tid:956
06-22 15:23:24.246   956   956 I FPSGO   : perfLockRel hdl:106448
06-22 15:23:24.247   877   974 I libPowerHal: [PD] fpsgo update cmd:1438300, param:1000
06-22 15:23:24.247   877   974 I libPowerHal: [PD] fpsgo update cmd:1438400, param:1000
06-22 15:23:24.247   877   974 I libPowerHal: [PD] fpsgo update cmd:1438600 param:1000
06-22 15:23:24.248   877   974 I libPowerHal: [PD] fpsgo update cmd:1438700 param:1000
06-22 15:23:24.287  1669  1818 V os.notification: onFixNotification  start, notification= Notification(channel=LEAKCANARY_LOW shortcut=null contentView=null vibrate=null sound=null defaults=0x0 flags=0x10 color=0x00000000 groupKey=LEAKCANARY_LOW vis=PRIVATE)
06-22 15:23:24.287  1669  1818 V os.notification: onFixNotification  end, notification= Notification(channel=LEAKCANARY_LOW shortcut=null contentView=null vibrate=null sound=null defaults=0x0 flags=0x10 color=0x00000000 groupKey=LEAKCANARY_LOW vis=PRIVATE)
06-22 15:23:24.287  1669  1818 V os.notification: Don't update notification that is low importance.
06-22 15:23:24.287  1669  1818 D os.notification.pre:  add StatusBarNotification 19167299 current size 1
06-22 15:23:24.288  1669  1818 D os.notification: onEnqueueNotificationInternal wait before
06-22 15:23:24.288  1669  1841 D os.notification.SuspendJobManager: create job  com.transsion.util.SuspendJobManager$JobInfo@c8fb7f9 key:NotificationRecord(0x0ffdcec0: pkg=com.itsaky.androidide user=UserHandle{0} id=2131362428 tag=null importance=2 key=0|com.itsaky.androidide|2131362428|null|10455: Notification(channel=LEAKCANARY_LOW shortcut=null contentView=null vibrate=null sound=null defaults=0x0 flags=0x10 color=0x00000000 groupKey=LEAKCANARY_LOW vis=PRIVATE)) data:com.android.server.notification.NotificationManagerService$$ExternalSyntheticLambda9@6d5633e sn:-1 owner:{}
06-22 15:23:24.289  3758  3802 D os.notification: onNotifyNotification StatusBarNotification:StatusBarNotification(pkg=com.itsaky.androidide user=UserHandle{0} id=2131362428 tag=null key=0|com.itsaky.androidide|2131362428|null|10455: Notification(channel=null shortcut=null contentView=null vibrate=null sound=null defaults=0x0 flags=0x10 color=0x00000000 vis=PRIVATE)) callingUid:10455 NotificationChannel:NotificationChannel{mId='LEAKCANARY_LOW', mName=LeakCanary Low Priority, mDescription=, mImportance=2, mBypassDnd=false, mLockscreenVisibility=-1000, mSound=content://settings/system/notification_sound, mLights=false, mLightColor=0, mVibration=null, mUserLockedFields=0, mUserVisibleTaskShown=false, mVibrationEnabled=false, mShowBadge=true, mDeleted=false, mDeletedTimeMs=-1, mGroup='null', mAudioAttributes=AudioAttributes: usage=USAGE_NOTIFICATION content=CONTENT_TYPE_SONIFICATION flags=0x800 tags= bundle=null, mBlockableSystem=false, mAllowBubbles=-1, mImportanceLockedDefaultApp=false, mOriginalImp=2, mParent=null, mConversationId=null, mDemoted=false, mImportantConvo=false} receipt:com.transsion.app.IEnqueueNotificationReceipt$Stub$Proxy@be32fc8 sn:4730
06-22 15:23:24.289  3758  3802 D os_noti_center_rule: setNotiRule: chCursor = android.database.sqlite.SQLiteCursor@4fa7861, count --= 0, pkgAndCh = com.itsaky.androidide##LEAKCANARY_LOW, cloum = 3
06-22 15:23:24.290  3758  3802 D os.notification: handleNotifyNotification notification:Notification(channel=null shortcut=null contentView=null vibrate=null sound=null defaults=0x0 flags=0x10 color=0x00000000 vis=PRIVATE)
06-22 15:23:24.291  1669  1841 D os.notification.pre:  add Runnable 218912159 with StatusBarNotification 19167299 current size 1
06-22 15:23:24.291  1669  1841 D os.notification.SuspendJobManager: done  com.transsion.util.SuspendJobManager$JobInfo@c8fb7f9 key:NotificationRecord(0x0ffdcec0: pkg=com.itsaky.androidide user=UserHandle{0} id=2131362428 tag=null importance=2 key=0|com.itsaky.androidide|2131362428|null|10455: Notification(channel=LEAKCANARY_LOW shortcut=null contentView=null vibrate=null sound=null defaults=0x0 flags=0x10 color=0x00000000 groupKey=LEAKCANARY_LOW vis=PRIVATE)) data:com.android.server.notification.NotificationManagerService$$ExternalSyntheticLambda9@6d5633e sn:4730 owner:{3758} for  app-3758-request
06-22 15:23:24.291  1669  1841 D os.notification: onEnqueueNotificationInternal notifyAll
06-22 15:23:24.291  1669  1818 D os.notification: onEnqueueNotificationInternal wait after
06-22 15:23:24.291  1669  1818 D os.notification: onEnqueueNotificationInternal StatusBarNotification:StatusBarNotification(pkg=com.itsaky.androidide user=UserHandle{0} id=2131362428 tag=null key=0|com.itsaky.androidide|2131362428|null|10455: Notification(channel=LEAKCANARY_LOW shortcut=null contentView=null vibrate=null sound=null defaults=0x0 flags=0x10 color=0x00000000 groupKey=LEAKCANARY_LOW vis=PRIVATE)) callingUid:10455 sn:4730 res:true
06-22 15:23:24.292  1669  1669 D os.notification.pre:  remove Runnable 218912159 with StatusBarNotification 19167299 for puppet run current size 0
06-22 15:23:24.303  1669  1895 D TranWifiSmartAssistantController: start current network monitor 
06-22 15:23:24.303  1669  1895 D TranWifiSmartAssistantController: userIgnored :false isScoredCurrentNetwork :false
06-22 15:23:24.303  1669  1895 D TranWifiSmartAssistantController: mCurrentNetwork :100 SSID :"Wycro Software Developers"
06-22 15:23:24.304  1669  1895 D WifiNetworkQuality: wifi Total Speed: 0.19KB/s
06-22 15:23:24.304  1669  1895 D WifiNetworkQuality: CalcuateWifiRssi : -56
06-22 15:23:24.304  1669  1895 D WifiNetworkQuality: current rssi is sufficient
06-22 15:23:24.304  1669  1895 D TranWifiSmartAssistantController: mNoCandidateCount : -1
06-22 15:23:24.304  1669  1895 D TranWifiSmartAssistantController: ====>>rssi :-56
06-22 15:23:24.496  1669  1669 D TranLedLightImpl: TranLedLightImpl--ledwork:false
06-22 15:23:24.505   956   956 I FPSGO   : fpsgo_boost_sched_rate_ns:0
06-22 15:23:24.505   956   956 I mtkpower_client: perf_lock_acq, hdl:0, dur:0, num:12, tid:956
06-22 15:23:24.506   956   956 I mtkpower_client: ret_hdl:106456
06-22 15:23:24.506   956   956 I FPSGO   : perfLockAcq hdl:106456
06-22 15:23:24.506   956   956 I mtkpower_client: perf_lock_acq, hdl:0, dur:30000, num:2, tid:956
06-22 15:23:24.506   877   974 I libPowerHal: cmdSetting - unknown cmd:1438500, scmd:(null) ,param_1:0
06-22 15:23:24.506   877   974 I libPowerHal: cmdSetting - unknown cmd:1438800, scmd:(null) ,param_1:0
06-22 15:23:24.507  4589  4589 D ThirdCallManager: onNotificationPosted nid 2131362428 channelId : LEAKCANARY_LOW has fullScreenIntent false groupKey LEAKCANARY_LOW isChild true category null
06-22 15:23:24.507   956   956 I mtkpower_client: ret_hdl:106457
06-22 15:23:24.507  2360  2360 D badge_notification_post: onNotificationPosted()  starts: packageUserKey--》PackageUserKey{mHashCode=1535079244, mPackageName='com.itsaky.androidide', mUser=UserHandle{0}}  filteredOut->false badgeInfo--》BadgeInfo{mNotificationKeys=[NotificationKey{count=1, notificationKey='0|com.itsaky.androidide|2131362428|null|10455', shortcutId='null', isClearable=true}], mPackageUserKey=PackageUserKey{mHashCode=1535079244, mPackageName='com.itsaky.androidide', mUser=UserHandle{0}}, mTotalCount=1, postTime=1782159801803} isTwinApp=false notificationKey->NotificationKey{count=1, notificationKey='0|com.itsaky.androidide|2131362428|null|10455', shortcutId='null', isClearable=true}
06-22 15:23:24.508  4562  4562 D NLService: The notifications buffer size has reached its maximum size of 100 items. Shrinking it in order to satisfy the constraints.
06-22 15:23:24.508  4562  4562 D NLService: Successfully stored the newly arrived notification identified by 2131362428
06-22 15:23:24.514   956   956 I mtkpower_client: perf_lock_acq, hdl:106457, dur:30000, num:2, tid:956
06-22 15:23:24.515   956   956 I mtkpower_client: ret_hdl:106457
06-22 15:23:24.515   877   974 I libPowerHal: [PU] scn:3, update
06-22 15:23:24.515   877   974 I libPowerHal: [unsetGPUFreq] current min:24, max:0; scn_gpu_min:-1, scn_gpu_max:-1; scn_gpu_min(HL):-1, scn_gpu_max(HL):-1
06-22 15:23:24.515   877   974 I libPowerHal: [setGPUFreq] Soft min/max = (24, 0); Hard min/max = (24, 0)
06-22 15:23:24.515   877   974 I libPowerHal: [setGPUFreq] final min/max = (24, 0)
06-22 15:23:24.515   877   974 I libPowerHal: fpsgo: set gpu opp level: 24
06-22 15:23:24.517   877   974 I libPowerHal: fpsgo: set gpu opp level max: 0
06-22 15:23:24.520  2065  2065 I SysUI(251203)_OverviewSysUiProxyService:  isEnabled mIsEnabled false mIsFoldExpanded true
06-22 15:23:24.521  2065  2065 D SysUI(251203)_TrStackScrollerController: updateShowEmptyShadeView: noNotifications=false, visibleNotificationCount=13, mediaNotificationVisible=false
06-22 15:23:24.521  2065  2065 D IconifyRootViewController: icon ctr onAfterRenderList entries size = 13
06-22 15:23:24.521  2065  2065 D IconifyRootViewController: icon ctr onAfterRenderList entries size = 13
06-22 15:23:24.547   956   956 I mtkpower_client: perf_lock_acq, hdl:106457, dur:30000, num:2, tid:956
06-22 15:23:24.548   956   956 I mtkpower_client: ret_hdl:106457
06-22 15:23:24.548   877   974 I libPowerHal: [PU] scn:3, update
06-22 15:23:24.548   877   974 I libPowerHal: [unsetGPUFreq] current min:24, max:0; scn_gpu_min:-1, scn_gpu_max:-1; scn_gpu_min(HL):-1, scn_gpu_max(HL):-1
06-22 15:23:24.548   877   974 I libPowerHal: [setGPUFreq] Soft min/max = (24, 0); Hard min/max = (24, 0)
06-22 15:23:24.549   877   974 I libPowerHal: [setGPUFreq] final min/max = (24, 0)
06-22 15:23:24.549   877   974 I libPowerHal: fpsgo: set gpu opp level: 24
06-22 15:23:24.549   877   974 I libPowerHal: fpsgo: set gpu opp level max: 0
06-22 15:23:24.558   956   956 I mtkpower_client: perf_lock_acq, hdl:106457, dur:30000, num:2, tid:956
06-22 15:23:24.559   956   956 I mtkpower_client: ret_hdl:106457
06-22 15:23:24.559   877   974 I libPowerHal: [PU] scn:3, update
06-22 15:23:24.559   877   974 I libPowerHal: [unsetGPUFreq] current min:24, max:0; scn_gpu_min:-1, scn_gpu_max:-1; scn_gpu_min(HL):-1, scn_gpu_max(HL):-1
06-22 15:23:24.559   877   974 I libPowerHal: [setGPUFreq] Soft min/max = (24, 0); Hard min/max = (24, 0)
06-22 15:23:24.559   877   974 I libPowerHal: [setGPUFreq] final min/max = (24, 0)
06-22 15:23:24.560   877   974 I libPowerHal: fpsgo: set gpu opp level: 24
06-22 15:23:24.560   877   974 I libPowerHal: fpsgo: set gpu opp level max: 0
06-22 15:23:24.567  1669  1862 D EventHub: getevents BTN_TOUCH DOWN
06-22 15:23:24.568   877   920 D AppFlingMode: [CheckAppFlingHint] 25 com.itsaky.androidide 120
06-22 15:23:24.569   956   956 I mtkpower_client: perf_lock_acq, hdl:106457, dur:30000, num:2, tid:956
06-22 15:23:24.569   956   956 I mtkpower_client: ret_hdl:106457
06-22 15:23:24.570   877   974 I libPowerHal: [PU] scn:3, update
06-22 15:23:24.570   877   974 I libPowerHal: [unsetGPUFreq] current min:24, max:0; scn_gpu_min:-1, scn_gpu_max:-1; scn_gpu_min(HL):-1, scn_gpu_max(HL):-1
06-22 15:23:24.570   877   974 I libPowerHal: [setGPUFreq] Soft min/max = (24, 0); Hard min/max = (24, 0)
06-22 15:23:24.570   877   974 I libPowerHal: [setGPUFreq] final min/max = (24, 0)
06-22 15:23:24.571   877   974 I libPowerHal: fpsgo: set gpu opp level: 24
06-22 15:23:24.571   877   974 I libPowerHal: fpsgo: set gpu opp level max: 0
06-22 15:23:24.580   956   956 I mtkpower_client: perf_lock_acq, hdl:106457, dur:30000, num:2, tid:956
06-22 15:23:24.580   956   956 I mtkpower_client: ret_hdl:106457
06-22 15:23:24.580   877   974 I libPowerHal: [PU] scn:3, update
06-22 15:23:24.581   877   974 I libPowerHal: [unsetGPUFreq] current min:24, max:0; scn_gpu_min:-1, scn_gpu_max:-1; scn_gpu_min(HL):-1, scn_gpu_max(HL):-1
06-22 15:23:24.581   877   974 I libPowerHal: [setGPUFreq] Soft min/max = (24, 0); Hard min/max = (24, 0)
06-22 15:23:24.581   877   974 I libPowerHal: [setGPUFreq] final min/max = (24, 0)
06-22 15:23:24.581   877   974 I libPowerHal: fpsgo: set gpu opp level: 24
06-22 15:23:24.581   877   974 I libPowerHal: fpsgo: set gpu opp level max: 0
06-22 15:23:24.591   956   956 I mtkpower_client: perf_lock_acq, hdl:106457, dur:30000, num:2, tid:956
06-22 15:23:24.591   956   956 I mtkpower_client: ret_hdl:106457
06-22 15:23:24.591   877   974 I libPowerHal: [PU] scn:3, update
06-22 15:23:24.592   877   974 I libPowerHal: [unsetGPUFreq] current min:24, max:0; scn_gpu_min:-1, scn_gpu_max:-1; scn_gpu_min(HL):-1, scn_gpu_max(HL):-1
06-22 15:23:24.592   877   974 I libPowerHal: [setGPUFreq] Soft min/max = (24, 0); Hard min/max = (24, 0)
06-22 15:23:24.592   877   974 I libPowerHal: [setGPUFreq] final min/max = (24, 0)
06-22 15:23:24.592   877   974 I libPowerHal: fpsgo: set gpu opp level: 24
06-22 15:23:24.592   877   974 I libPowerHal: fpsgo: set gpu opp level max: 0
06-22 15:23:24.601   956   956 I mtkpower_client: perf_lock_acq, hdl:106457, dur:30000, num:2, tid:956
06-22 15:23:24.602   956   956 I mtkpower_client: ret_hdl:106457
06-22 15:23:24.602   877   974 I libPowerHal: [PU] scn:3, update
06-22 15:23:24.602   877   974 I libPowerHal: [unsetGPUFreq] current min:24, max:0; scn_gpu_min:-1, scn_gpu_max:-1; scn_gpu_min(HL):-1, scn_gpu_max(HL):-1
06-22 15:23:24.602   877   974 I libPowerHal: [setGPUFreq] Soft min/max = (24, 0); Hard min/max = (24, 0)
06-22 15:23:24.602   877   974 I libPowerHal: [setGPUFreq] final min/max = (24, 0)
06-22 15:23:24.602   877   974 I libPowerHal: fpsgo: set gpu opp level: 24
06-22 15:23:24.602   877   974 I libPowerHal: fpsgo: set gpu opp level max: 0
06-22 15:23:24.612   956   956 I mtkpower_client: perf_lock_acq, hdl:106457, dur:30000, num:2, tid:956
06-22 15:23:24.613   956   956 I mtkpower_client: ret_hdl:106457
06-22 15:23:24.613   877   974 I libPowerHal: [PU] scn:3, update
06-22 15:23:24.614   877   974 I libPowerHal: [unsetGPUFreq] current min:24, max:0; scn_gpu_min:-1, scn_gpu_max:-1; scn_gpu_min(HL):-1, scn_gpu_max(HL):-1
06-22 15:23:24.614   877   974 I libPowerHal: [setGPUFreq] Soft min/max = (24, 0); Hard min/max = (24, 0)
06-22 15:23:24.614   877   974 I libPowerHal: [setGPUFreq] final min/max = (24, 0)
06-22 15:23:24.614   877   974 I libPowerHal: fpsgo: set gpu opp level: 24
06-22 15:23:24.614   877   974 I libPowerHal: fpsgo: set gpu opp level max: 0
06-22 15:23:24.646   956   956 I mtkpower_client: perf_lock_acq, hdl:106457, dur:30000, num:2, tid:956
06-22 15:23:24.646   956   956 I mtkpower_client: ret_hdl:106457
06-22 15:23:24.647   877   974 I libPowerHal: [PU] scn:3, update
06-22 15:23:24.647   877   974 I libPowerHal: [unsetGPUFreq] current min:24, max:0; scn_gpu_min:-1, scn_gpu_max:-1; scn_gpu_min(HL):-1, scn_gpu_max(HL):-1
06-22 15:23:24.647   877   974 I libPowerHal: [setGPUFreq] Soft min/max = (24, 0); Hard min/max = (24, 0)
06-22 15:23:24.647   877   974 I libPowerHal: [setGPUFreq] final min/max = (24, 0)
06-22 15:23:24.647   877   974 I libPowerHal: fpsgo: set gpu opp level: 24
06-22 15:23:24.647   877   974 I libPowerHal: fpsgo: set gpu opp level max: 0
06-22 15:23:24.649   956   956 I mtkpower_client: perf_lock_acq, hdl:106457, dur:30000, num:2, tid:956
06-22 15:23:24.649   956   956 I mtkpower_client: ret_hdl:106457
