06-22 15:23:25.742   956   956 I mtkpower_client: perf_lock_acq, hdl:106475, dur:30000, num:2, tid:956
06-22 15:23:25.743   956   956 I mtkpower_client: ret_hdl:106475
06-22 15:23:25.743   877   974 I libPowerHal: [PU] scn:5, update
06-22 15:23:25.743   877   974 I libPowerHal: [unsetGPUFreq] current min:0, max:0; scn_gpu_min:-1, scn_gpu_max:-1; scn_gpu_min(HL):-1, scn_gpu_max(HL):-1
06-22 15:23:25.743   877   974 I libPowerHal: [setGPUFreq] Soft min/max = (0, 0); Hard min/max = (24, 0)
06-22 15:23:25.743   877   974 I libPowerHal: [setGPUFreq] final min/max = (0, 0)
06-22 15:23:25.743   877   974 I libPowerHal: fpsgo: set gpu opp level: 0
06-22 15:23:25.743   877   974 I libPowerHal: fpsgo: set gpu opp level max: 0
06-22 15:23:25.745 23459 23459 D ActivityThread: ++ activityComponent:com.google.android.documentsui/com.android.documentsui.picker.PickActivity counts:1 ALEAK_CLEAR_SUPPORT:true
06-22 15:23:25.746   906   906 D SurfaceFlinger: Focus addInputWindowCommands timestamp=1159760942637126, windowName=<null>
06-22 15:23:25.747   906   906 D SurfaceFlinger: Find Focus windowName=<null>, notVisible=1
06-22 15:23:25.747   906   906 D Layer   : Focus: Task=2#49 isHiddenByPolicy s.flags&layer_state_t::eLayerHidden=1
06-22 15:23:25.747   906   906 D Layer   : Focus: isHiddenByPolicy parent Task=2#49 is hidden cause not visible
06-22 15:23:25.747   906   906 D SurfaceFlinger: Focus inVisible Reason:isVisibleForInput(){hasInputInfo()?canReceiveInput():isVisible()}=0 has=1 can{!isHiddenByPolicy()&&(mBuffer==nullptr||getAlpha()>0.0f)}=0 Hidden=1 Buf=1 getA=1
06-22 15:23:25.747   906   906 D SurfaceFlinger: Find Focus windowName=<null>, notVisible=1
06-22 15:23:25.747   906   906 D Layer   : Focus: Task=2#49 isHiddenByPolicy s.flags&layer_state_t::eLayerHidden=1
06-22 15:23:25.747   906   906 D Layer   : Focus: isHiddenByPolicy parent Task=2#49 is hidden cause not visible
06-22 15:23:25.747   906   906 D SurfaceFlinger: Focus inVisible Reason:isVisibleForInput(){hasInputInfo()?canReceiveInput():isVisible()}=0 has=1 can{!isHiddenByPolicy()&&(mBuffer==nullptr||getAlpha()>0.0f)}=0 Hidden=1 Buf=1 getA=1
06-22 15:23:25.747   906   906 D SurfaceFlinger: Find Focus windowName=<null>, notVisible=1
06-22 15:23:25.747   906   906 D Layer   : Focus: com.android.systemui.wallpapers.ImageWallpaper#60 isHiddenByPolicy s.flags&layer_state_t::eLayerHidden=1
06-22 15:23:25.747   906   906 D Layer   : Focus: isHiddenByPolicy parent com.android.systemui.wallpapers.ImageWallpaper#60 is hidden cause not visible
06-22 15:23:25.747   906   906 D SurfaceFlinger: Focus inVisible Reason:isVisibleForInput(){hasInputInfo()?canReceiveInput():isVisible()}=0 has=1 can{!isHiddenByPolicy()&&(mBuffer==nullptr||getAlpha()>0.0f)}=0 Hidden=1 Buf=0 getA=1
06-22 15:23:25.747   956   956 I mtkpower_client: perf_lock_acq, hdl:106475, dur:30000, num:2, tid:956
06-22 15:23:25.747  3629  4122 I SimpleEventAdapt: onActivityEvent get com.google.android.documentsui, com.android.documentsui.picker.PickActivity,true
06-22 15:23:25.748  3629  4122 I SimpleEventAdapt: notifyEvent2  activity_event
06-22 15:23:25.748  3629  4122 I SimpleEventAdapt: notifyEvent  1
06-22 15:23:25.748   906  1293 D SurfaceFlinger: updateWinowInfo=1, setFocusedWindow timestamp=1159760942637126, windowName=<null>
06-22 15:23:25.749  3629  4122 I SimpleEventAdapt: onAppForegroundEvent get com.itsaky.androidide, false
06-22 15:23:25.749  3629  4122 I SimpleEventAdapt: notifyEvent2  app_foreground
06-22 15:23:25.749  3629  4122 I SimpleEventAdapt: notifyEvent  1
06-22 15:23:25.750  3629 23878 I CacheManager:  save new data to cache activity_event
06-22 15:23:25.750  3629 23878 I bsc     : notifyDataChange in activity_event, 1
06-22 15:23:25.750   956   956 I mtkpower_client: ret_hdl:106475
06-22 15:23:25.750  3629  4122 I SimpleEventAdapt: onAppForegroundEvent get com.google.android.documentsui, true
06-22 15:23:25.750  3629  4122 I SimpleEventAdapt: notifyEvent2  app_foreground
06-22 15:23:25.750 18666 18732 W ViolationHandler: [pool-8-thread-1] StrictMode violation detected
06-22 15:23:25.750 18666 18732 W ViolationHandler: android.os.strictmode.DiskReadViolation: null
06-22 15:23:25.750 18666 18732 W ViolationHandler: 	at android.os.StrictMode$AndroidBlockGuardPolicy.onReadFromDisk(StrictMode.java:1666)
06-22 15:23:25.750 18666 18732 W ViolationHandler: 	at java.io.UnixFileSystem.getBooleanAttributes(UnixFileSystem.java:306)
06-22 15:23:25.750 18666 18732 W ViolationHandler: 	at java.io.File.isFile(File.java:892)
06-22 15:23:25.750 18666 18732 W ViolationHandler: 	at com.mediatek.scnmodule.ScnModule.isGameApp(ScnModule.java:90)
06-22 15:23:25.750 18666 18732 W ViolationHandler: 	at com.mediatek.scnmodule.ScnModule.notifyAppisGame(ScnModule.java:107)
06-22 15:23:25.750 18666 18732 W ViolationHandler: 	at com.mediatek.powerhalwrapper.PowerHalWrapper.amsBoostNotify(PowerHalWrapper.java:492)
06-22 15:23:25.750 18666 18732 W ViolationHandler: 	at com.mediatek.server.powerhal.PowerHalManagerImpl.amsBoostNotify(PowerHalManagerImpl.java:141)
06-22 15:23:25.750 18666 18732 W ViolationHandler: 	at com.mediatek.server.am.AmsExtImpl.amsBoostNotify(AmsExtImpl.java:430)
06-22 15:23:25.750 18666 18732 W ViolationHandler: 	at com.mediatek.server.am.AmsExtImpl.onActivityStateChanged(AmsExtImpl.java:404)
06-22 15:23:25.750 18666 18732 W ViolationHandler: 	at com.android.server.wm.ActivityRecord.scheduleTopResumedActivityChanged(ActivityRecord.java:1671)
06-22 15:23:25.750 18666 18732 W ViolationHandler: 	at com.android.server.wm.ActivityTaskSupervisor.scheduleTopResumedActivityStateIfNeeded(ActivityTaskSupervisor.java:2646)
06-22 15:23:25.750 18666 18732 W ViolationHandler: 	at com.android.server.wm.ActivityTaskSupervisor.updateTopResumedActivityIfNeeded(ActivityTaskSupervisor.java:2638)
06-22 15:23:25.750 18666 18732 W ViolationHandler: 	at com.android.server.wm.TaskFragment.setResumedActivity(TaskFragment.java:547)
06-22 15:23:25.750 18666 18732 W ViolationHandler: 	at com.android.server.wm.TaskFragment.onActivityStateChanged(TaskFragment.java:855)
06-22 15:23:25.750 18666 18732 W ViolationHandler: 	at com.android.server.wm.ActivityRecord.setState(ActivityRecord.java:6364)
06-22 15:23:25.750 18666 18732 W ViolationHandler: 	at com.android.server.wm.Task.minimalResumeActivityLocked(Task.java:5034)
06-22 15:23:25.750 18666 18732 W ViolationHandler: 	at com.android.server.wm.ActivityTaskSupervisor.realStartActivityLocked(ActivityTaskSupervisor.java:1082)
06-22 15:23:25.750 18666 18732 W ViolationHandler: 	at com.android.server.wm.ActivityTaskSupervisor.startSpecificActivity(ActivityTaskSupervisor.java:1191)
06-22 15:23:25.750 18666 18732 W ViolationHandler: 	at com.android.server.wm.TaskFragment.resumeTopActivity(TaskFragment.java:1692)
06-22 15:23:25.750 18666 18732 W ViolationHandler: 	at com.android.server.wm.Task.resumeTopActivityInnerLocked(Task.java:5312)
06-22 15:23:25.750 18666 18732 W ViolationHandler: 	at com.android.server.wm.Task.resumeTopActivityUncheckedLocked(Task.java:5233)
06-22 15:23:25.750 18666 18732 W ViolationHandler: 	at com.android.server.wm.RootWindowContainer.resumeFocusedTasksTopActivities(RootWindowContainer.java:2569)
06-22 15:23:25.750 18666 18732 W ViolationHandler: 	at com.android.server.wm.RootWindowContainer.resumeFocusedTasksTopActivities(RootWindowContainer.java:2550)
06-22 15:23:25.750 18666 18732 W ViolationHandler: 	at com.android.server.wm.TaskFragment.completePause(TaskFragment.java:1956)
06-22 15:23:25.750 18666 18732 W ViolationHandler: 	at com.android.server.wm.ActivityRecord.activityPaused(ActivityRecord.java:7065)
06-22 15:23:25.750 18666 18732 W ViolationHandler: 	at com.android.server.wm.ActivityClientController.activityPaused(ActivityClientController.java:311)
06-22 15:23:25.750 18666 18732 W ViolationHandler: 	at android.app.IActivityClientController$Stub.onTransact(IActivityClientController.java:682)
06-22 15:23:25.750 18666 18732 W ViolationHandler: 	at com.android.server.wm.ActivityClientController.onTransact(ActivityClientController.java:198)
06-22 15:23:25.750 18666 18732 W ViolationHandler: 	at android.os.Binder.execTransactInternal(Binder.java:1339)
06-22 15:23:25.750 18666 18732 W ViolationHandler: 	at android.os.Binder.execTransact(Binder.java:1275)
06-22 15:23:25.750  3629  4122 I SimpleEventAdapt: notifyEvent  1
06-22 15:23:25.750  3629 23878 I DataServiceImplV2: StandardDataService notifyDataChange  in 
06-22 15:23:25.750  3629 23878 I CacheManager:  save new data to cache app_foreground
06-22 15:23:25.750  3629 23878 I bsc     : notifyDataChange in app_foreground, 1
06-22 15:23:25.750   877   974 I libPowerHal: [PU] scn:5, update
06-22 15:23:25.750   877   974 I libPowerHal: [unsetGPUFreq] current min:0, max:0; scn_gpu_min:-1, scn_gpu_max:-1; scn_gpu_min(HL):-1, scn_gpu_max(HL):-1
06-22 15:23:25.750  3629 23878 I DataServiceImplV2: StandardDataService notifyDataChange  in 
06-22 15:23:25.750   877   974 I libPowerHal: [setGPUFreq] Soft min/max = (0, 0); Hard min/max = (24, 0)
06-22 15:23:25.750   877   974 I libPowerHal: [setGPUFreq] final min/max = (0, 0)
06-22 15:23:25.751   877   974 I libPowerHal: fpsgo: set gpu opp level: 0
06-22 15:23:25.751  3629  4122 I SimpleEventAdapt: onAppStartEvent get com.google.android.documentsui,start true
06-22 15:23:25.751   877   974 I libPowerHal: fpsgo: set gpu opp level max: 0
06-22 15:23:25.751  3629 23879 I DataServiceImplV2: StandardDataService notifyDataChange  curServiceName StandardDataService type:activity_event
06-22 15:23:25.751  3629 23879 I Kolun_AI: SystemEventSubscribe: onPublishData {"type":"activity_event","time":1782159805749,"data":"{\"className\":\"com.android.documentsui.picker.PickActivity\",\"isResumed\":true,\"packageName\":\"com.google.android.documentsui\"}","provider":"dc","dc_version":2030370000,"data_version":1,"user_id":0}
06-22 15:23:25.751  3629 23879 I Kolun_AI: SystemEventSubscribe: publisher.getMatcher() activity_event
06-22 15:23:25.751  3629 23879 I ApiInvoke1.7.1: SubscribeManager: publishData success host DataCenter#StandardDataService matcher activity_event
06-22 15:23:25.751  3629 23879 W ApiInvoke1.7.1: SubscribeBusServerImpl: onSafePublishData start ==>> publisher Publisher{channel='DataCenter', apiName='StandardDataService', label='activity_event'}
06-22 15:23:25.752  3629 23879 W ApiInvoke1.7.1: SubscribeBusServerImpl: onSafePublishData, post publish data form DataCenter to {"pid": "3629","process": "com.transsion.kolun.aiservice","packageName": "com.transsion.kolun.aiservice","channels": ["APPService","AiEngine","DataCenter","GlobalGuideChannel"],"version": "1.7.1"} pid 3629 isPublishLocal true isInvalidPublisher false
06-22 15:23:25.752  3629 23879 W ApiInvoke1.7.1: ApiRequest: do publishData to remote activity_event
06-22 15:23:25.752  3629 23879 I DataServiceImplV2: StandardDataService notifyDataChange  curServiceName StandardDataService type:app_foreground
06-22 15:23:25.754  1669  1734 W ProcessStats: Tracking association SourceState{db675bf com.transsnet.store/10102 BFgs #2030616} whose proc state 4 is better than process ProcessState{a80c93d com.transsion.phonemanager:phonehelper_osfunction/1000 pkg=com.transsion.phonemanager} proc state 14 (16 skipped)
06-22 15:23:25.755  3629 23878 I CacheManager:  save new data to cache app_foreground
06-22 15:23:25.755  3629 23878 I bsc     : notifyDataChange in app_foreground, 1
06-22 15:23:25.755  3629 23879 I Kolun_AI: SystemEventSubscribe: onPublishData {"type":"app_foreground","time":1782159805750,"data":"{\"isForeground\":false,\"packageName\":\"com.itsaky.androidide\"}","provider":"dc","dc_version":2030370000,"data_version":1,"user_id":0}
06-22 15:23:25.755  3629 23879 I Kolun_AI: SystemEventSubscribe: publisher.getMatcher() app_foreground
06-22 15:23:25.756  3629 23879 I Kolun_AI: SystemEventSubscribeheh:SimpleEventBus post event AppForegroundEvent{mPackageName='com.itsaky.androidide', mIsForeground=false} 1782159805750
06-22 15:23:25.756  3629 23878 I DataServiceImplV2: StandardDataService notifyDataChange  in 
06-22 15:23:25.756  3629 23879 I ApiInvoke1.7.1: SubscribeManager: publishData success host DataCenter#StandardDataService matcher app_foreground
06-22 15:23:25.756  3629 23879 W ApiInvoke1.7.1: SubscribeBusServerImpl: onSafePublishData start ==>> publisher Publisher{channel='DataCenter', apiName='StandardDataService', label='app_foreground'}
06-22 15:23:25.756  3629 23879 W ApiInvoke1.7.1: SubscribeBusServerImpl: onSafePublishData, post publish data form DataCenter to {"pid": "6123","process": "com.transsion.kolun.assistant","packageName": "com.transsion.kolun.assistant","channels": ["AssistantChannel"],"version": "1.5.130"} pid 3629 isPublishLocal false isInvalidPublisher false
06-22 15:23:25.757  3629 23879 W ApiInvoke1.7.1: SubscribeBusServerImpl: onSafePublishData, post publish data form DataCenter to {"pid": "3629","process": "com.transsion.kolun.aiservice","packageName": "com.transsion.kolun.aiservice","channels": ["APPService","AiEngine","DataCenter","GlobalGuideChannel"],"version": "1.7.1"} pid 3629 isPublishLocal true isInvalidPublisher false
06-22 15:23:25.757  3629 23879 W ApiInvoke1.7.1: ApiRequest: do publishData to remote app_foreground
06-22 15:23:25.757  3629 23879 I DataServiceImplV2: StandardDataService notifyDataChange  curServiceName StandardDataService type:app_foreground
06-22 15:23:25.758  6123  6141 D Kolun.DataCenterImpl: onPublishDataapp_foreground, {"type":"app_foreground","time":1782159805750,"data":"{\"isForeground\":false,\"packageName\":\"com.itsaky.androidide\"}","provider":"dc","dc_version":2030370000,"data_version":1,"user_id":0}
06-22 15:23:25.759  3629  3867 I Kolun_AI: SceneIdentify:onBusEvent AppForegroundEvent   com.itsaky.androidide, false, nz2
06-22 15:23:25.759  3629  3867 I Kolun_AI: SceneIdentify:checkGameOut  com.itsaky.androidide, 
06-22 15:23:25.759  3629  3867 I Kolun_AI: SceneIdentify:checkSocialOut  com.itsaky.androidide, 
06-22 15:23:25.759  6123  6141 I ApiInvoke1.5.130: SubscribeManager: publishData success host DataCenter#StandardDataService matcher app_foreground
06-22 15:23:25.759  3629  3867 I Kolun_AI: AppPredictManager:onBusEvent com.itsaky.androidide false
06-22 15:23:25.760   956   956 I mtkpower_client: perf_lock_acq, hdl:106475, dur:30000, num:2, tid:956
06-22 15:23:25.760   956   956 I mtkpower_client: ret_hdl:106475
06-22 15:23:25.760   877   974 I libPowerHal: [PU] scn:5, update
06-22 15:23:25.761   877   974 I libPowerHal: [unsetGPUFreq] current min:0, max:0; scn_gpu_min:-1, scn_gpu_max:-1; scn_gpu_min(HL):-1, scn_gpu_max(HL):-1
06-22 15:23:25.761   877   974 I libPowerHal: [setGPUFreq] Soft min/max = (0, 0); Hard min/max = (24, 0)
06-22 15:23:25.761   877   974 I libPowerHal: [setGPUFreq] final min/max = (0, 0)
06-22 15:23:25.761   877   974 I libPowerHal: fpsgo: set gpu opp level: 0
06-22 15:23:25.761   877   974 I libPowerHal: fpsgo: set gpu opp level max: 0
06-22 15:23:25.762  3629 23879 I Kolun_AI: SystemEventSubscribe: onPublishData {"type":"app_foreground","time":1782159805751,"data":"{\"isForeground\":true,\"packageName\":\"com.google.android.documentsui\"}","provider":"dc","dc_version":2030370000,"data_version":1,"user_id":0}
06-22 15:23:25.762  3629 23879 I Kolun_AI: SystemEventSubscribe: publisher.getMatcher() app_foreground
06-22 15:23:25.762  3629 23879 I Kolun_AI: SystemEventSubscribeheh:SimpleEventBus post event AppForegroundEvent{mPackageName='com.google.android.documentsui', mIsForeground=true} 1782159805751
06-22 15:23:25.762  3629  3867 I Kolun_AI: SceneIdentify:onBusEvent AppForegroundEvent   com.google.android.documentsui, true, nz2
06-22 15:23:25.762  3629 23879 I ApiInvoke1.7.1: SubscribeManager: publishData success host DataCenter#StandardDataService matcher app_foreground
06-22 15:23:25.762  3629  3867 I Kolun_AI: SceneIdentify:checkGameIn  com.google.android.documentsui, 
06-22 15:23:25.762  3629  3867 I Kolun_AI: SceneIdentify:checkSocialIn  com.google.android.documentsui, 
06-22 15:23:25.762  3629  3867 I Kolun_AI: TipsSceneService:event com.google.android.documentsui
06-22 15:23:25.762  3629 23879 W ApiInvoke1.7.1: SubscribeBusServerImpl: onSafePublishData start ==>> publisher Publisher{channel='DataCenter', apiName='StandardDataService', label='app_foreground'}
06-22 15:23:25.762  3629  3867 I Kolun_AI: AppPredictManager:onBusEvent com.google.android.documentsui true
06-22 15:23:25.763  3629  5415 I Kolun_AI: AppPredictManager:onPackageChanged AppForegroundEvent com.itsaky.androidide false currentTime 2026-06-22 15:23:25
06-22 15:23:25.763  3629 23879 W ApiInvoke1.7.1: SubscribeBusServerImpl: onSafePublishData, post publish data form DataCenter to {"pid": "6123","process": "com.transsion.kolun.assistant","packageName": "com.transsion.kolun.assistant","channels": ["AssistantChannel"],"version": "1.5.130"} pid 3629 isPublishLocal false isInvalidPublisher false
06-22 15:23:25.763  3629  5415 I Kolun_AI: AppPredictManager:onPackageChanged AppForegroundEvent com.google.android.documentsui true currentTime 2026-06-22 15:23:25
06-22 15:23:25.763  3629 23879 W ApiInvoke1.7.1: SubscribeBusServerImpl: onSafePublishData, post publish data form DataCenter to {"pid": "3629","process": "com.transsion.kolun.aiservice","packageName": "com.transsion.kolun.aiservice","channels": ["APPService","AiEngine","DataCenter","GlobalGuideChannel"],"version": "1.7.1"} pid 3629 isPublishLocal true isInvalidPublisher false
06-22 15:23:25.763  3629 23879 W ApiInvoke1.7.1: ApiRequest: do publishData to remote app_foreground
06-22 15:23:25.764  6123  6141 D Kolun.DataCenterImpl: onPublishDataapp_foreground, {"type":"app_foreground","time":1782159805751,"data":"{\"isForeground\":true,\"packageName\":\"com.google.android.documentsui\"}","provider":"dc","dc_version":2030370000,"data_version":1,"user_id":0}
06-22 15:23:25.764  6123  6141 I ApiInvoke1.5.130: SubscribeManager: publishData success host DataCenter#StandardDataService matcher app_foreground
06-22 15:23:25.768   906   906 I BufferQueueProducer: [StatusBar#91](this:0xb4000074560057e0,id:-1,api:0,p:-1,c:906) queueBuffer: fps=2.53 dur=1581.14 max=966.23 min=65.72
06-22 15:23:25.775   956   956 I mtkpower_client: perf_lock_acq, hdl:106475, dur:30000, num:2, tid:956
06-22 15:23:25.776   956   956 I mtkpower_client: ret_hdl:106475
06-22 15:23:25.776   877   974 I libPowerHal: [PU] scn:5, update
06-22 15:23:25.776   877   974 I libPowerHal: [unsetGPUFreq] current min:0, max:0; scn_gpu_min:-1, scn_gpu_max:-1; scn_gpu_min(HL):-1, scn_gpu_max(HL):-1
06-22 15:23:25.776   877   974 I libPowerHal: [setGPUFreq] Soft min/max = (0, 0); Hard min/max = (24, 0)
06-22 15:23:25.776   877   974 I libPowerHal: [setGPUFreq] final min/max = (0, 0)
06-22 15:23:25.776   877   974 I libPowerHal: fpsgo: set gpu opp level: 0
06-22 15:23:25.776   877   974 I libPowerHal: fpsgo: set gpu opp level max: 0
06-22 15:23:25.785   956   956 I mtkpower_client: perf_lock_acq, hdl:106475, dur:30000, num:2, tid:956
06-22 15:23:25.786   956   956 I mtkpower_client: ret_hdl:106475
06-22 15:23:25.786   877   974 I libPowerHal: [PU] scn:5, update
06-22 15:23:25.786   877   974 I libPowerHal: [unsetGPUFreq] current min:0, max:0; scn_gpu_min:-1, scn_gpu_max:-1; scn_gpu_min(HL):-1, scn_gpu_max(HL):-1
06-22 15:23:25.786   877   974 I libPowerHal: [setGPUFreq] Soft min/max = (0, 0); Hard min/max = (24, 0)
06-22 15:23:25.786   877   974 I libPowerHal: [setGPUFreq] final min/max = (0, 0)
06-22 15:23:25.786   877   974 I libPowerHal: fpsgo: set gpu opp level: 0
06-22 15:23:25.786   877   974 I libPowerHal: fpsgo: set gpu opp level max: 0
06-22 15:23:25.798 23459 23459 E oid.documentsui: No package ID ff found for resource ID 0xffffffff.
06-22 15:23:25.807 23459 23459 W SelectionTracker: Setting gestureTooltypes is likely to result in unexpected behavior.
06-22 15:23:25.810 23459 23459 E oid.documentsui: No package ID ff found for resource ID 0xffffffff.
06-22 15:23:25.812 23459 23459 I TranViewScrollBoost: TRAN_SCROLL_BOOST_SUPPORT in APP, not includeInWhiteList
06-22 15:23:25.812   906  1466 D SurfaceFlinger: [SF client] NEW(0xb400007545ebac40) for (23459:com.google.android.documentsui)
06-22 15:23:25.815 23459 23459 D VRI[PickActivity]: hardware acceleration = true, forceHwAccelerated = false
06-22 15:23:25.815 23459 23459 I config_debug: updateDecorCaptionStatus: {1.0 ?mcc0mnc [en_US,es_US] ldltr sw360dp w360dp h720dp 320dpi nrml long port finger -keyb/v/h -nav/h winConfig={ mBounds=Rect(0, 0 - 720, 1600) mAppBounds=Rect(0, 80 - 720, 1520) mMaxBounds=Rect(0, 0 - 720, 1600) mDisplayRotation=ROTATION_0 mWindowingMode=fullscreen mDisplayWindowingMode=fullscreen mMultiWindowMode=normal mMultiWindowId=0 mWindowResiable=6 mInLargeScreen=-1 mActivityType=standard mAlwaysOnTop=undefined mRotation=ROTATION_0 mUiOptSpec=-1 mCurDisplayId=-1} as.2 s.1 fontWeightAdjustment=0} fromMultiWindow: false
06-22 15:23:25.815 23459 23459 D ViewRootImpl: setView appearance:24 com.google.android.documentsui/com.android.documentsui.picker.PickActivity
06-22 15:23:25.817   956   956 I mtkpower_client: perf_lock_acq, hdl:106475, dur:30000, num:2, tid:956
06-22 15:23:25.817  1669  1818 D CompatibilityChangeReporter: Compat change id reported: 168419799; UID 10058; state: DISABLED
06-22 15:23:25.817  1669  1818 D CompatibilityChangeReporter: Compat change id reported: 273564678; UID 10058; state: DISABLED
06-22 15:23:25.818   956   956 I mtkpower_client: ret_hdl:106475
06-22 15:23:25.818   906  2450 E BufferQueueDebug: [8c8186e com.google.android.documentsui/com.android.documentsui.picker.PickActivity#6232](this:0xb400007456069290,id:-1,api:0,p:-1,c:-1) id info cannot be read from '8c8186e com.google.android.documentsui/com.android.documentsui.picker.PickActivity#6232'
06-22 15:23:25.818   877   974 I libPowerHal: [PU] scn:5, update
06-22 15:23:25.818   906  2450 I BufferQueueDebug: [8c8186e com.google.android.documentsui/com.android.documentsui.picker.PickActivity#6232](this:0xb400007456069290,id:-1,api:0,p:-1,c:-1) BufferQueue core=(906:/system/bin/surfaceflinger)
06-22 15:23:25.818   877   974 I libPowerHal: [unsetGPUFreq] current min:0, max:0; scn_gpu_min:-1, scn_gpu_max:-1; scn_gpu_min(HL):-1, scn_gpu_max(HL):-1
06-22 15:23:25.818   877   974 I libPowerHal: [setGPUFreq] Soft min/max = (0, 0); Hard min/max = (24, 0)
06-22 15:23:25.818   877   974 I libPowerHal: [setGPUFreq] final min/max = (0, 0)
06-22 15:23:25.818   877   974 I libPowerHal: fpsgo: set gpu opp level: 0
06-22 15:23:25.819   877   974 I libPowerHal: fpsgo: set gpu opp level max: 0
06-22 15:23:25.821   956   956 I mtkpower_client: perf_lock_acq, hdl:106475, dur:30000, num:2, tid:956
06-22 15:23:25.821   956   956 I mtkpower_client: ret_hdl:106475
06-22 15:23:25.821 23459 23459 D InputTransport: Create ARC handle: 0xb400007d0aa717a0
06-22 15:23:25.821 23459 23459 D InputEventReceiver: Input log is disabled in InputEventReceiver.
06-22 15:23:25.821 23459 23459 D InputTransport: Input log is disabled in InputChannel.
06-22 15:23:25.821   877   974 I libPowerHal: [PU] scn:5, update
06-22 15:23:25.822   877   974 I libPowerHal: [unsetGPUFreq] current min:0, max:0; scn_gpu_min:-1, scn_gpu_max:-1; scn_gpu_min(HL):-1, scn_gpu_max(HL):-1
06-22 15:23:25.822   877   974 I libPowerHal: [setGPUFreq] Soft min/max = (0, 0); Hard min/max = (24, 0)
06-22 15:23:25.822   877   974 I libPowerHal: [setGPUFreq] final min/max = (0, 0)
06-22 15:23:25.822   877   974 I libPowerHal: fpsgo: set gpu opp level: 0
06-22 15:23:25.822   877   974 I libPowerHal: fpsgo: set gpu opp level max: 0
06-22 15:23:25.822  1669  1720 I TranThermalBacklightCtrl: cur package [com.google.android.documentsui] is in TemperatureControlWhitelist
06-22 15:23:25.823  1669  1720 I TranThermalBacklightCtrl: mParamAPTempHigh[0]=40.0, mParamAPTempLow[0]=38.0, mParamBrightnessMax[0]=0.9, mParamLuxLimit[0]=2000.0
06-22 15:23:25.823  1669  1720 I TranThermalBacklightCtrl: mParamAPTempHigh[1]=47.0, mParamAPTempLow[1]=45.0, mParamBrightnessMax[1]=0.65, mParamLuxLimit[1]=2000.0
06-22 15:23:25.824 23459 23459 E oid.documentsui: No package ID ff found for resource ID 0xffffffff.
06-22 15:23:25.829  1669  1818 D CoreBackPreview: Window{8c8186e u0 com.google.android.documentsui/com.android.documentsui.picker.PickActivity}: Setting back callback OnBackInvokedCallbackInfo{mCallback=android.window.IOnBackInvokedCallback$Stub$Proxy@6614d7a, mPriority=0, mIsAnimationCallback=false}
06-22 15:23:25.829  3653 19891 W SQLiteQueryBuilder: Allowing abusive custom column: null as oem_metadata
06-22 15:23:25.830  3653 19891 W SQLiteQueryBuilder: Allowing abusive custom column: null as oem_metadata
06-22 15:23:25.833   906  1466 E BufferQueueDebug: [com.google.android.documentsui/com.android.documentsui.picker.PickActivity#6233](this:0xb40000745607d180,id:-1,api:0,p:-1,c:-1) id info cannot be read from 'com.google.android.documentsui/com.android.documentsui.picker.PickActivity#6233'
06-22 15:23:25.833   906  1466 I BufferQueueDebug: [com.google.android.documentsui/com.android.documentsui.picker.PickActivity#6233](this:0xb40000745607d180,id:-1,api:0,p:-1,c:-1) BufferQueue core=(906:/system/bin/surfaceflinger)
06-22 15:23:25.836  1669  1818 I WindowManager: DisplayContent w: Window{be434fe u0 com.itsaky.androidide/com.itsaky.androidide.activities.editor.EditorActivityKt} Apply preferredModeId = 2
06-22 15:23:25.837  1669  1818 D WindowManager: currentFocusId -1 newFocusId: 0 currentFocusIsMultiWindow: false newFocusIsMultiWindow: false
06-22 15:23:25.838  1669  1818 W WindowManager: Changing focus from null to Window{8c8186e u0 com.google.android.documentsui/com.android.documentsui.picker.PickActivity} displayId=0 Callers=com.android.server.wm.RootWindowContainer.updateFocusedWindowLocked:508 com.android.server.wm.WindowManagerService.updateFocusedWindowLocked:6510 com.android.server.wm.WindowManagerService.relayoutWindow:2713 com.android.server.wm.Session.relayout:259 
06-22 15:23:25.838  2347  3018 D ApkController: onTaskStackChanged 
06-22 15:23:25.839   906  2450 E BufferQueueDebug: [Surface(name=d6c79f9 NavigationBar0)/@0x53400d4 - animation-leash of insets_animation#6234](this:0xb400007456016940,id:-1,api:0,p:-1,c:-1) id info cannot be read from 'Surface(name=d6c79f9 NavigationBar0)/@0x53400d4 - animation-leash of insets_animation#6234'
06-22 15:23:25.839   906  2450 I BufferQueueDebug: [Surface(name=d6c79f9 NavigationBar0)/@0x53400d4 - animation-leash of insets_animation#6234](this:0xb400007456016940,id:-1,api:0,p:-1,c:-1) BufferQueue core=(906:/system/bin/surfaceflinger)
06-22 15:23:25.839   956   956 I mtkpower_client: perf_lock_acq, hdl:106475, dur:30000, num:2, tid:956
06-22 15:23:25.840   956   956 I mtkpower_client: ret_hdl:106475
06-22 15:23:25.840   877   974 I libPowerHal: [PU] scn:5, update
06-22 15:23:25.841   877   974 I libPowerHal: [unsetGPUFreq] current min:0, max:0; scn_gpu_min:-1, scn_gpu_max:-1; scn_gpu_min(HL):-1, scn_gpu_max(HL):-1
06-22 15:23:25.841   877   974 I libPowerHal: [setGPUFreq] Soft min/max = (0, 0); Hard min/max = (24, 0)
06-22 15:23:25.841   877   974 I libPowerHal: [setGPUFreq] final min/max = (0, 0)
06-22 15:23:25.841   877   974 I libPowerHal: fpsgo: set gpu opp level: 0
06-22 15:23:25.841   877   974 I libPowerHal: fpsgo: set gpu opp level max: 0
06-22 15:23:25.841   906  1466 E BufferQueueDebug: [Surface(name=8e9c80d StatusBar)/@0xf2ae115 - animation-leash of insets_animation#6235](this:0xb4000074560748d0,id:-1,api:0,p:-1,c:-1) id info cannot be read from 'Surface(name=8e9c80d StatusBar)/@0xf2ae115 - animation-leash of insets_animation#6235'
06-22 15:23:25.841   906  1466 I BufferQueueDebug: [Surface(name=8e9c80d StatusBar)/@0xf2ae115 - animation-leash of insets_animation#6235](this:0xb4000074560748d0,id:-1,api:0,p:-1,c:-1) BufferQueue core=(906:/system/bin/surfaceflinger)
06-22 15:23:25.843  1669  1818 D WindowManager: updateSystemBarAttributes appearance:24, win appearance:24, opaqueAppearance:0, win:Window{8c8186e u0 com.google.android.documentsui/com.android.documentsui.picker.PickActivity}, appearanceRegions=[AppearanceRegion{LIGHT_STATUS_BARS bounds=[0,0][720,1600]}]
06-22 15:23:25.843  1669  1720 D os.permission.PermissionInfo: checkPermission 10199:android.permission.MANAGE_ACTIVITY_TASKS:true
06-22 15:23:25.843  1669  1720 I os.permission: Grant permission: android.permission.MANAGE_ACTIVITY_TASKS to uid: 10199
06-22 15:23:25.843  1669  1818 D TranDisplayJamMonitor: checkExceptionWindowResult = 1024
06-22 15:23:25.844  1669  1818 D TranDisplayJamMonitor: check display window jam detection:Window{8c8186e u0 com.google.android.documentsui/com.android.documentsui.picker.PickActivity}
06-22 15:23:25.844  1669  1818 D TranDisplayJamMonitor: remove screen rotation animation detection
06-22 15:23:25.844  1669  1818 I WindowManager: Relayout Window{8c8186e u0 com.google.android.documentsui/com.android.documentsui.picker.PickActivity}: oldVis=4 newVis=0 focusMayChange = true requestedWidth = 720 requestedHeight = 1600 outFrames = ClientWindowFrames{frame=[0,0][720,1600] display=[0,0][720,1600] parentFrame=[0,0][0,0]} outSurfaceControl = Surface(name=com.google.android.documentsui/com.android.documentsui.picker.PickActivity)/@0x4b7b9a0
06-22 15:23:25.845  1669  1720 D os.permission.PermissionInfo: checkPermission 10199:android.permission.MANAGE_ACTIVITY_TASKS:true
06-22 15:23:25.845  1669  1720 I os.permission: Grant permission: android.permission.MANAGE_ACTIVITY_TASKS to uid: 10199
06-22 15:23:25.847 23459 23459 D BufferQueueConsumer: [](id:5ba300000001,api:0,p:-1,c:23459) connect: controlledByApp=false
06-22 15:23:25.849 23459 23459 I config_debug: updateDecorCaptionStatus: {1.0 ?mcc0mnc [en_US,es_US] ldltr sw360dp w360dp h720dp 320dpi nrml long port finger -keyb/v/h -nav/h winConfig={ mBounds=Rect(0, 0 - 720, 1600) mAppBounds=Rect(0, 80 - 720, 1520) mMaxBounds=Rect(0, 0 - 720, 1600) mDisplayRotation=ROTATION_0 mWindowingMode=fullscreen mDisplayWindowingMode=fullscreen mMultiWindowMode=normal mMultiWindowId=0 mWindowResiable=6 mInLargeScreen=-1 mActivityType=standard mAlwaysOnTop=undefined mRotation=ROTATION_0 mUiOptSpec=-1 mCurDisplayId=-1} as.2 s.1 fontWeightAdjustment=0} fromMultiWindow: true
06-22 15:23:25.850   956   956 I mtkpower_client: perf_lock_acq, hdl:106475, dur:30000, num:2, tid:956
06-22 15:23:25.850   956   956 I mtkpower_client: ret_hdl:106475
06-22 15:23:25.851   877   974 I libPowerHal: [PU] scn:5, update
06-22 15:23:25.851   877   974 I libPowerHal: [unsetGPUFreq] current min:0, max:0; scn_gpu_min:-1, scn_gpu_max:-1; scn_gpu_min(HL):-1, scn_gpu_max(HL):-1
06-22 15:23:25.851   877   974 I libPowerHal: [setGPUFreq] Soft min/max = (0, 0); Hard min/max = (24, 0)
06-22 15:23:25.851   877   974 I libPowerHal: [setGPUFreq] final min/max = (0, 0)
06-22 15:23:25.851   877   974 I libPowerHal: fpsgo: set gpu opp level: 0
06-22 15:23:25.851   877   974 I libPowerHal: fpsgo: set gpu opp level max: 0
06-22 15:23:25.852 23459 23508 E OpenGLRenderer: Device claims wide gamut support, cannot find matching config, error = EGL_SUCCESS
06-22 15:23:25.852 23459 23508 W OpenGLRenderer: Failed to initialize 101010-2 format, error = EGL_SUCCESS
06-22 15:23:25.853  2347 16268 D ApkController: [handleMessage] --> start 1
06-22 15:23:25.858  1669  1735 D SurfaceComposerClient: Transaction::apply InputWindowCommands.focusRequests timestamp=1159761048481433, windowName=8c8186e com.google.android.documentsui/com.android.documentsui.picker.PickActivity
06-22 15:23:25.859 23459 23508 E OpenGLRenderer: Unable to match the desired swap behavior.
06-22 15:23:25.861   956   956 I mtkpower_client: perf_lock_acq, hdl:106475, dur:30000, num:2, tid:956
06-22 15:23:25.861   956   956 I mtkpower_client: ret_hdl:106475
06-22 15:23:25.862   877   974 I libPowerHal: [PU] scn:5, update
06-22 15:23:25.862   877   974 I libPowerHal: [unsetGPUFreq] current min:0, max:0; scn_gpu_min:-1, scn_gpu_max:-1; scn_gpu_min(HL):-1, scn_gpu_max(HL):-1
06-22 15:23:25.862   877   974 I libPowerHal: [setGPUFreq] Soft min/max = (0, 0); Hard min/max = (24, 0)
06-22 15:23:25.862   877   974 I libPowerHal: [setGPUFreq] final min/max = (0, 0)
06-22 15:23:25.862   877   974 I libPowerHal: fpsgo: set gpu opp level: 0
06-22 15:23:25.862   877   974 I libPowerHal: fpsgo: set gpu opp level max: 0
06-22 15:23:25.868   906   906 D SurfaceFlinger: Focus addInputWindowCommands timestamp=1159761048481433, windowName=8c8186e com.google.android.documentsui/com.android.documentsui.picker.PickActivity
06-22 15:23:25.869   906   906 D SurfaceFlinger: Find Focus windowName=8c8186e com.google.android.documentsui/com.android.documentsui.picker.PickActivity, notVisible=1
06-22 15:23:25.869   906   906 D Layer   : Focus: ActivityRecord{66aacbb u0 com.google.android.documentsui/com.android.documentsui.picker.PickActivity t92}#6231 isHiddenByPolicy s.flags&layer_state_t::eLayerHidden=1
06-22 15:23:25.869   906   906 D Layer   : Focus: isHiddenByPolicy parent ActivityRecord{66aacbb u0 com.google.android.documentsui/com.android.documentsui.picker.PickActivity t92}#6231 is hidden cause not visible
06-22 15:23:25.869   906   906 D SurfaceFlinger: Focus inVisible Reason:isVisibleForInput(){hasInputInfo()?canReceiveInput():isVisible()}=0 has=1 can{!isHiddenByPolicy()&&(mBuffer==nullptr||getAlpha()>0.0f)}=0 Hidden=1 Buf=1 getA=1
06-22 15:23:25.870   906  1293 D SurfaceFlinger: updateWinowInfo=1, setFocusedWindow timestamp=1159761048481433, windowName=8c8186e com.google.android.documentsui/com.android.documentsui.picker.PickActivity
06-22 15:23:25.870   956   956 I mtkpower_client: perf_lock_acq, hdl:106475, dur:30000, num:2, tid:956
06-22 15:23:25.870   956   956 I mtkpower_client: ret_hdl:106475
06-22 15:23:25.870   877   974 I libPowerHal: [PU] scn:5, update
06-22 15:23:25.871   877   974 I libPowerHal: [unsetGPUFreq] current min:0, max:0; scn_gpu_min:-1, scn_gpu_max:-1; scn_gpu_min(HL):-1, scn_gpu_max(HL):-1
06-22 15:23:25.871   877   974 I libPowerHal: [setGPUFreq] Soft min/max = (0, 0); Hard min/max = (24, 0)
06-22 15:23:25.871   877   974 I libPowerHal: [setGPUFreq] final min/max = (0, 0)
06-22 15:23:25.871   877   974 I libPowerHal: fpsgo: set gpu opp level: 0
06-22 15:23:25.871   877   974 I libPowerHal: fpsgo: set gpu opp level max: 0
06-22 15:23:25.878  6346 23886 D AdvertisingIdClient: AdvertisingIdClient already created.
06-22 15:23:25.878  6346 23886 D AdvertisingIdClient: AdvertisingIdClient is not bounded. Starting to bind it...
06-22 15:23:25.878   906   906 I BufferQueueDebug: [Surface(name=d6c79f9 NavigationBar0)/@0x53400d4 - animation-leash of insets_animation#6229](this:0xb40000745602d5c0,id:-1,api:0,p:-1,c:906) onDestructor()
06-22 15:23:25.879   956   956 I mtkpower_client: perf_lock_acq, hdl:106475, dur:30000, num:2, tid:956
06-22 15:23:25.879   956   956 I mtkpower_client: ret_hdl:106475
06-22 15:23:25.880   877   974 I libPowerHal: [PU] scn:5, update
06-22 15:23:25.880   877   974 I libPowerHal: [unsetGPUFreq] current min:0, max:0; scn_gpu_min:-1, scn_gpu_max:-1; scn_gpu_min(HL):-1, scn_gpu_max(HL):-1
06-22 15:23:25.880   877   974 I libPowerHal: [setGPUFreq] Soft min/max = (0, 0); Hard min/max = (24, 0)
06-22 15:23:25.880   877   974 I libPowerHal: [setGPUFreq] final min/max = (0, 0)
06-22 15:23:25.880   877   974 I libPowerHal: fpsgo: set gpu opp level: 0
06-22 15:23:25.880   877   974 I libPowerHal: fpsgo: set gpu opp level max: 0
06-22 15:23:25.889   906   906 I BufferQueueDebug: [Surface(name=8e9c80d StatusBar)/@0xf2ae115 - animation-leash of insets_animation#6230](this:0xb40000745604caf0,id:-1,api:0,p:-1,c:906) onDestructor()
06-22 15:23:25.891  6346 23886 D AdvertisingIdClient: AdvertisingIdClient is bounded
06-22 15:23:25.893  6346 23886 I AdvertisingIdClient: shouldSendLog 1816267434
06-22 15:23:25.893  6346 23886 I AdvertisingIdClient: GetInfoInternal elapse 15ms
06-22 15:23:25.900  6280  6280 D BoundBrokerSvc: onRebind: Intent { act=com.google.android.gms.presencemanager.service.START dat=chimera-action:/... cmp=com.google.android.gms/.chimera.PersistentApiService }
06-22 15:23:25.901 23459 23459 E ApplicationPackageManager: start update Icon Color!
06-22 15:23:25.901  1669  1720 I PmsExtIcon: get Icon Info, data =0,0,0
06-22 15:23:25.901 23459 23459 I ApplicationPackageManager: color1 =0,color2 =0,bgColor =0
06-22 15:23:25.902 23459 23459 E PmsExtIcon: updateIconColor f1target is null
06-22 15:23:25.902 23459 23459 E PmsExtIcon: updateIconColor bgtarget is null
06-22 15:23:25.903 23459 23459 I ApplicationPackageManager: dr is vectorDrawable,but can not update Icon Color!
06-22 15:23:25.903 23459 23459 I ApplicationPackageManager: dr is vectorDrawable,so we update Icon Color !
06-22 15:23:25.905  6280  6280 D BoundBrokerSvc: onRebind: Intent { act=com.google.android.gms.presencemanager.service.INTERNAL_IDENTITY dat=chimera-action:/... cmp=com.google.android.gms/.chimera.PersistentApiService }
06-22 15:23:25.910 23459 23459 I PmsExtIcon: retrieving IPackageManager successfully! Shape Data is:M35.03,0L64.39,0C76.77,0 81.26,1.29 85.79,3.71C90.32,6.13 93.87,9.68 96.29,14.21L96.51,14.63C98.79,19.03 100,23.61 100,35.61L100,64.39C100,76.77 98.71,81.26 96.29,85.79C93.87,90.32 90.32,93.87 85.79,96.29L85.37,96.51C80.97,98.79 76.39,100 64.39,100L35.61,100C23.23,100 18.74,98.71 14.21,96.29C9.68,93.87 6.13,90.32 3.71,85.79L3.49,85.37C1.25,81.05 0.04,76.53 0,64.97L0,35.61C0,23.23 1.29,18.74 3.71,14.21C6.13,9.68 9.68,6.13 14.21,3.71L14.63,3.49C18.95,1.25 23.47,0.04 35.03,0L35.03,0Z
06-22 15:23:25.912   877   958 I libPerfCtl: xgfGetFPS pid:2065 fps:-1
06-22 15:23:25.912   877   958 I AppThermalMode: [perfNotifyThermalState] hdl:0
06-22 15:23:25.912   877   958 I AppThermalMode: [findAppThermalIdx] Fail: appThermalModeEnable: 0,currentFPS: 90,fg->pid:23459
06-22 15:23:25.912   877   958 I AppThermalMode: [perfNotifyThermalState] appThermalIdx -1:
06-22 15:23:25.912 23459 23459 E ApplicationPackageManager: start update Icon Color!
06-22 15:23:25.912   877   958 I libPerfCtl: xgfGetFPS pid:18666 fps:76
06-22 15:23:25.912   877   958 I AppThermalMode: [perfNotifyThermalState] hdl:0
06-22 15:23:25.912   877   958 I AppThermalMode: [findAppThermalIdx] Fail: appThermalModeEnable: 0,currentFPS: 90,fg->pid:23459
06-22 15:23:25.912   877   958 I AppThermalMode: [perfNotifyThermalState] appThermalIdx -1:
06-22 15:23:25.912  1669  1720 I PmsExtIcon: get Icon Info, data =0,0,0
06-22 15:23:25.913 23459 23459 I ApplicationPackageManager: color1 =0,color2 =0,bgColor =0
06-22 15:23:25.913 23459 23459 I ApplicationPackageManager: dr is not VectorDrawable,so we do nothing !
06-22 15:23:25.917 23459 23459 I PmsExtIcon: retrieving IPackageManager successfully! Shape Data is:M35.03,0L64.39,0C76.77,0 81.26,1.29 85.79,3.71C90.32,6.13 93.87,9.68 96.29,14.21L96.51,14.63C98.79,19.03 100,23.61 100,35.61L100,64.39C100,76.77 98.71,81.26 96.29,85.79C93.87,90.32 90.32,93.87 85.79,96.29L85.37,96.51C80.97,98.79 76.39,100 64.39,100L35.61,100C23.23,100 18.74,98.71 14.21,96.29C9.68,93.87 6.13,90.32 3.71,85.79L3.49,85.37C1.25,81.05 0.04,76.53 0,64.97L0,35.61C0,23.23 1.29,18.74 3.71,14.21C6.13,9.68 9.68,6.13 14.21,3.71L14.63,3.49C18.95,1.25 23.47,0.04 35.03,0L35.03,0Z
06-22 15:23:25.921 23459 23459 I PmsExtIcon: retrieving IPackageManager successfully! Shape Data is:M35.03,0L64.39,0C76.77,0 81.26,1.29 85.79,3.71C90.32,6.13 93.87,9.68 96.29,14.21L96.51,14.63C98.79,19.03 100,23.61 100,35.61L100,64.39C100,76.77 98.71,81.26 96.29,85.79C93.87,90.32 90.32,93.87 85.79,96.29L85.37,96.51C80.97,98.79 76.39,100 64.39,100L35.61,100C23.23,100 18.74,98.71 14.21,96.29C9.68,93.87 6.13,90.32 3.71,85.79L3.49,85.37C1.25,81.05 0.04,76.53 0,64.97L0,35.61C0,23.23 1.29,18.74 3.71,14.21C6.13,9.68 9.68,6.13 14.21,3.71L14.63,3.49C18.95,1.25 23.47,0.04 35.03,0L35.03,0Z
06-22 15:23:25.926  1669  1720 I WindowManager: DisplayContent w: Window{be434fe u0 com.itsaky.androidide/com.itsaky.androidide.activities.editor.EditorActivityKt} Apply preferredModeId = 2
06-22 15:23:25.949 23459 23508 D BLASTBufferQueue: [VRI[PickActivity]#1](f:0,a:1) acquireNextBufferLocked size=720x1600 mFrameNumber=1 applyTransaction=true mTimestamp=1159761150438356(auto) mPendingTransactions.size=0 graphicBufferId=100755637796877 transform=0
06-22 15:23:25.951   906   987 E surfaceflinger: == MALI DEBUG ===eglp_winsys_populate_image_templates ==12288
06-22 15:23:25.951  1669  1720 W WindowManager: finishDrawingWindow: Window{8c8186e u0 com.google.android.documentsui/com.android.documentsui.picker.PickActivity} mDrawState=DRAW_PENDING
06-22 15:23:25.953  1669  1735 I WindowManager: DisplayContent w: Window{be434fe u0 com.itsaky.androidide/com.itsaky.androidide.activities.editor.EditorActivityKt} Apply preferredModeId = 2
06-22 15:23:25.956  1669  1735 D BLASTSyncEngine: transition TransitionRecord{7c49382 id=444 type=OPEN flags=0x0} isAuthenticateSucceed false
06-22 15:23:25.956  1669  1735 I DreamAnimation:  hookAppTransitSuccess called,  mState=7 and doUnlockAnimation=0
06-22 15:23:25.957  1669  1735 W WindowManager: real show surface com.google.android.documentsui/com.android.documentsui.picker.PickActivity sc:Surface(name=com.google.android.documentsui/com.android.documentsui.picker.PickActivity)/@0x85e5d07 win : Window{8c8186e u0 com.google.android.documentsui/com.android.documentsui.picker.PickActivity}
06-22 15:23:25.957 23459 23459 E oid.documentsui: No package ID ff found for resource ID 0xffffffff.
06-22 15:23:25.957  1669  1735 I WindowManager:   isAnimating=false  okToAnimate=true  win=Window{31af716 u0 com.transsnet.store}
06-22 15:23:25.958   906  1466 E BufferQueueDebug: [Surface(name=31af716 com.transsnet.store)/@0x523e21a - animation-leash of window_animation#6236](this:0xb400007456046fd0,id:-1,api:0,p:-1,c:-1) id info cannot be read from 'Surface(name=31af716 com.transsnet.store)/@0x523e21a - animation-leash of window_animation#6236'
06-22 15:23:25.958   906  1466 I BufferQueueDebug: [Surface(name=31af716 com.transsnet.store)/@0x523e21a - animation-leash of window_animation#6236](this:0xb400007456046fd0,id:-1,api:0,p:-1,c:-1) BufferQueue core=(906:/system/bin/surfaceflinger)
06-22 15:23:25.960  1669  1735 I Transition: ignoreThunderbackTransition back= false change= false
06-22 15:23:25.960   906  2450 E BufferQueueDebug: [Transition Root: ActivityRecord{66aacbb u0 com.google.android.documentsui/com.android.documentsui.picker.PickActivity t92}#6237](this:0xb40000745604caf0,id:-1,api:0,p:-1,c:-1) id info cannot be read from 'Transition Root: ActivityRecord{66aacbb u0 com.google.android.documentsui/com.android.documentsui.picker.PickActivity t92}#6237'
06-22 15:23:25.960   906  2450 I BufferQueueDebug: [Transition Root: ActivityRecord{66aacbb u0 com.google.android.documentsui/com.android.documentsui.picker.PickActivity t92}#6237](this:0xb40000745604caf0,id:-1,api:0,p:-1,c:-1) BufferQueue core=(906:/system/bin/surfaceflinger)
06-22 15:23:25.966  1669  1735 I WindowManager: DisplayContent w: Window{8c8186e u0 com.google.android.documentsui/com.android.documentsui.picker.PickActivity} Apply preferredModeId = 2
06-22 15:23:25.966 23459 23459 D DefaultSelectionTracker: Ignoring onDataSetChange. No active selection.
06-22 15:23:25.966  2065  2139 V WindowManagerShell: onTransitionReady android.os.BinderProxy@9c70ae1: {id=444 t=OPEN f=0x0 trk=0 r=[0@Point(0, 0)] c=[{null m=OPEN f=FILLS_TASK leash=Surface(name=ActivityRecord{66aacbb u0 com.google.android.documentsui/com.android.documentsui.picker.PickActivity t92})/@0xc9914f4 sb=Rect(0, 0 - 0, 0) eb=Rect(0, 0 - 720, 1600) d=-1->0 r=-1->0:-1},{null m=TO_BACK f=FILLS_TASK leash=Surface(name=ActivityRecord{3512204 u0 com.itsaky.androidide/.activities.editor.EditorActivityKt t92})/@0xa48741d sb=Rect(0, 0 - 720, 1600) eb=Rect(0, 0 - 720, 1600) d=0}]}
06-22 15:23:25.966  2065  2139 D ShellTransitions: setupStartState hide:Surface(name=ActivityRecord{3512204 u0 com.itsaky.androidide/.activities.editor.EditorActivityKt t92})/@0xa48741d
06-22 15:23:25.966  2065  2139 D ShellTransitions: setupStartState setAlpha 0.f:Surface(name=ActivityRecord{66aacbb u0 com.google.android.documentsui/com.android.documentsui.picker.PickActivity t92})/@0xc9914f4
06-22 15:23:25.966  2065  2139 V WindowManagerShell: Playing animation for (#444)android.os.BinderProxy@9c70ae1@0
06-22 15:23:25.966  2065  2139 V WindowManagerShell:  try handler com.android.wm.shell.transition.DefaultMixedHandler@bb73a9b
06-22 15:23:25.966  2065  2139 V WindowManagerShell:  try handler com.android.wm.shell.keyguard.KeyguardTransitionHandler@7fb7f77
06-22 15:23:25.967  2065  2139 V WindowManagerShell:  try handler com.android.wm.shell.activityembedding.ActivityEmbeddingController@3f5b7e4
06-22 15:23:25.967  2065  2139 V WindowManagerShell:  try handler com.android.wm.shell.recents.RecentsTransitionHandler@bfef44d
06-22 15:23:25.967  1669  1736 I mtkpower_client: perf_cus_lock_hint hint:101, dur:200, pid:1669
06-22 15:23:25.967   877   920 D AppFlingMode: [CheckAppFlingHint] 101 com.google.android.documentsui 90
06-22 15:23:25.968  1669  1736 I mtkpower_client: perf_cus_lock_hint, ret_hdl:106480
06-22 15:23:25.968   906   982 E BufferQueueDebug: [e40754a ActivityRecordInputSink com.google.android.documentsui/com.android.documentsui.picker.PickActivity#6238](this:0xb40000745602d5c0,id:-1,api:0,p:-1,c:-1) id info cannot be read from 'e40754a ActivityRecordInputSink com.google.android.documentsui/com.android.documentsui.picker.PickActivity#6238'
06-22 15:23:25.968   906   982 I BufferQueueDebug: [e40754a ActivityRecordInputSink com.google.android.documentsui/com.android.documentsui.picker.PickActivity#6238](this:0xb40000745602d5c0,id:-1,api:0,p:-1,c:-1) BufferQueue core=(906:/system/bin/surfaceflinger)
06-22 15:23:25.971  2065  2139 V ShellRecents: RecentsTransitionHandler.startAnimation: no controller found
06-22 15:23:25.971  2065  2139 V WindowManagerShell:  try handler com.android.wm.shell.pip.PipTransition@a8bab02
06-22 15:23:25.971  2065  2139 V WindowManagerShell:  try handler com.android.wm.shell.splitscreen.StageCoordinator@11e9c13
06-22 15:23:25.971  2065  2139 V WindowManagerShell:  try handler com.android.wm.shell.transition.RemoteTransitionHandler@7486e50
06-22 15:23:25.971  2065  2139 V WindowManagerShell: Transition doesn't have explicit remote, search filters for match for {id=444 t=OPEN f=0x0 trk=0 r=[0@Point(0, 0)] c=[{null m=OPEN f=FILLS_TASK leash=Surface(name=ActivityRecord{66aacbb u0 com.google.android.documentsui/com.android.documentsui.picker.PickActivity t92})/@0xc9914f4 sb=Rect(0, 0 - 0, 0) eb=Rect(0, 0 - 720, 1600) d=-1->0 r=-1->0:-1},{null m=TO_BACK f=FILLS_TASK leash=Surface(name=ActivityRecord{3512204 u0 com.itsaky.androidide/.activities.editor.EditorActivityKt t92})/@0xa48741d sb=Rect(0, 0 - 720, 1600) eb=Rect(0, 0 - 720, 1600) d=0}]}
06-22 15:23:25.971  2065  2139 V WindowManagerShell:  Delegate animation for #444 to null
06-22 15:23:25.971  2065  2139 V WindowManagerShell:  try handler com.android.wm.shell.transition.DefaultTransitionHandler@d538849
06-22 15:23:25.971  2065  2139 V WindowManagerShell: start default transition animation, info = {id=444 t=OPEN f=0x0 trk=0 r=[0@Point(0, 0)] c=[{null m=OPEN f=FILLS_TASK leash=Surface(name=ActivityRecord{66aacbb u0 com.google.android.documentsui/com.android.documentsui.picker.PickActivity t92})/@0xc9914f4 sb=Rect(0, 0 - 0, 0) eb=Rect(0, 0 - 720, 1600) d=-1->0 r=-1->0:-1},{null m=TO_BACK f=FILLS_TASK leash=Surface(name=ActivityRecord{3512204 u0 com.itsaky.androidide/.activities.editor.EditorActivityKt t92})/@0xa48741d sb=Rect(0, 0 - 720, 1600) eb=Rect(0, 0 - 720, 1600) d=0}]}
06-22 15:23:25.972  2065  2139 I isAnimateWithFlipScreenSmartWindow: TransitionInfo.type:1
06-22 15:23:25.972  2065  2139 D isAnimateWithFlipScreenSmartWindow: isAnimateWithFlipScreenSmartWindow(info):  false
06-22 15:23:25.972  2065  2139 I isAnimateWithFlipScreenSmartWindow: TransitionInfo.type:1
06-22 15:23:25.972  2065  2139 I isAnimateWithFlipScreenSmartWindow: TransitionInfo.type:1
06-22 15:23:25.972  1669  1731 I _T_AppBehavior: APP_START_OCCURRED (pid:23459, packageName:com.google.android.documentsui, transitionType:8, launchedActivityName:com.android.documentsui.picker.PickActivity, callerPackage:com.itsaky.androidide, currentTransitionDelayMs:309, startingWindowDelayMs:-1, bindApplicationDelayMs:-1, windowsDrawnDelayMs:298)
06-22 15:23:25.974  1669  1731 D _T_AppBehavior: logInTaskActivityStart (packageName:com.google.android.documentsui, transitionType:8, launchedActivityName:com.android.documentsui.picker.PickActivity, transitionDelayMs:309,windowsDrawnDelayMs:298)
06-22 15:23:25.974  2065  2139 V WindowManagerShell: loadAnimation: anim=android.view.animation.AnimationSet@6d369de animAttr=0x5 type=OPEN isEntrance=false
06-22 15:23:25.974  2065  2139 D ShellTransitions: animationRange:  Rect(0, 0 - 720, 1600)
06-22 15:23:25.974  1669  1735 I WindowManager: DisplayContent w: Window{8c8186e u0 com.google.android.documentsui/com.android.documentsui.picker.PickActivity} Apply preferredModeId = 2
06-22 15:23:25.974  2065  2139 I isAnimateWithFlipScreenSmartWindow: TransitionInfo.type:1
06-22 15:23:25.974  2065  2139 D isAnimateWithFlipScreenSmartWindow: isAnimateWithFlipScreenSmartWindow(info):  false
06-22 15:23:25.974  2065  2139 I isAnimateWithFlipScreenSmartWindow: TransitionInfo.type:1
06-22 15:23:25.974  2065  2139 I isAnimateWithFlipScreenSmartWindow: TransitionInfo.type:1
06-22 15:23:25.974  1669  1731 I ActivityTaskManager: Displayed com.google.android.documentsui/com.android.documentsui.picker.PickActivity for user 0: +298ms
06-22 15:23:25.975  2065  2139 V WindowManagerShell: loadAnimation: anim=android.view.animation.AnimationSet@8be0e8c animAttr=0x4 type=OPEN isEntrance=true
06-22 15:23:25.975  2065  2139 D ShellTransitions: animationRange:  Rect(0, 0 - 720, 1600)
