06-22 15:23:24.650   877   974 I libPowerHal: [PU] scn:3, update
06-22 15:23:24.650   877   974 I libPowerHal: [unsetGPUFreq] current min:24, max:0; scn_gpu_min:-1, scn_gpu_max:-1; scn_gpu_min(HL):-1, scn_gpu_max(HL):-1
06-22 15:23:24.650   877   974 I libPowerHal: [setGPUFreq] Soft min/max = (24, 0); Hard min/max = (24, 0)
06-22 15:23:24.650   877   974 I libPowerHal: [setGPUFreq] final min/max = (24, 0)
06-22 15:23:24.650   877   974 I libPowerHal: fpsgo: set gpu opp level: 24
06-22 15:23:24.650   877   974 I libPowerHal: fpsgo: set gpu opp level max: 0
06-22 15:23:24.659   956   956 I mtkpower_client: perf_lock_acq, hdl:106457, dur:30000, num:2, tid:956
06-22 15:23:24.660   956   956 I mtkpower_client: ret_hdl:106457
06-22 15:23:24.661   877   974 I libPowerHal: [PU] scn:3, update
06-22 15:23:24.661   877   974 I libPowerHal: [unsetGPUFreq] current min:24, max:0; scn_gpu_min:-1, scn_gpu_max:-1; scn_gpu_min(HL):-1, scn_gpu_max(HL):-1
06-22 15:23:24.661   877   974 I libPowerHal: [setGPUFreq] Soft min/max = (24, 0); Hard min/max = (24, 0)
06-22 15:23:24.661   877   974 I libPowerHal: [setGPUFreq] final min/max = (24, 0)
06-22 15:23:24.661   877   974 I libPowerHal: fpsgo: set gpu opp level: 24
06-22 15:23:24.662   877   974 I libPowerHal: fpsgo: set gpu opp level max: 0
06-22 15:23:24.665  1669  2180 D TranCPUBooster: failed to reset kswapd cpu mask because is boosting
06-22 15:23:24.666   877   920 D AppFlingMode: [CheckAppFlingHint] 43 com.itsaky.androidide 120
06-22 15:23:24.666  1669  1720 I mtkpower_client: perf_lock_acq, hdl:106454, dur:3000, num:2, pid:1669, tid:1720
06-22 15:23:24.668  1669  1720 I mtkpower_client: ret_hdl:106460
06-22 15:23:24.668   877   974 I mtkpower@impl: [powerd_req] TIMER_MSG_PERF_LOCK_TIMEOUT hdl:106458
06-22 15:23:24.669   877   920 D AppFlingMode: [CheckAppFlingHint] 45 com.itsaky.androidide 120
06-22 15:23:24.669   877   974 I libPowerHal: [PD] MTKPOWER_HINT_APP_TOUCH update cmd:3408b00 param:0
06-22 15:23:24.669  1669  1720 I mtkpower_client: perf_lock_rel, hdl:106460, tid:1720
06-22 15:23:24.670   877   974 I libPowerHal: [fpsgo_ctrl_render_thread] 18711, 0xb4000075b30c5480
06-22 15:23:24.671   956   956 I mtkpower_client: perf_lock_acq, hdl:106457, dur:30000, num:2, tid:956
06-22 15:23:24.672   877   974 I libPowerHal: [fpsgo_ctrl_render_thread] 18711, 0xb4000075b30c5480
06-22 15:23:24.672   877   974 I libPowerHal: [PD] system_server update ONESHOT cmd:2000300 param:18711
06-22 15:23:24.673   956   956 I mtkpower_client: ret_hdl:106457
06-22 15:23:24.673   877   974 I libPowerHal: [PU] scn:3, update
06-22 15:23:24.674   877   974 I libPowerHal: [unsetGPUFreq] current min:24, max:0; scn_gpu_min:-1, scn_gpu_max:-1; scn_gpu_min(HL):-1, scn_gpu_max(HL):-1
06-22 15:23:24.674   877   974 I libPowerHal: [setGPUFreq] Soft min/max = (24, 0); Hard min/max = (24, 0)
06-22 15:23:24.674   877   974 I libPowerHal: [setGPUFreq] final min/max = (24, 0)
06-22 15:23:24.674   877   974 I libPowerHal: fpsgo: set gpu opp level: 24
06-22 15:23:24.674   877   974 I libPowerHal: fpsgo: set gpu opp level max: 0
06-22 15:23:24.676 18666 18666 D BottomSheetViewModel: [main] new SheetState: SheetState(sheetState=1, currentTab=7)
06-22 15:23:24.685   956   956 I mtkpower_client: perf_lock_acq, hdl:106457, dur:30000, num:2, tid:956
06-22 15:23:24.686   956   956 I mtkpower_client: ret_hdl:106457
06-22 15:23:24.686   877   974 I libPowerHal: [PU] scn:3, update
06-22 15:23:24.686   877   974 I libPowerHal: [unsetGPUFreq] current min:24, max:0; scn_gpu_min:-1, scn_gpu_max:-1; scn_gpu_min(HL):-1, scn_gpu_max(HL):-1
06-22 15:23:24.686   877   974 I libPowerHal: [setGPUFreq] Soft min/max = (24, 0); Hard min/max = (24, 0)
06-22 15:23:24.686   877   974 I libPowerHal: [setGPUFreq] final min/max = (24, 0)
06-22 15:23:24.687   877   974 I libPowerHal: fpsgo: set gpu opp level: 24
06-22 15:23:24.687   877   974 I libPowerHal: fpsgo: set gpu opp level max: 0
06-22 15:23:24.691  1669  1720 I mtkpower_client: perf_lock_acq, hdl:106460, dur:3000, num:2, pid:1669, tid:1720
06-22 15:23:24.692  1669  1720 I mtkpower_client: ret_hdl:106462
06-22 15:23:24.692   877   974 I libPowerHal: [touch_boost_enabled] value:0
06-22 15:23:24.693  1669  1720 I mtkpower_client: perf_lock_rel, hdl:106462, tid:1720
06-22 15:23:24.693   877   974 I libPowerHal: [PD] system_server update cmd:3408500 param:1
06-22 15:23:24.694   877   974 I libPowerHal: [touch_boost_enabled] value:-1
06-22 15:23:24.694   877   974 I libPowerHal: [PD] system_server update cmd:3408500 param:-1
06-22 15:23:24.696   956   956 I mtkpower_client: perf_lock_acq, hdl:106457, dur:30000, num:2, tid:956
06-22 15:23:24.697   956   956 I mtkpower_client: ret_hdl:106457
06-22 15:23:24.697   877   974 I libPowerHal: [PU] scn:3, update
06-22 15:23:24.697   877   974 I libPowerHal: [unsetGPUFreq] current min:24, max:0; scn_gpu_min:-1, scn_gpu_max:-1; scn_gpu_min(HL):-1, scn_gpu_max(HL):-1
06-22 15:23:24.697   877   974 I libPowerHal: [setGPUFreq] Soft min/max = (24, 0); Hard min/max = (24, 0)
06-22 15:23:24.697   877   974 I libPowerHal: [setGPUFreq] final min/max = (24, 0)
06-22 15:23:24.698   877   974 I libPowerHal: fpsgo: set gpu opp level: 24
06-22 15:23:24.698   877   974 I libPowerHal: fpsgo: set gpu opp level max: 0
06-22 15:23:24.703  2065  2065 D SysUI(251203)_NotificationMediaManager: finishUpdateMediaMetaData mLockscreenWallpaper.getBitmap() lockWallpaper=null isLockWallpaperUsed=false
06-22 15:23:24.717  2065  2065 I SysUI(251203)_OverviewSysUiProxyService:  isEnabled mIsEnabled false mIsFoldExpanded true
06-22 15:23:24.718  2065  2065 D SysUI(251203)_TrStackScrollerController: updateShowEmptyShadeView: noNotifications=false, visibleNotificationCount=13, mediaNotificationVisible=false
06-22 15:23:24.719  2065  2065 D IconifyRootViewController: icon ctr onAfterRenderList entries size = 13
06-22 15:23:24.719  2065  2065 D IconifyRootViewController: icon ctr onAfterRenderList entries size = 13
06-22 15:23:24.727  2065  2172 D NotificationCompact$UIBuilder: create ui builder for android.app.Notification$Builder@1fdc5ad => com.transsion.notificationui.TranLocalNotificationUIBuilder@c1610e2
06-22 15:23:24.730  2065  2172 D SystemUINotificationLice: setThunderButtonVisibleNeeded Notification(channel=LEAKCANARY_LOW shortcut=null contentView=null vibrate=null sound=null defaults=0x0 flags=0x10 color=0x00000000 groupKey=LEAKCANARY_LOW vis=PRIVATE)
06-22 15:23:24.734  2065  2172 D SystemUINotificationLice: setThunderButtonVisibleNeeded Notification(channel=LEAKCANARY_LOW shortcut=null contentView=null vibrate=null sound=null defaults=0x0 flags=0x10 color=0x00000000 groupKey=LEAKCANARY_LOW vis=PRIVATE)
06-22 15:23:24.739  2065  2172 D SystemUINotificationLice: updateButtonVisibleIfNeeded Notification(channel=LEAKCANARY_LOW shortcut=null contentView=null vibrate=null sound=null defaults=0x0 flags=0x10 color=0x00000000 groupKey=LEAKCANARY_LOW vis=PRIVATE)
06-22 15:23:24.741  2065  2172 D GameNotification: createAppLockView
06-22 15:23:24.743  2065  2172 D SystemUINotificationLice: setThunderButtonVisibleNeeded Notification(channel=LEAKCANARY_LOW shortcut=null contentView=null vibrate=null sound=null defaults=0x0 flags=0x10 color=0x00000000 groupKey=LEAKCANARY_LOW vis=PRIVATE)
06-22 15:23:24.755  2065  2172 D GameNotification: contentView id = 17367225
06-22 15:23:24.755  2065  2172 D GameNotification: 17367225
06-22 15:23:24.756  2065  2172 D LocalImageResolver: Couldn't use ImageDecoder for drawable, falling back to non-resized load.
06-22 15:23:24.756 18666 18666 D BottomSheetViewModel: [main] new SheetState: SheetState(sheetState=3, currentTab=7)
06-22 15:23:24.756  3629  3629 I ScreenTouchCollector: resetTouchPara:reason= InputEvent ACTION_UP or ACTION_CANCEL
06-22 15:23:24.757  2065  2172 D LocalImageResolver: Couldn't use ImageDecoder for drawable, falling back to non-resized load.
06-22 15:23:24.757 18666 18666 D BaseEditorActivity: [main] updateSheetState: SheetState(sheetState=3, currentTab=7)
06-22 15:23:24.758  2065  2172 D LocalImageResolver: Couldn't use ImageDecoder for drawable, falling back to non-resized load.
06-22 15:23:24.758  2065  2172 D LocalImageResolver: Couldn't use ImageDecoder for drawable, falling back to non-resized load.
06-22 15:23:24.758  1669  1720 I mtkpower_client: perf_lock_rel, hdl:106450, tid:1720
06-22 15:23:24.759  2065  2172 D LocalImageResolver: Couldn't use ImageDecoder for drawable, falling back to non-resized load.
06-22 15:23:24.759  1669  1720 I mtkpower_client: perf_lock_acq, hdl:106450, dur:3000, num:2, pid:1669, tid:1720
06-22 15:23:24.759  2065  2172 D LocalImageResolver: Couldn't use ImageDecoder for drawable, falling back to non-resized load.
06-22 15:23:24.760  1669  1720 I mtkpower_client: ret_hdl:106463
06-22 15:23:24.761 18666 18666 I ScrollIdentify: on fling
06-22 15:23:24.762  1669  2180 D TranCPUBooster: failed to reset kswapd cpu mask because is boosting
06-22 15:23:24.763   877   920 D AppFlingMode: [CheckAppFlingHint] 43 com.itsaky.androidide 120
06-22 15:23:24.764  1669  1720 I mtkpower_client: perf_lock_acq, hdl:106462, dur:3000, num:2, pid:1669, tid:1720
06-22 15:23:24.765  1669  1720 I mtkpower_client: ret_hdl:106465
06-22 15:23:24.766  1669  1720 I mtkpower_client: perf_lock_rel, hdl:106465, tid:1720
06-22 15:23:24.770  2065  2065 D game/all: updateBackgroundPublicIfGameMode: superGameHeadsUp mShouldPeek = false  isGameHeadsUp = false  mIsHeadsUp = false, isGameHeadsUpExtra = false
06-22 15:23:24.770  2065  2065 D game/all: updateBackgroundPublicIfGameMode: this:0|com.itsaky.androidide|2131362428|null|10455
06-22 15:23:24.780  2065  2065 I SysUI(251203)_OverviewSysUiProxyService:  isEnabled mIsEnabled false mIsFoldExpanded true
06-22 15:23:24.781  2065  2065 D SysUI(251203)_TrStackScrollerController: updateShowEmptyShadeView: noNotifications=false, visibleNotificationCount=13, mediaNotificationVisible=false
06-22 15:23:24.781  2065  2065 D IconifyRootViewController: icon ctr onAfterRenderList entries size = 13
06-22 15:23:24.781  2065  2065 D IconifyRootViewController: icon ctr onAfterRenderList entries size = 13
06-22 15:23:24.872  1669  1720 I mtkpower_client: perf_lock_acq, hdl:106455, dur:0, num:2, pid:1669, tid:1720
06-22 15:23:24.873  1669  1720 I mtkpower_client: ret_hdl:106466
06-22 15:23:24.873  1669  1720 I mtkpower_client: perf_lock_rel, hdl:106466, tid:1720
06-22 15:23:24.873   956   956 I mtkpower_client: perf_lock_rel, hdl:106457, tid:956
06-22 15:23:24.874   956   956 I FPSGO   : fpsgo_boost_sched_rate_ns:-1
06-22 15:23:24.874   956   956 I mtkpower_client: perf_lock_rel, hdl:106456, tid:956
06-22 15:23:24.875   877   974 I libPowerHal: [PD] system_server update cmd:2004200 param:0
06-22 15:23:24.876   956   956 I FPSGO   : perfLockRel hdl:106456
06-22 15:23:24.876   877   974 I libPowerHal: [PD] fpsgo update cmd:1438300, param:1000
06-22 15:23:24.876   877   974 I libPowerHal: [PD] fpsgo update cmd:1438400, param:1000
06-22 15:23:24.876   877   974 I libPowerHal: [PD] fpsgo update cmd:1438600 param:1000
06-22 15:23:24.877   877   974 I libPowerHal: [PD] fpsgo update cmd:1438700 param:1000
06-22 15:23:24.912   877   958 I libPerfCtl: xgfGetFPS pid:2065 fps:-1
06-22 15:23:24.912   877   958 I AppThermalMode: [perfNotifyThermalState] hdl:0
06-22 15:23:24.912   877   958 I AppThermalMode: [findAppThermalIdx] Fail: appThermalModeEnable: 0,currentFPS: 120,fg->pid:18666
06-22 15:23:24.912   877   958 I AppThermalMode: [perfNotifyThermalState] appThermalIdx -1:
06-22 15:23:24.912   877   958 I libPerfCtl: xgfGetFPS pid:18666 fps:73
06-22 15:23:24.912   877   958 I AppThermalMode: [perfNotifyThermalState] hdl:0
06-22 15:23:24.912   877   958 I AppThermalMode: [findAppThermalIdx] Fail: appThermalModeEnable: 0,currentFPS: 120,fg->pid:18666
06-22 15:23:24.912   877   958 I AppThermalMode: [perfNotifyThermalState] appThermalIdx -1:
06-22 15:23:24.912   877   958 I libPowerHal: [updateFPS] pid(18666) : 120 => 90
06-22 15:23:24.912   877   974 I libPowerHal: [perfNotifyAppState] pack:com.itsaky.androidide, act:com.itsaky.androidide.activities.editor.EditorActivityKt, state:5, pid:18666, uid:10455, fps:90
06-22 15:23:24.913   877   974 I UxUtility: notifyForegroundApp pack:com.itsaky.androidide, uid:10455
06-22 15:23:24.913   877   974 I TouchUtility: notifyAppState error = NULL
06-22 15:23:24.962  1217  1217 D AALLightSensor: oldLux=757 [SA:672 LA:672] newLux=757 (oriLux: 672)
06-22 15:23:25.091   956   956 I FPSGO   : fpsgo_boost_sched_rate_ns:0
06-22 15:23:25.091   956   956 I mtkpower_client: perf_lock_acq, hdl:0, dur:0, num:12, tid:956
06-22 15:23:25.092   956   956 I mtkpower_client: ret_hdl:106467
06-22 15:23:25.092   956   956 I FPSGO   : perfLockAcq hdl:106467
06-22 15:23:25.092   956   956 I mtkpower_client: perf_lock_acq, hdl:0, dur:30000, num:2, tid:956
06-22 15:23:25.092   877   974 I libPowerHal: cmdSetting - unknown cmd:1438500, scmd:(null) ,param_1:0
06-22 15:23:25.092   877   974 I libPowerHal: cmdSetting - unknown cmd:1438800, scmd:(null) ,param_1:0
06-22 15:23:25.093   956   956 I mtkpower_client: ret_hdl:106468
06-22 15:23:25.098   906   906 I BufferQueueProducer: [com.itsaky.androidide/com.itsaky.androidide.activities.editor.EditorActivityKt#6207](this:0xb40000745603b990,id:-1,api:0,p:-1,c:906) queueBuffer: fps=23.00 dur=1086.92 max=362.43 min=10.81
06-22 15:23:25.100   858   858 I hwcomposer: [HWCDisplay] [Display_0 (type:1)] fps:24.845709,dur:1086.71,max:329.50,min:10.50  
06-22 15:23:25.108   956   956 I mtkpower_client: perf_lock_acq, hdl:106468, dur:30000, num:2, tid:956
06-22 15:23:25.109   956   956 I mtkpower_client: ret_hdl:106468
06-22 15:23:25.109   877   974 I libPowerHal: [PU] scn:3, update
06-22 15:23:25.110   877   974 I libPowerHal: [unsetGPUFreq] current min:24, max:0; scn_gpu_min:-1, scn_gpu_max:-1; scn_gpu_min(HL):-1, scn_gpu_max(HL):-1
06-22 15:23:25.110   877   974 I libPowerHal: [setGPUFreq] Soft min/max = (24, 0); Hard min/max = (24, 0)
06-22 15:23:25.110   877   974 I libPowerHal: [setGPUFreq] final min/max = (24, 0)
06-22 15:23:25.110   877   974 I libPowerHal: fpsgo: set gpu opp level: 24
06-22 15:23:25.110   877   974 I libPowerHal: fpsgo: set gpu opp level max: 0
06-22 15:23:25.185  1669  1720 I mtkpower_client: perf_lock_acq, hdl:106466, dur:0, num:2, pid:1669, tid:1720
06-22 15:23:25.185  1669  1720 I mtkpower_client: ret_hdl:106469
06-22 15:23:25.186   956   956 I mtkpower_client: perf_lock_rel, hdl:106468, tid:956
06-22 15:23:25.186  1669  1720 I mtkpower_client: perf_lock_rel, hdl:106469, tid:1720
06-22 15:23:25.186   956   956 I FPSGO   : fpsgo_boost_sched_rate_ns:-1
06-22 15:23:25.186   956   956 I mtkpower_client: perf_lock_rel, hdl:106467, tid:956
06-22 15:23:25.187   956   956 I FPSGO   : perfLockRel hdl:106467
06-22 15:23:25.187   877   974 I libPowerHal: [PD] fpsgo update cmd:1438300, param:1000
06-22 15:23:25.188   877   974 I libPowerHal: [PD] fpsgo update cmd:1438400, param:1000
06-22 15:23:25.188   877   974 I libPowerHal: [PD] fpsgo update cmd:1438600 param:1000
06-22 15:23:25.188   877   974 I libPowerHal: [PD] fpsgo update cmd:1438700 param:1000
06-22 15:23:25.189   877   974 I libPowerHal: [PD] system_server update cmd:2004200 param:0
06-22 15:23:25.545  1669  1862 D EventHub: getevents BTN_TOUCH DOWN
06-22 15:23:25.546   877   920 D AppFlingMode: [CheckAppFlingHint] 25 com.itsaky.androidide 90
06-22 15:23:25.547   877   959 E libPowerHal: [getCPUFreq] error cid:2, nClusterNum:2
06-22 15:23:25.634  3629  3629 I ScreenTouchCollector: resetTouchPara:reason= InputEvent ACTION_UP or ACTION_CANCEL
06-22 15:23:25.634   877   974 I libPowerHal: [PD] MTKPOWER_HINT_APP_TOUCH update cmd:3408b00 param:0
06-22 15:23:25.636  1669  1720 I mtkpower_client: perf_lock_rel, hdl:106463, tid:1720
06-22 15:23:25.636  1669  1720 I mtkpower_client: perf_lock_acq, hdl:106463, dur:1000, num:2, pid:1669, tid:1720
06-22 15:23:25.637  1669  1720 I mtkpower_client: ret_hdl:106472
06-22 15:23:25.653  1669  1720 I mtkpower_client: perf_cus_lock_hint hint:105, dur:150, pid:1669
06-22 15:23:25.653   877   920 D AppFlingMode: [CheckAppFlingHint] 105 com.itsaky.androidide 90
06-22 15:23:25.654  1669  1720 I mtkpower_client: perf_cus_lock_hint, ret_hdl:106473
06-22 15:23:25.654  1669  1720 D os.WindowManagerServiceLice: onStartActivityAsUser, isPreloadIntent =  false
06-22 15:23:25.655  1669  1720 I ActivityTaskManager: floatWindow: multiWindowId = 0
06-22 15:23:25.656  1669  1720 D AppLockLice: onActivityStarterIntercept: callingPackage = com.itsaky.androidide, aInfo.packageName:com.google.android.documentsui,mComeLockPkgList =[]
06-22 15:23:25.657  1669  1720 D CompatibilityChangeReporter: Compat change id reported: 265464455; UID 10058; state: DISABLED
06-22 15:23:25.657  1669  1720 D CompatibilityChangeReporter: Compat change id reported: 265452344; UID 10058; state: DISABLED
06-22 15:23:25.657  1669  1720 D CompatibilityChangeReporter: Compat change id reported: 266124927; UID 10058; state: DISABLED
06-22 15:23:25.657  1669  1720 D CompatibilityChangeReporter: Compat change id reported: 265451093; UID 10058; state: DISABLED
06-22 15:23:25.657  1669  1720 D CompatibilityChangeReporter: Compat change id reported: 265456536; UID 10058; state: DISABLED
06-22 15:23:25.658  1669  1720 D CompatibilityChangeReporter: Compat change id reported: 255940284; UID 10058; state: DISABLED
06-22 15:23:25.658  1669  1720 D CompatibilityChangeReporter: Compat change id reported: 236283604; UID 10058; state: DISABLED
06-22 15:23:25.658   956   956 I FPSGO   : fpsgo_boost_sched_rate_ns:0
06-22 15:23:25.658   956   956 I mtkpower_client: perf_lock_acq, hdl:0, dur:0, num:12, tid:956
06-22 15:23:25.658  1669  1720 D CompatibilityChangeReporter: Compat change id reported: 263959004; UID 10058; state: DISABLED
06-22 15:23:25.658  1669  1720 D CompatibilityChangeReporter: Compat change id reported: 264304459; UID 10058; state: DISABLED
06-22 15:23:25.658  1669  1720 D CompatibilityChangeReporter: Compat change id reported: 264301586; UID 10058; state: DISABLED
06-22 15:23:25.658  1669  1720 D CompatibilityChangeReporter: Compat change id reported: 254631730; UID 10058; state: DISABLED
06-22 15:23:25.658  1669  1720 D CompatibilityChangeReporter: Compat change id reported: 273509367; UID 10058; state: DISABLED
06-22 15:23:25.659  1669  1720 D CompatibilityChangeReporter: Compat change id reported: 263259275; UID 10058; state: DISABLED
06-22 15:23:25.659  1669  1720 D CompatibilityChangeReporter: Compat change id reported: 174042980; UID 10058; state: DISABLED
06-22 15:23:25.659   956   956 I mtkpower_client: ret_hdl:106474
06-22 15:23:25.659   956   956 I FPSGO   : perfLockAcq hdl:106474
06-22 15:23:25.659   956   956 I mtkpower_client: perf_lock_acq, hdl:0, dur:30000, num:2, tid:956
06-22 15:23:25.659  1669  1720 D CompatibilityChangeReporter: Compat change id reported: 174042936; UID 10058; state: DISABLED
06-22 15:23:25.659  1669  1720 D CompatibilityChangeReporter: Compat change id reported: 181136395; UID 10058; state: DISABLED
06-22 15:23:25.659   877   974 I libPowerHal: cmdSetting - unknown cmd:1438500, scmd:(null) ,param_1:0
06-22 15:23:25.659   877   974 I libPowerHal: cmdSetting - unknown cmd:1438800, scmd:(null) ,param_1:0
06-22 15:23:25.660  1669  1720 D CompatibilityChangeReporter: Compat change id reported: 194480991; UID 10058; state: ENABLED
06-22 15:23:25.661   956   956 I mtkpower_client: ret_hdl:106475
06-22 15:23:25.661   956   956 I mtkpower_client: perf_lock_acq, hdl:106475, dur:30000, num:2, tid:956
06-22 15:23:25.661  1669  1720 I ActivityTaskManager: TaskLaunchParamsModifier: pkgName = null, isMultiWindowTaskDisplayArea  = false
06-22 15:23:25.661  1669  1720 I ActivityTaskManager: TaskLaunchParamsModifier: pkgName = null
06-22 15:23:25.661  1669  1720 D ActivityTaskManager: TaskLaunchParamsModifier:task=null activity=ActivityRecord{66aacbb u0 com.google.android.documentsui/com.android.documentsui.picker.PickActivity display-area-from-source=DefaultTaskDisplayArea@2781843 display-id=0 task-display-area-windowing-mode=1 suggested-display-area=DefaultTaskDisplayArea@2781843
06-22 15:23:25.662  1669  1720 I ActivityTaskManager: TaskLaunchParamsModifier: pkgName = null, isMultiWindowTaskDisplayArea  = false
06-22 15:23:25.662  1669  1720 I ActivityTaskManager: TaskLaunchParamsModifier: pkgName = null
06-22 15:23:25.662  1669  1720 D ActivityTaskManager: TaskLaunchParamsModifier:task=Task{ba90834 #92 type=standard A=10455:com.itsaky.androidide} activity=ActivityRecord{66aacbb u0 com.google.android.documentsui/com.android.documentsui.picker.PickActivity t-1} display-area-from-source=DefaultTaskDisplayArea@2781843 display-id=0 task-display-area-windowing-mode=1 suggested-display-area=DefaultTaskDisplayArea@2781843 inherit-from-source=fullscreen non-freeform-task-display-area display-area=DefaultTaskDisplayArea@2781843 default-portrait freeform-size-mismatch=Rect(180, 440 - 540, 1160)
06-22 15:23:25.662   956   956 I mtkpower_client: ret_hdl:106475
06-22 15:23:25.662   877   974 I libPowerHal: [PU] scn:5, update
06-22 15:23:25.663   877   974 I libPowerHal: [unsetGPUFreq] current min:24, max:0; scn_gpu_min:-1, scn_gpu_max:-1; scn_gpu_min(HL):-1, scn_gpu_max(HL):-1
06-22 15:23:25.663  1669  1720 I ActivityTaskManager: needHookReparentToDefaultDisplay: sourceRecord = ActivityRecord{3512204 u0 com.itsaky.androidide/.activities.editor.EditorActivityKt t92},r = ActivityRecord{66aacbb u0 com.google.android.documentsui/com.android.documentsui.picker.PickActivity t-1}, tda = null
06-22 15:23:25.663   877   974 I libPowerHal: [setGPUFreq] Soft min/max = (24, 0); Hard min/max = (24, 0)
06-22 15:23:25.663   877   974 I libPowerHal: [setGPUFreq] final min/max = (24, 0)
06-22 15:23:25.663   877   974 I libPowerHal: fpsgo: set gpu opp level: 24
06-22 15:23:25.663   877   974 I libPowerHal: fpsgo: set gpu opp level max: 0
06-22 15:23:25.664  1669  1720 D CompatibilityChangeReporter: Compat change id reported: 184838306; UID 10058; state: DISABLED
06-22 15:23:25.664  1669  1720 D CompatibilityChangeReporter: Compat change id reported: 185004937; UID 10058; state: DISABLED
06-22 15:23:25.665   906  2450 E BufferQueueDebug: [ActivityRecord{66aacbb u0 com.google.android.documentsui/com.android.documentsui.picker.PickActivity t92}#6231](this:0xb400007456082ca0,id:-1,api:0,p:-1,c:-1) id info cannot be read from 'ActivityRecord{66aacbb u0 com.google.android.documentsui/com.android.documentsui.picker.PickActivity t92}#6231'
06-22 15:23:25.665   906  2450 I BufferQueueDebug: [ActivityRecord{66aacbb u0 com.google.android.documentsui/com.android.documentsui.picker.PickActivity t92}#6231](this:0xb400007456082ca0,id:-1,api:0,p:-1,c:-1) BufferQueue core=(906:/system/bin/surfaceflinger)
06-22 15:23:25.669  1669  1720 I mtkpower_client: perf_lock_rel, hdl:106473, tid:1720
06-22 15:23:25.670   877   921 I mtkpower@impl: [setMode] type:5, enabled:1
06-22 15:23:25.670   877   921 D AppFlingMode: [CheckAppFlingHint] 11 com.itsaky.androidide 90
06-22 15:23:25.671   956   956 I mtkpower_client: perf_lock_acq, hdl:106475, dur:30000, num:2, tid:956
06-22 15:23:25.671  1669  1720 I PowerHalWrapper: amsBoostNotify pid:18666,activity:com.itsaky.androidide.activities.editor.EditorActivityKt, package:com.itsaky.androidide, mProcessCreatePackcom.google.android.documentsui 
06-22 15:23:25.671  1669  1720 I PowerHalWrapper: state: 0 
06-22 15:23:25.672  1669  1720 I mtkpower_client: [Legacy][PowerHal_Wrap_notifyAppState] com.itsaky.androidide/com.itsaky.androidide.activities.editor.EditorActivityKt pid=18666 state:0
06-22 15:23:25.673   877   974 I libPowerHal: [setGPUFreq] LAUNCH user set gpu freq min:0, max:-1
06-22 15:23:25.673   877   974 I libPowerHal: LAUNCH: set gpu opp level: 0
06-22 15:23:25.673   877   974 I libPowerHal: LAUNCH: set gpu opp level max: 0
06-22 15:23:25.673  1669  1720 I PowerHalWrapper: amsBoostNotify AMS_BOOST_PROCESS_CREATE_BOOST:false 
06-22 15:23:25.673   877   974 I libPowerHal: [setGPUFreq] Soft min/max = (0, 0); Hard min/max = (24, 0)
06-22 15:23:25.673   877   974 I libPowerHal: [setGPUFreq] final min/max = (0, 0)
06-22 15:23:25.673   877   974 I libPowerHal: LAUNCH: set gpu opp level: 0
06-22 15:23:25.674   877   974 I libPowerHal: LAUNCH: set gpu opp level max: 0
06-22 15:23:25.675  1669  1720 I PowerHalWrapper: <amsBoostResume> last:com.itsaky.androidide, next:com.google.android.documentsui 
06-22 15:23:25.676  1669  1720 E Transition: Trying to add a ready-group twice: Display{#0 state=ON size=720x1600 ROTATION_0}
06-22 15:23:25.676  1669  1720 I mtkpower_client: perf_cus_lock_hint hint:101, dur:1000, pid:1669
06-22 15:23:25.676  1669  2180 I Process : String at 0: 0x7de27b1801 = ProcessCapacityNormal
06-22 15:23:25.678  1669  2180 D TranCPUBooster: [setAffinity] Pid:906 mask:6-7
06-22 15:23:25.679  1669  2180 I Process : String at 0: 0x7de27b1801 = ProcessCapacityNormal
06-22 15:23:25.679  1669  2180 D TranCPUBooster: [setAffinity] Pid:987 mask:6-7
06-22 15:23:25.680   956   956 I mtkpower_client: ret_hdl:106475
06-22 15:23:25.680   877   974 I libPowerHal: [PU] scn:5, update
06-22 15:23:25.680   877   974 I libPowerHal: [unsetGPUFreq] current min:0, max:0; scn_gpu_min:-1, scn_gpu_max:-1; scn_gpu_min(HL):-1, scn_gpu_max(HL):-1
06-22 15:23:25.680   877   974 I libPowerHal: [setGPUFreq] Soft min/max = (0, 0); Hard min/max = (24, 0)
06-22 15:23:25.680   877   974 I libPowerHal: [setGPUFreq] final min/max = (0, 0)
06-22 15:23:25.680   877   974 I libPowerHal: fpsgo: set gpu opp level: 0
06-22 15:23:25.680   877   974 I libPowerHal: fpsgo: set gpu opp level max: 0
06-22 15:23:25.682   877   974 I libPowerHal: [perfNotifyAppState] pack:com.itsaky.androidide, act:com.itsaky.androidide.activities.editor.EditorActivityKt, state:0, pid:18666, uid:10455, fps:90
06-22 15:23:25.682   877   920 D AppFlingMode: [CheckAppFlingHint] 101 com.itsaky.androidide 90
06-22 15:23:25.683  1669  1720 I mtkpower_client: perf_cus_lock_hint, ret_hdl:106477
06-22 15:23:25.683   877   920 D AppFlingMode: [CheckAppFlingHint] 22 com.itsaky.androidide 90
06-22 15:23:25.684  1669  1720 I ActivityTaskManager: START u0 {act=android.intent.action.OPEN_DOCUMENT typ=*/* cmp=com.google.android.documentsui/com.android.documentsui.picker.PickActivity (has extras)} with LAUNCH_MULTIPLE from uid 10455 (BAL_ALLOW_VISIBLE_WINDOW) result code=0
06-22 15:23:25.684  1669  1720 I ActivityTaskManager: Add pending draw ActivityRecord{66aacbb u0 com.google.android.documentsui/com.android.documentsui.picker.PickActivity t92}
06-22 15:23:25.685  2065  2139 V WindowManagerShell: Transition requested: android.os.BinderProxy@9c70ae1 TransitionRequestInfo { type = OPEN, triggerTask = TaskInfo{userId=0 taskId=92 displayId=0 isRunning=true baseIntent=Intent { flg=0x10000000 cmp=com.itsaky.androidide/.activities.SplashActivity } baseActivity=ComponentInfo{com.itsaky.androidide/com.itsaky.androidide.activities.MainActivity} topActivity=ComponentInfo{com.google.android.documentsui/com.android.documentsui.picker.PickActivity} origActivity=null realActivity=ComponentInfo{com.itsaky.androidide/com.itsaky.androidide.activities.SplashActivity} numActivities=3 lastActiveTime=1816437998 supportsMultiWindow=true resizeMode=2 isResizeable=true minWidth=-1 minHeight=-1 defaultMinSize=110 token=WCT{android.window.IWindowContainerToken$Stub$Proxy@a166006} topActivityType=1 pictureInPictureParams=null shouldDockBigOverlays=false launchIntoPipHostTaskId=-1 lastParentTaskIdBeforePip=-1 displayCutoutSafeInsets=null topActivityInfo=ActivityInfo{76ce6c7 com.android.documentsui.picker.PickActivity} launchCookies=[] positionInParent=Point(0, 0) parentTaskId=-1 isFocused=true isVisible=true isVisibleRequested=true isSleeping=false topActivityInSizeCompat=false topActivityEligibleForLetterboxEducation= false topActivityLetterboxed= false isFromDoubleTap= false topActivityLetterboxVerticalPosition= -1 topActivityLetterboxHorizontalPosition= -1 topActivityLetterboxWidth=-1 topActivityLetterboxHeight=-1 locusId=null displayAreaFeatureId=1 cameraCompatControlState=hidden}, remoteTransition = null, displayChange = null }
06-22 15:23:25.691 18666 18732 W ViolationHandler: [pool-8-thread-1] StrictMode violation detected
06-22 15:23:25.691 18666 18732 W ViolationHandler: android.os.strictmode.DiskReadViolation: null
06-22 15:23:25.691 18666 18732 W ViolationHandler: 	at android.os.StrictMode$AndroidBlockGuardPolicy.onReadFromDisk(StrictMode.java:1666)
06-22 15:23:25.691 18666 18732 W ViolationHandler: 	at java.io.UnixFileSystem.getBooleanAttributes(UnixFileSystem.java:306)
06-22 15:23:25.691 18666 18732 W ViolationHandler: 	at java.io.File.isFile(File.java:892)
06-22 15:23:25.691 18666 18732 W ViolationHandler: 	at com.mediatek.scnmodule.ScnModule.isGameApp(ScnModule.java:90)
06-22 15:23:25.691 18666 18732 W ViolationHandler: 	at com.mediatek.scnmodule.ScnModule.notifyAppisGame(ScnModule.java:107)
06-22 15:23:25.691 18666 18732 W ViolationHandler: 	at com.mediatek.powerhalwrapper.PowerHalWrapper.amsBoostNotify(PowerHalWrapper.java:492)
06-22 15:23:25.691 18666 18732 W ViolationHandler: 	at com.mediatek.server.powerhal.PowerHalManagerImpl.amsBoostNotify(PowerHalManagerImpl.java:141)
06-22 15:23:25.691 18666 18732 W ViolationHandler: 	at com.mediatek.server.am.AmsExtImpl.amsBoostNotify(AmsExtImpl.java:430)
06-22 15:23:25.691 18666 18732 W ViolationHandler: 	at com.mediatek.server.am.AmsExtImpl.onActivityStateChanged(AmsExtImpl.java:413)
06-22 15:23:25.691 18666 18732 W ViolationHandler: 	at com.android.server.wm.TaskFragment.schedulePauseActivity(TaskFragment.java:1883)
06-22 15:23:25.691 18666 18732 W ViolationHandler: 	at com.android.server.wm.TaskFragment.startPausing(TaskFragment.java:1820)
06-22 15:23:25.691 18666 18732 W ViolationHandler: 	at com.android.server.wm.TaskFragment.resumeTopActivity(TaskFragment.java:1344)
06-22 15:23:25.691 18666 18732 W ViolationHandler: 	at com.android.server.wm.Task.resumeTopActivityInnerLocked(Task.java:5312)
06-22 15:23:25.691 18666 18732 W ViolationHandler: 	at com.android.server.wm.Task.resumeTopActivityUncheckedLocked(Task.java:5233)
06-22 15:23:25.691 18666 18732 W ViolationHandler: 	at com.android.server.wm.RootWindowContainer.resumeFocusedTasksTopActivities(RootWindowContainer.java:2569)
06-22 15:23:25.691 18666 18732 W ViolationHandler: 	at com.android.server.wm.ActivityStarter.startActivityInner(ActivityStarter.java:2198)
06-22 15:23:25.691 18666 18732 W ViolationHandler: 	at com.android.server.wm.ActivityStarter.startActivityUnchecked(ActivityStarter.java:1728)
06-22 15:23:25.691 18666 18732 W ViolationHandler: 	at com.android.server.wm.ActivityStarter.executeRequest(ActivityStarter.java:1543)
06-22 15:23:25.691 18666 18732 W ViolationHandler: 	at com.android.server.wm.ActivityStarter.execute(ActivityStarter.java:859)
06-22 15:23:25.691 18666 18732 W ViolationHandler: 	at com.android.server.wm.ActivityTaskManagerService.startActivityAsUser(ActivityTaskManagerService.java:1442)
06-22 15:23:25.691 18666 18732 W ViolationHandler: 	at com.android.server.wm.ActivityTaskManagerService.startActivityAsUser(ActivityTaskManagerService.java:1370)
06-22 15:23:25.691 18666 18732 W ViolationHandler: 	at com.android.server.wm.ActivityTaskManagerService.startActivity(ActivityTaskManagerService.java:1345)
06-22 15:23:25.691 18666 18732 W ViolationHandler: 	at android.app.IActivityTaskManager$Stub.onTransact(IActivityTaskManager.java:1755)
06-22 15:23:25.691 18666 18732 W ViolationHandler: 	at com.android.server.wm.ActivityTaskManagerService.onTransact(ActivityTaskManagerService.java:6145)
06-22 15:23:25.691 18666 18732 W ViolationHandler: 	at android.os.Binder.execTransactInternal(Binder.java:1339)
06-22 15:23:25.691 18666 18732 W ViolationHandler: 	at android.os.Binder.execTransact(Binder.java:1275)
06-22 15:23:25.692   956   956 I mtkpower_client: perf_lock_acq, hdl:106475, dur:30000, num:2, tid:956
06-22 15:23:25.694   956   956 I mtkpower_client: ret_hdl:106475
06-22 15:23:25.695   877   974 I libPowerHal: [PU] scn:5, update
06-22 15:23:25.695   877   974 I libPowerHal: [unsetGPUFreq] current min:0, max:0; scn_gpu_min:-1, scn_gpu_max:-1; scn_gpu_min(HL):-1, scn_gpu_max(HL):-1
06-22 15:23:25.695   877   974 I libPowerHal: [setGPUFreq] Soft min/max = (0, 0); Hard min/max = (24, 0)
06-22 15:23:25.695   877   974 I libPowerHal: [setGPUFreq] final min/max = (0, 0)
06-22 15:23:25.695   877   974 I libPowerHal: fpsgo: set gpu opp level: 0
06-22 15:23:25.696 18666 18666 D DefaultActionsRegistry: [main] ACTION_DEBUG:  Clearing all 11 actions from location 'ide.editor.toolbar'.
06-22 15:23:25.696 18666 18732 W ViolationHandler: [pool-8-thread-1] StrictMode violation detected
06-22 15:23:25.696 18666 18732 W ViolationHandler: android.os.strictmode.DiskReadViolation: null
06-22 15:23:25.696 18666 18732 W ViolationHandler: 	at android.os.StrictMode$AndroidBlockGuardPolicy.onReadFromDisk(StrictMode.java:1666)
06-22 15:23:25.696 18666 18732 W ViolationHandler: 	at libcore.io.BlockGuardOs.open(BlockGuardOs.java:269)
06-22 15:23:25.696 18666 18732 W ViolationHandler: 	at libcore.io.IoBridge.open(IoBridge.java:560)
06-22 15:23:25.696 18666 18732 W ViolationHandler: 	at java.io.FileOutputStream.<init>(FileOutputStream.java:259)
06-22 15:23:25.696 18666 18732 W ViolationHandler: 	at java.io.FileOutputStream.<init>(FileOutputStream.java:147)
06-22 15:23:25.696 18666 18732 W ViolationHandler: 	at memfusion.d.a(SourceFile:102)
06-22 15:23:25.696 18666 18732 W ViolationHandler: 	at com.transsion.performance.memfusion.TranMemfusionComponentImpl.writeMemfusion22(SourceFile:2)
06-22 15:23:25.696 18666 18732 W ViolationHandler: 	at com.transsion.hubcore.memfusion.TranMemfusionFeatureImpl.writeMemfusion22(TranMemfusionFeatureImpl.java:46)
06-22 15:23:25.696 18666 18732 W ViolationHandler: 	at com.android.server.wm.ActivityMetricsLogger.startLaunchTrace(ActivityMetricsLogger.java:1778)
06-22 15:23:25.696 18666 18732 W ViolationHandler: 	at com.android.server.wm.ActivityMetricsLogger.notifyActivityLaunched(ActivityMetricsLogger.java:821)
06-22 15:23:25.696 18666 18732 W ViolationHandler: 	at com.android.server.wm.ActivityStarter.execute(ActivityStarter.java:898)
06-22 15:23:25.696 18666 18732 W ViolationHandler: 	at com.android.server.wm.ActivityTaskManagerService.startActivityAsUser(ActivityTaskManagerService.java:1442)
06-22 15:23:25.696 18666 18732 W ViolationHandler: 	at com.android.server.wm.ActivityTaskManagerService.startActivityAsUser(ActivityTaskManagerService.java:1370)
06-22 15:23:25.696 18666 18732 W ViolationHandler: 	at com.android.server.wm.ActivityTaskManagerService.startActivity(ActivityTaskManagerService.java:1345)
06-22 15:23:25.696 18666 18732 W ViolationHandler: 	at android.app.IActivityTaskManager$Stub.onTransact(IActivityTaskManager.java:1755)
06-22 15:23:25.696 18666 18732 W ViolationHandler: 	at com.android.server.wm.ActivityTaskManagerService.onTransact(ActivityTaskManagerService.java:6145)
06-22 15:23:25.696 18666 18732 W ViolationHandler: 	at android.os.Binder.execTransactInternal(Binder.java:1339)
06-22 15:23:25.696 18666 18732 W ViolationHandler: 	at android.os.Binder.execTransact(Binder.java:1275)
06-22 15:23:25.696   877   974 I libPowerHal: fpsgo: set gpu opp level max: 0
06-22 15:23:25.697 18666 18732 W ViolationHandler: [pool-8-thread-1] StrictMode violation detected
06-22 15:23:25.697 18666 18732 W ViolationHandler: android.os.strictmode.DiskWriteViolation: null
06-22 15:23:25.697 18666 18732 W ViolationHandler: 	at android.os.StrictMode$AndroidBlockGuardPolicy.onWriteToDisk(StrictMode.java:1622)
06-22 15:23:25.697 18666 18732 W ViolationHandler: 	at libcore.io.BlockGuardOs.open(BlockGuardOs.java:272)
06-22 15:23:25.697 18666 18732 W ViolationHandler: 	at libcore.io.IoBridge.open(IoBridge.java:560)
06-22 15:23:25.697 18666 18732 W ViolationHandler: 	at java.io.FileOutputStream.<init>(FileOutputStream.java:259)
06-22 15:23:25.697 18666 18732 W ViolationHandler: 	at java.io.FileOutputStream.<init>(FileOutputStream.java:147)
06-22 15:23:25.697 18666 18732 W ViolationHandler: 	at memfusion.d.a(SourceFile:102)
06-22 15:23:25.697 18666 18732 W ViolationHandler: 	at com.transsion.performance.memfusion.TranMemfusionComponentImpl.writeMemfusion22(SourceFile:2)
06-22 15:23:25.697 18666 18732 W ViolationHandler: 	at com.transsion.hubcore.memfusion.TranMemfusionFeatureImpl.writeMemfusion22(TranMemfusionFeatureImpl.java:46)
06-22 15:23:25.697 18666 18732 W ViolationHandler: 	at com.android.server.wm.ActivityMetricsLogger.startLaunchTrace(ActivityMetricsLogger.java:1778)
06-22 15:23:25.697 18666 18732 W ViolationHandler: 	at com.android.server.wm.ActivityMetricsLogger.notifyActivityLaunched(ActivityMetricsLogger.java:821)
06-22 15:23:25.697 18666 18732 W ViolationHandler: 	at com.android.server.wm.ActivityStarter.execute(ActivityStarter.java:898)
06-22 15:23:25.697 18666 18732 W ViolationHandler: 	at com.android.server.wm.ActivityTaskManagerService.startActivityAsUser(ActivityTaskManagerService.java:1442)
06-22 15:23:25.697 18666 18732 W ViolationHandler: 	at com.android.server.wm.ActivityTaskManagerService.startActivityAsUser(ActivityTaskManagerService.java:1370)
06-22 15:23:25.697 18666 18732 W ViolationHandler: 	at com.android.server.wm.ActivityTaskManagerService.startActivity(ActivityTaskManagerService.java:1345)
06-22 15:23:25.697 18666 18732 W ViolationHandler: 	at android.app.IActivityTaskManager$Stub.onTransact(IActivityTaskManager.java:1755)
06-22 15:23:25.697 18666 18732 W ViolationHandler: 	at com.android.server.wm.ActivityTaskManagerService.onTransact(ActivityTaskManagerService.java:6145)
06-22 15:23:25.697 18666 18732 W ViolationHandler: 	at android.os.Binder.execTransactInternal(Binder.java:1339)
06-22 15:23:25.697 18666 18732 W ViolationHandler: 	at android.os.Binder.execTransact(Binder.java:1275)
06-22 15:23:25.698 18666 18666 D DefaultActionsRegistry: [main] ACTION_DEBUG:  Location 'ide.editor.toolbar' is now empty.
06-22 15:23:25.698 18666 18666 D DefaultActionsRegistry: [main] ACTION_DEBUG:  Clearing all 4 actions from location 'ide.editor.fileTabs'.
06-22 15:23:25.699 18666 18666 D DefaultActionsRegistry: [main] ACTION_DEBUG:  Location 'ide.editor.fileTabs' is now empty.
06-22 15:23:25.700 18666 18666 D DefaultActionsRegistry: [main] ACTION_DEBUG:  Clearing all 7 actions from location 'ide.editor.fileTree'.
06-22 15:23:25.700   956   956 I mtkpower_client: perf_lock_acq, hdl:106475, dur:30000, num:2, tid:956
06-22 15:23:25.701   877   974 I libPowerHal: [PU] scn:5, update
06-22 15:23:25.701   956   956 I mtkpower_client: ret_hdl:106475
06-22 15:23:25.701   877   974 I libPowerHal: [unsetGPUFreq] current min:0, max:0; scn_gpu_min:-1, scn_gpu_max:-1; scn_gpu_min(HL):-1, scn_gpu_max(HL):-1
06-22 15:23:25.701   877   974 I libPowerHal: [setGPUFreq] Soft min/max = (0, 0); Hard min/max = (24, 0)
06-22 15:23:25.701   877   974 I libPowerHal: [setGPUFreq] final min/max = (0, 0)
06-22 15:23:25.701   877   974 I libPowerHal: fpsgo: set gpu opp level: 0
06-22 15:23:25.701   877   974 I libPowerHal: fpsgo: set gpu opp level max: 0
06-22 15:23:25.701 18666 18666 D DefaultActionsRegistry: [main] ACTION_DEBUG:  Location 'ide.editor.fileTree' is now empty.
06-22 15:23:25.701 18666 18666 D DefaultActionsRegistry: [main] ACTION_DEBUG:  Clearing all 2 actions from location 'ide.editor.toolbar.find.menu'.
06-22 15:23:25.702 18666 18666 D DefaultActionsRegistry: [main] ACTION_DEBUG:  Location 'ide.editor.toolbar.find.menu' is now empty.
06-22 15:23:25.702 18666 18666 D DefaultActionsRegistry: [main] ACTION_DEBUG:  Conditionally clearing actions from location 'ide.editor.toolbar'. Initial count: 0.
06-22 15:23:25.703   906   906 I BpBinder: onLastStrongRef automatically unlinking death recipients: 
06-22 15:23:25.703 18666 18666 D DefaultActionsRegistry: [main] ACTION_DEBUG:  No actions met the removal criteria for location 'ide.editor.toolbar'.
06-22 15:23:25.703 18666 18666 D EventBus: No subscribers registered for event class com.itsaky.androidide.eventbus.events.editor.OnPauseEvent
06-22 15:23:25.703 18666 18666 D EventBus: No subscribers registered for event class org.greenrobot.eventbus.NoSubscriberEvent
06-22 15:23:25.706   956   956 I mtkpower_client: perf_lock_acq, hdl:106475, dur:30000, num:2, tid:956
06-22 15:23:25.706   956   956 I mtkpower_client: ret_hdl:106475
06-22 15:23:25.707   877   974 I libPowerHal: [PU] scn:5, update
06-22 15:23:25.707   877   974 I libPowerHal: [unsetGPUFreq] current min:0, max:0; scn_gpu_min:-1, scn_gpu_max:-1; scn_gpu_min(HL):-1, scn_gpu_max(HL):-1
06-22 15:23:25.707   877   974 I libPowerHal: [setGPUFreq] Soft min/max = (0, 0); Hard min/max = (24, 0)
06-22 15:23:25.707   877   974 I libPowerHal: [setGPUFreq] final min/max = (0, 0)
06-22 15:23:25.707   877   974 I libPowerHal: fpsgo: set gpu opp level: 0
06-22 15:23:25.707   877   974 I libPowerHal: fpsgo: set gpu opp level max: 0
06-22 15:23:25.709 18666 18666 D BaseEditorActivity: [main] [onPause] No opened files. Session cache cleared.
06-22 15:23:25.711  1669  1818 D os.fingerprint: onActivityResume next:ActivityRecord{66aacbb u0 com.google.android.documentsui/com.android.documentsui.picker.PickActivity t92}
06-22 15:23:25.711  1669  1818 D os.fingerprint: activityComponent = ComponentInfo{com.google.android.documentsui/com.android.documentsui.picker.PickActivity} inMultiWindow = false
06-22 15:23:25.711  3629  4122 I SimpleEventAdapt: onActivityEvent get com.itsaky.androidide, com.itsaky.androidide.activities.editor.EditorActivityKt,false
06-22 15:23:25.711  1669  1818 D AppLockLice: onActivityResume: packageName = com.google.android.documentsui,mComeLockPkgList =[],mPreLockPkgList =[]
06-22 15:23:25.711  3629  4122 I SimpleEventAdapt: notifyEvent2  activity_event
06-22 15:23:25.711  3629  4122 I SimpleEventAdapt: notifyEvent  1
06-22 15:23:25.711  1669  1818 D AppLockLice: onActivityResume:isAwake = true ,isKeyguardLocked = false
06-22 15:23:25.713  1669  2321 D Hiber/appStateMachine: uid:10455 enter RunningState
06-22 15:23:25.713  3629 23878 I CacheManager:  save new data to cache activity_event
06-22 15:23:25.713  3629 23878 I bsc     : notifyDataChange in activity_event, 1
06-22 15:23:25.713  3629 23878 I DataServiceImplV2: StandardDataService notifyDataChange  in 
06-22 15:23:25.714  3629 23879 I DataServiceImplV2: StandardDataService notifyDataChange  curServiceName StandardDataService type:activity_event
06-22 15:23:25.714  3629 23879 I Kolun_AI: SystemEventSubscribe: onPublishData {"type":"activity_event","time":1782159805712,"data":"{\"className\":\"com.itsaky.androidide.activities.editor.EditorActivityKt\",\"isResumed\":false,\"packageName\":\"com.itsaky.androidide\"}","provider":"dc","dc_version":2030370000,"data_version":1,"user_id":0}
06-22 15:23:25.714  3629 23879 I Kolun_AI: SystemEventSubscribe: publisher.getMatcher() activity_event
06-22 15:23:25.714  3629 23879 I ApiInvoke1.7.1: SubscribeManager: publishData success host DataCenter#StandardDataService matcher activity_event
06-22 15:23:25.715  3629 23879 W ApiInvoke1.7.1: SubscribeBusServerImpl: onSafePublishData start ==>> publisher Publisher{channel='DataCenter', apiName='StandardDataService', label='activity_event'}
06-22 15:23:25.716   956   956 I mtkpower_client: perf_lock_acq, hdl:106475, dur:30000, num:2, tid:956
06-22 15:23:25.716   956   956 I mtkpower_client: ret_hdl:106475
06-22 15:23:25.716   877   974 I libPowerHal: [PU] scn:5, update
06-22 15:23:25.716   877   974 I libPowerHal: [unsetGPUFreq] current min:0, max:0; scn_gpu_min:-1, scn_gpu_max:-1; scn_gpu_min(HL):-1, scn_gpu_max(HL):-1
06-22 15:23:25.716   877   974 I libPowerHal: [setGPUFreq] Soft min/max = (0, 0); Hard min/max = (24, 0)
06-22 15:23:25.716   877   974 I libPowerHal: [setGPUFreq] final min/max = (0, 0)
06-22 15:23:25.716   877   974 I libPowerHal: fpsgo: set gpu opp level: 0
06-22 15:23:25.716  3629 23879 W ApiInvoke1.7.1: SubscribeBusServerImpl: onSafePublishData, post publish data form DataCenter to {"pid": "3629","process": "com.transsion.kolun.aiservice","packageName": "com.transsion.kolun.aiservice","channels": ["APPService","AiEngine","DataCenter","GlobalGuideChannel"],"version": "1.7.1"} pid 3629 isPublishLocal true isInvalidPublisher false
06-22 15:23:25.716   877   974 I libPowerHal: fpsgo: set gpu opp level max: 0
06-22 15:23:25.717  3629 23879 W ApiInvoke1.7.1: ApiRequest: do publishData to remote activity_event
06-22 15:23:25.719  1669  1818 D os.fingerprint: onRealStartActivityLocked next:ActivityRecord{66aacbb u0 com.google.android.documentsui/com.android.documentsui.picker.PickActivity t92} isKeyguardShowing:false
06-22 15:23:25.719  1669  1818 D os.fingerprint: activityComponent = ComponentInfo{com.google.android.documentsui/com.android.documentsui.picker.PickActivity} inMultiWindow = false
06-22 15:23:25.721  1669  1818 W WindowManager: Changing focus from Window{be434fe u0 com.itsaky.androidide/com.itsaky.androidide.activities.editor.EditorActivityKt} to null displayId=0 Callers=com.android.server.wm.RootWindowContainer.updateFocusedWindowLocked:508 com.android.server.wm.WindowManagerService.updateFocusedWindowLocked:6510 com.android.server.wm.ActivityTaskManagerService.setLastResumedActivityUncheckLocked:5401 com.android.server.wm.ActivityTaskSupervisor.updateTopResumedActivityIfNeeded:2636 
06-22 15:23:25.722 23459 23881 D libMEOW : meow new tls: 0xb400007c9aade0d0
06-22 15:23:25.722  1669  1818 I TranSCSourceConnectManagerImpl: hookDisplayResumedActivityChanged displayId: 0 packageName: com.google.android.documentsui
06-22 15:23:25.722 23459 23881 D libMEOW : applied 1 plugins for [com.google.android.documentsui]:
06-22 15:23:25.722 23459 23881 D libMEOW :   plugin 1: [libMEOW_gift.so]: 0xb400007b8aa15010
06-22 15:23:25.723 23459 23881 D libMEOW : rebuild call chain: 0xb400007c9ab8e180
06-22 15:23:25.723 23459 23881 D libMEOW : meow delete tls: 0xb400007c9aade0d0
06-22 15:23:25.723  1669  1818 I PowerHalWrapper: amsBoostNotify pid:23459,activity:com.android.documentsui.picker.PickActivity, package:com.google.android.documentsui, mProcessCreatePackcom.google.android.documentsui 
06-22 15:23:25.723  1669  1818 I PowerHalWrapper: state: 1 
06-22 15:23:25.724  1669  1818 I mtkpower_client: [Legacy][PowerHal_Wrap_notifyAppState] com.google.android.documentsui/com.android.documentsui.picker.PickActivity pid=23459 state:1
06-22 15:23:25.724   877   974 I libPowerHal: [perfNotifyAppState] pack:com.google.android.documentsui, act:com.android.documentsui.picker.PickActivity, state:1, pid:23459, uid:10058, fps:90
06-22 15:23:25.724   877   974 I libPowerHal: [perfNotifyAppState] foreground:com.google.android.documentsui, pid:23459, uid:10058
06-22 15:23:25.725   877   974 I UxUtility: notifyForegroundApp pack:com.google.android.documentsui, uid:10058
06-22 15:23:25.725   956   956 I mtkpower_client: perf_lock_acq, hdl:106475, dur:30000, num:2, tid:956
06-22 15:23:25.725   877   974 I TouchUtility: notifyAppState error = NULL
06-22 15:23:25.725  1669  1818 I PowerHalWrapper: amsBoostNotify AMS_BOOST_PROCESS_CREATE_BOOST:false 
06-22 15:23:25.726  1669  1818 I mtkpower_client: perf_lock_rel, hdl:106472, tid:1818
06-22 15:23:25.726   877   920 I mtkpower@impl: [notifyAppState] pc:0, com.itsaky.androidide => com.google.android.documentsui
06-22 15:23:25.727   956   956 I mtkpower_client: ret_hdl:106475
06-22 15:23:25.727   877   974 I libPowerHal: [PU] scn:5, update
06-22 15:23:25.727   877   974 I libPowerHal: [unsetGPUFreq] current min:0, max:0; scn_gpu_min:-1, scn_gpu_max:-1; scn_gpu_min(HL):-1, scn_gpu_max(HL):-1
06-22 15:23:25.727   877   974 I libPowerHal: [setGPUFreq] Soft min/max = (0, 0); Hard min/max = (24, 0)
06-22 15:23:25.727   877   974 I libPowerHal: [setGPUFreq] final min/max = (0, 0)
06-22 15:23:25.727   877   974 I libPowerHal: fpsgo: set gpu opp level: 0
06-22 15:23:25.727   877   974 I libPowerHal: fpsgo: set gpu opp level max: 0
06-22 15:23:25.729  1669  1818 I mtkpower_client: perf_lock_acq, hdl:106472, dur:1000, num:2, pid:1669, tid:1818
06-22 15:23:25.730  1669  1818 I mtkpower_client: ret_hdl:106479
06-22 15:23:25.731  1669  1818 D os.fingerprint: onActivityResume next:ActivityRecord{66aacbb u0 com.google.android.documentsui/com.android.documentsui.picker.PickActivity t92}
06-22 15:23:25.731  1669  1818 D os.fingerprint: activityComponent = ComponentInfo{com.google.android.documentsui/com.android.documentsui.picker.PickActivity} inMultiWindow = false
06-22 15:23:25.733  3237  3257 D vendor.transsion.performance.sched@1.0-service: current thread(pid=23459) com.google.android.documentsui is config default uxtag 256
06-22 15:23:25.733  3237  3257 D vendor.transsion.performance.sched@1.0-service: current thread(pid=23508) com.google.android.documentsui is config default uxtag 256
06-22 15:23:25.733  6346  6346 D BoundBrokerSvc: onBind: Intent { act=com.google.android.gms.measurement.START pkg=com.google.android.gms }
06-22 15:23:25.733  6346  6346 D BoundBrokerSvc: Loading bound service for intent: Intent { act=com.google.android.gms.measurement.START pkg=com.google.android.gms }
06-22 15:23:25.736  1669  1818 D Griffin/Hooker: PreviousApp = com.itsaky.androidide/.activities.editor.EditorActivityKt
06-22 15:23:25.737  1669  1818 D ActivityTaskManager: TaskProcess setRealTask mRealTask#=Task{ba90834 #92 type=standard A=10455:com.itsaky.androidide}
06-22 15:23:25.737  1669  1818 D ActivityTaskManager: TaskProcess updateTopProcess mTopProcess= 23459
06-22 15:23:25.739  1669  1818 I WindowManager: DisplayContent w: Window{be434fe u0 com.itsaky.androidide/com.itsaky.androidide.activities.editor.EditorActivityKt} Apply preferredModeId = 2
06-22 15:23:25.740  2065  2065 D WifiViewModel: reInitCount: 0
06-22 15:23:25.741  2065  2065 D StatusBarIconController: ignoring old pipeline callback because the new wifi icon is enabled
06-22 15:23:25.742  1669  1735 D SurfaceComposerClient: Transaction::apply InputWindowCommands.focusRequests timestamp=1159760942637126, windowName=<null>
