06-22 15:23:29.165  3629 23878 I DataServiceImplV2: StandardDataService notifyDataChange  in 
06-22 15:23:29.166  3237  3257 D vendor.transsion.performance.sched@1.0-service: current thread(pid=18807) com.itsaky.androidide is config default uxtag 256
06-22 15:23:29.166  3629 23878 I CacheManager:  save new data to cache app_foreground
06-22 15:23:29.166  3629 23878 I bsc     : notifyDataChange in app_foreground, 1
06-22 15:23:29.166  3629 23879 I DataServiceImplV2: StandardDataService notifyDataChange  curServiceName StandardDataService type:activity_event
06-22 15:23:29.166  3237  3257 D vendor.transsion.performance.sched@1.0-service: current thread(pid=10584) com.google.android.adservices.api is config default uxtag 256
06-22 15:23:29.167  3629 23878 I DataServiceImplV2: StandardDataService notifyDataChange  in 
06-22 15:23:29.167  3629 23878 I CacheManager:  save new data to cache app_foreground
06-22 15:23:29.167  3629 23878 I bsc     : notifyDataChange in app_foreground, 1
06-22 15:23:29.167  3629 23878 I DataServiceImplV2: StandardDataService notifyDataChange  in 
06-22 15:23:29.167  3629 23879 I Kolun_AI: SystemEventSubscribe: onPublishData {"type":"activity_event","time":1782159809164,"data":"{\"className\":\"com.itsaky.androidide.activities.editor.EditorActivityKt\",\"isResumed\":true,\"packageName\":\"com.itsaky.androidide\"}","provider":"dc","dc_version":2030370000,"data_version":1,"user_id":0}
06-22 15:23:29.167  3629 23879 I Kolun_AI: SystemEventSubscribe: publisher.getMatcher() activity_event
06-22 15:23:29.167  3629 23879 I ApiInvoke1.7.1: SubscribeManager: publishData success host DataCenter#StandardDataService matcher activity_event
06-22 15:23:29.168  3629 23879 W ApiInvoke1.7.1: SubscribeBusServerImpl: onSafePublishData start ==>> publisher Publisher{channel='DataCenter', apiName='StandardDataService', label='activity_event'}
06-22 15:23:29.168  3629 23879 W ApiInvoke1.7.1: SubscribeBusServerImpl: onSafePublishData, post publish data form DataCenter to {"pid": "3629","process": "com.transsion.kolun.aiservice","packageName": "com.transsion.kolun.aiservice","channels": ["APPService","AiEngine","DataCenter","GlobalGuideChannel"],"version": "1.7.1"} pid 3629 isPublishLocal true isInvalidPublisher false
06-22 15:23:29.168  3629 23879 W ApiInvoke1.7.1: ApiRequest: do publishData to remote activity_event
06-22 15:23:29.168  3629 23879 I DataServiceImplV2: StandardDataService notifyDataChange  curServiceName StandardDataService type:app_foreground
06-22 15:23:29.168  1669  1901 I WifiService: acquireMulticastLock uid=1000 lockTag=NsdService
06-22 15:23:29.168  3629 23879 I Kolun_AI: SystemEventSubscribe: onPublishData {"type":"app_foreground","time":1782159809166,"data":"{\"isForeground\":false,\"packageName\":\"com.google.android.documentsui\"}","provider":"dc","dc_version":2030370000,"data_version":1,"user_id":0}
06-22 15:23:29.168  3629 23879 I Kolun_AI: SystemEventSubscribe: publisher.getMatcher() app_foreground
06-22 15:23:29.168  3629 23879 I Kolun_AI: SystemEventSubscribeheh:SimpleEventBus post event AppForegroundEvent{mPackageName='com.google.android.documentsui', mIsForeground=false} 1782159809166
06-22 15:23:29.169  3629 23879 I ApiInvoke1.7.1: SubscribeManager: publishData success host DataCenter#StandardDataService matcher app_foreground
06-22 15:23:29.169  3629  3867 I Kolun_AI: SceneIdentify:onBusEvent AppForegroundEvent   com.google.android.documentsui, false, nz2
06-22 15:23:29.169  3629  3867 I Kolun_AI: SceneIdentify:checkGameOut  com.google.android.documentsui, 
06-22 15:23:29.169  3629  3867 I Kolun_AI: SceneIdentify:checkSocialOut  com.google.android.documentsui, 
06-22 15:23:29.169  3629  3867 I Kolun_AI: AppPredictManager:onBusEvent com.google.android.documentsui false
06-22 15:23:29.169  2232  2500 D IpClient.wlan0: set max DTIM multiplier to 1
06-22 15:23:29.169  1669  1720 D Griffin/Hooker: PreviousApp = com.google.android.documentsui/com.android.documentsui.picker.PickActivity
06-22 15:23:29.169  3629  5415 I Kolun_AI: AppPredictManager:onPackageChanged AppForegroundEvent com.google.android.documentsui false currentTime 2026-06-22 15:23:29
06-22 15:23:29.169  3629 23879 W ApiInvoke1.7.1: SubscribeBusServerImpl: onSafePublishData start ==>> publisher Publisher{channel='DataCenter', apiName='StandardDataService', label='app_foreground'}
06-22 15:23:29.170  3629 23879 W ApiInvoke1.7.1: SubscribeBusServerImpl: onSafePublishData, post publish data form DataCenter to {"pid": "6123","process": "com.transsion.kolun.assistant","packageName": "com.transsion.kolun.assistant","channels": ["AssistantChannel"],"version": "1.5.130"} pid 3629 isPublishLocal false isInvalidPublisher false
06-22 15:23:29.170  3629 23879 W ApiInvoke1.7.1: SubscribeBusServerImpl: onSafePublishData, post publish data form DataCenter to {"pid": "3629","process": "com.transsion.kolun.aiservice","packageName": "com.transsion.kolun.aiservice","channels": ["APPService","AiEngine","DataCenter","GlobalGuideChannel"],"version": "1.7.1"} pid 3629 isPublishLocal true isInvalidPublisher false
06-22 15:23:29.170  3629 23879 W ApiInvoke1.7.1: ApiRequest: do publishData to remote app_foreground
06-22 15:23:29.170  3629 23879 I DataServiceImplV2: StandardDataService notifyDataChange  curServiceName StandardDataService type:app_foreground
06-22 15:23:29.171  1669  1720 I TranSCSourceConnectManagerImpl: hookDisplayResumedActivityChanged displayId: 0 packageName: com.itsaky.androidide
06-22 15:23:29.171  1669  1720 W ActivityTaskManager: TaskProcess clearTopProcess reason= new top is root, so clear old top
06-22 15:23:29.171  1669  1720 D TaskProcess: TaskProcess clearRealTask removeTask#=false mLastIndex= -1
06-22 15:23:29.172  6123  6141 D Kolun.DataCenterImpl: onPublishDataapp_foreground, {"type":"app_foreground","time":1782159809166,"data":"{\"isForeground\":false,\"packageName\":\"com.google.android.documentsui\"}","provider":"dc","dc_version":2030370000,"data_version":1,"user_id":0}
06-22 15:23:29.172  6123  6141 I ApiInvoke1.5.130: SubscribeManager: publishData success host DataCenter#StandardDataService matcher app_foreground
06-22 15:23:29.172  2007  2007 I wpa_supplicant: wpa_driver_nl80211_driver_cmd: wlan0 recv cmd RXFILTER-STOP
06-22 15:23:29.172  3629 23879 I Kolun_AI: SystemEventSubscribe: onPublishData {"type":"app_foreground","time":1782159809167,"data":"{\"isForeground\":true,\"packageName\":\"com.itsaky.androidide\"}","provider":"dc","dc_version":2030370000,"data_version":1,"user_id":0}
06-22 15:23:29.172  3629 23879 I Kolun_AI: SystemEventSubscribe: publisher.getMatcher() app_foreground
06-22 15:23:29.172  3629 23879 I Kolun_AI: SystemEventSubscribeheh:SimpleEventBus post event AppForegroundEvent{mPackageName='com.itsaky.androidide', mIsForeground=true} 1782159809167
06-22 15:23:29.173  3629 23879 I ApiInvoke1.7.1: SubscribeManager: publishData success host DataCenter#StandardDataService matcher app_foreground
06-22 15:23:29.173  3629 23879 W ApiInvoke1.7.1: SubscribeBusServerImpl: onSafePublishData start ==>> publisher Publisher{channel='DataCenter', apiName='StandardDataService', label='app_foreground'}
06-22 15:23:29.173  3629 23879 W ApiInvoke1.7.1: SubscribeBusServerImpl: onSafePublishData, post publish data form DataCenter to {"pid": "6123","process": "com.transsion.kolun.assistant","packageName": "com.transsion.kolun.assistant","channels": ["AssistantChannel"],"version": "1.5.130"} pid 3629 isPublishLocal false isInvalidPublisher false
06-22 15:23:29.173  3629 23879 W ApiInvoke1.7.1: SubscribeBusServerImpl: onSafePublishData, post publish data form DataCenter to {"pid": "3629","process": "com.transsion.kolun.aiservice","packageName": "com.transsion.kolun.aiservice","channels": ["APPService","AiEngine","DataCenter","GlobalGuideChannel"],"version": "1.7.1"} pid 3629 isPublishLocal true isInvalidPublisher false
06-22 15:23:29.173  1669  1720 I WindowManager: DisplayContent w: Window{8c8186e u0 com.google.android.documentsui/com.android.documentsui.picker.PickActivity} Apply preferredModeId = 2
06-22 15:23:29.173  3629 23879 W ApiInvoke1.7.1: ApiRequest: do publishData to remote app_foreground
06-22 15:23:29.174  2007  2007 I wpa_supplicant: wpa_driver_nl80211_driver_cmd: wlan0 recv cmd RXFILTER-ADD 2
06-22 15:23:29.175  6123  6141 D Kolun.DataCenterImpl: onPublishDataapp_foreground, {"type":"app_foreground","time":1782159809167,"data":"{\"isForeground\":true,\"packageName\":\"com.itsaky.androidide\"}","provider":"dc","dc_version":2030370000,"data_version":1,"user_id":0}
06-22 15:23:29.175  6123  6141 I ApiInvoke1.5.130: SubscribeManager: publishData success host DataCenter#StandardDataService matcher app_foreground
06-22 15:23:29.174  3629  3867 I Kolun_AI: SceneIdentify:onBusEvent AppForegroundEvent   com.itsaky.androidide, true, nz2
06-22 15:23:29.176  2007  2007 I wpa_supplicant: wpa_driver_nl80211_driver_cmd: wlan0 recv cmd RXFILTER-START
06-22 15:23:29.177  3629  3867 I Kolun_AI: SceneIdentify:checkGameIn  com.itsaky.androidide, 
06-22 15:23:29.177  3629  3867 I Kolun_AI: SceneIdentify:checkSocialIn  com.itsaky.androidide, 
06-22 15:23:29.177  3629  3867 I Kolun_AI: TipsSceneService:event com.itsaky.androidide
06-22 15:23:29.177  3629  3867 I Kolun_AI: AppPredictManager:onBusEvent com.itsaky.androidide true
06-22 15:23:29.177  1669  1888 D WifiStaIfaceHidlImpl: setDtimMultiplier is not implemented by HIDL
06-22 15:23:29.178  3629  5415 I Kolun_AI: AppPredictManager:onPackageChanged AppForegroundEvent com.itsaky.androidide true currentTime 2026-06-22 15:23:29
06-22 15:23:29.183   906   906 I BpBinder: onLastStrongRef automatically unlinking death recipients: 
06-22 15:23:29.189  3653 19891 W SQLiteQueryBuilder: Allowing abusive custom column: null as oem_metadata
06-22 15:23:29.230  1669  1720 D CoreBackPreview: Window{be434fe u0 com.itsaky.androidide/com.itsaky.androidide.activities.editor.EditorActivityKt}: Setting back callback OnBackInvokedCallbackInfo{mCallback=android.window.IOnBackInvokedCallback$Stub$Proxy@546ccc4, mPriority=0, mIsAnimationCallback=true}
06-22 15:23:29.230 18666 18666 D EventBus: No subscribers registered for event class com.itsaky.androidide.eventbus.events.editor.OnStartEvent
06-22 15:23:29.230 18666 18666 D EventBus: No subscribers registered for event class org.greenrobot.eventbus.NoSubscriberEvent
06-22 15:23:29.230 18666 23889 I BootClasspathProvider: [ForkJoinPool.commonPool-worker-5] Skipping indexing for boot classpath as it is already indexed: /data/data/com.itsaky.androidide/files/home/android-sdk/platforms/android-36/android.jar
06-22 15:23:29.231 18666 23889 D StopWatch: [ForkJoinPool.commonPool-worker-5] Indexing 1 bootclasspaths completed in 1ms
06-22 15:23:29.234 18666 18666 D BaseEditorActivity: [main] updateSheetState: SheetState(sheetState=3, currentTab=7)
06-22 15:23:29.235  1669  1720 D ConnectivityService: requestNetwork for uid/pid:10455/18666 activeRequest: null callbackRequest: 116425 [NetworkRequest [ REQUEST id=116426, [ Capabilities: INTERNET&NOT_RESTRICTED&TRUSTED&NOT_VCN_MANAGED Uid: 10455 RequestorUid: 10455 RequestorPkg: com.itsaky.androidide UnderlyingNetworks: Null] ]] callback flags: 0 order: 2147483647 isUidTracked: false declaredMethods: AVAIL|LOST|UNAVAIL|NC
06-22 15:23:29.239  1669  1720 D ConnectivityService: requestNetwork for uid/pid:10455/18666 activeRequest: null callbackRequest: 116427 [NetworkRequest [ REQUEST id=116428, [ Capabilities: INTERNET&NOT_RESTRICTED&TRUSTED&NOT_VCN_MANAGED Uid: 10455 RequestorUid: 10455 RequestorPkg: com.itsaky.androidide UnderlyingNetworks: Null] ]] callback flags: 0 order: 2147483647 isUidTracked: false declaredMethods: AVAIL|LOST|UNAVAIL|NC
06-22 15:23:29.241  1669  1888 D WifiNetworkFactory: got request NetworkRequest [ REQUEST id=116426, [ Capabilities: INTERNET&NOT_RESTRICTED&TRUSTED&NOT_VCN_MANAGED Uid: 10455 RequestorUid: 10455 RequestorPkg: com.itsaky.androidide UnderlyingNetworks: Null] ]
06-22 15:23:29.241  1669  1888 D UntrustedWifiNetworkFactory: got request NetworkRequest [ REQUEST id=116426, [ Capabilities: INTERNET&NOT_RESTRICTED&TRUSTED&NOT_VCN_MANAGED Uid: 10455 RequestorUid: 10455 RequestorPkg: com.itsaky.androidide UnderlyingNetworks: Null] ]
06-22 15:23:29.242  1669  1898 D ConnectivityService: NetReassign [116426 : null → 100] [c 0] [a 1] [i 5]
06-22 15:23:29.242 18666 18666 D BaseEditorActivity: [main] onBuildStatusChanged: isInitializing: false, isBuildInProgress: false
06-22 15:23:29.243  1669  1888 D OemPaidWifiNetworkFactory: got request NetworkRequest [ REQUEST id=116426, [ Capabilities: INTERNET&NOT_RESTRICTED&TRUSTED&NOT_VCN_MANAGED Uid: 10455 RequestorUid: 10455 RequestorPkg: com.itsaky.androidide UnderlyingNetworks: Null] ]
06-22 15:23:29.243  1669  1888 D MultiInternetWifiNetworkFactory: got request NetworkRequest [ REQUEST id=116426, [ Capabilities: INTERNET&NOT_RESTRICTED&TRUSTED&NOT_VCN_MANAGED Uid: 10455 RequestorUid: 10455 RequestorPkg: com.itsaky.androidide UnderlyingNetworks: Null] ]
06-22 15:23:29.244   877   974 I mtkpower@impl: [powerd_req] TIMER_MSG_PERF_LOCK_TIMEOUT hdl:106507
06-22 15:23:29.245 18666 18666 D IDEApplication: [main] foregroundActivity = class com.itsaky.androidide.activities.editor.EditorActivityKt
06-22 15:23:29.246  1669  1888 D WifiNetworkFactory: got request NetworkRequest [ REQUEST id=116428, [ Capabilities: INTERNET&NOT_RESTRICTED&TRUSTED&NOT_VCN_MANAGED Uid: 10455 RequestorUid: 10455 RequestorPkg: com.itsaky.androidide UnderlyingNetworks: Null] ]
06-22 15:23:29.246  1669  1888 D UntrustedWifiNetworkFactory: got request NetworkRequest [ REQUEST id=116428, [ Capabilities: INTERNET&NOT_RESTRICTED&TRUSTED&NOT_VCN_MANAGED Uid: 10455 RequestorUid: 10455 RequestorPkg: com.itsaky.androidide UnderlyingNetworks: Null] ]
06-22 15:23:29.246  1669  1888 D OemPaidWifiNetworkFactory: got request NetworkRequest [ REQUEST id=116428, [ Capabilities: INTERNET&NOT_RESTRICTED&TRUSTED&NOT_VCN_MANAGED Uid: 10455 RequestorUid: 10455 RequestorPkg: com.itsaky.androidide UnderlyingNetworks: Null] ]
06-22 15:23:29.246  1669  1888 D MultiInternetWifiNetworkFactory: got request NetworkRequest [ REQUEST id=116428, [ Capabilities: INTERNET&NOT_RESTRICTED&TRUSTED&NOT_VCN_MANAGED Uid: 10455 RequestorUid: 10455 RequestorPkg: com.itsaky.androidide UnderlyingNetworks: Null] ]
06-22 15:23:29.246  1669  1898 D ConnectivityService: NetReassign [116428 : null → 100] [c 0] [a 2] [i 2]
06-22 15:23:29.249 18666 18666 D BaseEditorActivity: [main] onBuildStatusChanged: isInitializing: false, isBuildInProgress: false
06-22 15:23:29.250 18666 18666 D BaseEditorActivity: [main] onBuildStatusChanged: isInitializing: false, isBuildInProgress: false
06-22 15:23:29.261 18666 18666 D DefaultActionsRegistry: [main] ACTION_DEBUG:  Clearing all 0 actions from location 'ide.editor.toolbar'.
06-22 15:23:29.261 18666 18666 D DefaultActionsRegistry: [main] ACTION_DEBUG:  Location 'ide.editor.toolbar' is now empty.
06-22 15:23:29.262 18666 18666 D DefaultActionsRegistry: [main] ACTION_DEBUG:  Clearing all 0 actions from location 'ide.editor.fileTabs'.
06-22 15:23:29.262 18666 18666 D DefaultActionsRegistry: [main] ACTION_DEBUG:  Location 'ide.editor.fileTabs' is now empty.
06-22 15:23:29.262 18666 18666 D DefaultActionsRegistry: [main] ACTION_DEBUG:  Clearing all 0 actions from location 'ide.editor.fileTree'.
06-22 15:23:29.262 18666 18666 D DefaultActionsRegistry: [main] ACTION_DEBUG:  Location 'ide.editor.fileTree' is now empty.
06-22 15:23:29.264 18666 18666 D DefaultActionsRegistry: [main] ACTION_DEBUG:  Registering action 'ide.editor.build.quickRun' at location 'ide.editor.toolbar'. Current count: 0.
06-22 15:23:29.266 18666 18666 D DefaultActionsRegistry: [main] ACTION_DEBUG:  Location 'ide.editor.toolbar' now has 1 actions.
06-22 15:23:29.267 18666 18666 D DefaultActionsRegistry: [main] ACTION_DEBUG:  Registering action 'ide.editor.syncProject' at location 'ide.editor.toolbar'. Current count: 1.
06-22 15:23:29.268 18666 18666 D DefaultActionsRegistry: [main] ACTION_DEBUG:  Location 'ide.editor.toolbar' now has 2 actions.
06-22 15:23:29.269 18666 18666 D DefaultActionsRegistry: [main] ACTION_DEBUG:  Registering action 'ide.editor.build.debug' at location 'ide.editor.toolbar'. Current count: 2.
06-22 15:23:29.270 18666 18666 D DefaultActionsRegistry: [main] ACTION_DEBUG:  Location 'ide.editor.toolbar' now has 3 actions.
06-22 15:23:29.270 18666 18666 D DefaultActionsRegistry: [main] ACTION_DEBUG:  readhed the 3 target
06-22 15:23:29.272  2347  3017 D ApkController: onTaskStackChanged 
06-22 15:23:29.273 18666 18666 D DefaultActionsRegistry: [main] ACTION_DEBUG:  Registering action 'ide.editor.build.runTasks' at location 'ide.editor.toolbar'. Current count: 3.
06-22 15:23:29.274 18666 18666 D DefaultActionsRegistry: [main] ACTION_DEBUG:  Location 'ide.editor.toolbar' now has 4 actions.
06-22 15:23:29.275  2347 16268 D ApkController: [handleMessage] --> start 1
06-22 15:23:29.276 18666 18666 D DefaultActionsRegistry: [main] ACTION_DEBUG:  Registering action 'ide.editor.code.text.undo' at location 'ide.editor.toolbar'. Current count: 4.
06-22 15:23:29.277 18666 18666 D DefaultActionsRegistry: [main] ACTION_DEBUG:  Location 'ide.editor.toolbar' now has 5 actions.
06-22 15:23:29.279 18666 18666 D DefaultActionsRegistry: [main] ACTION_DEBUG:  Registering action 'ide.editor.code.text.redo' at location 'ide.editor.toolbar'. Current count: 5.
06-22 15:23:29.280 18666 18666 D DefaultActionsRegistry: [main] ACTION_DEBUG:  Location 'ide.editor.toolbar' now has 6 actions.
06-22 15:23:29.280  1669  1720 D os.permission.PermissionInfo: checkPermission 10199:android.permission.MANAGE_ACTIVITY_TASKS:true
06-22 15:23:29.280  1669  1720 I os.permission: Grant permission: android.permission.MANAGE_ACTIVITY_TASKS to uid: 10199
06-22 15:23:29.281  1669  1720 D os.permission.PermissionInfo: checkPermission 10199:android.permission.MANAGE_ACTIVITY_TASKS:true
06-22 15:23:29.281  1669  1720 I os.permission: Grant permission: android.permission.MANAGE_ACTIVITY_TASKS to uid: 10199
06-22 15:23:29.283 18666 18666 D DefaultActionsRegistry: [main] ACTION_DEBUG:  Registering action 'ide.editor.files.saveAll' at location 'ide.editor.toolbar'. Current count: 6.
06-22 15:23:29.283 18666 18666 D DefaultActionsRegistry: [main] ACTION_DEBUG:  Location 'ide.editor.toolbar' now has 7 actions.
06-22 15:23:29.286 18666 18666 D DefaultActionsRegistry: [main] ACTION_DEBUG:  Registering action 'ide.editor.previewLayout' at location 'ide.editor.toolbar'. Current count: 7.
06-22 15:23:29.286 18666 18666 D DefaultActionsRegistry: [main] ACTION_DEBUG:  Location 'ide.editor.toolbar' now has 8 actions.
06-22 15:23:29.287 18666 18666 D DefaultActionsRegistry: [main] ACTION_DEBUG:  Registering action 'ide.editor.find' at location 'ide.editor.toolbar'. Current count: 8.
06-22 15:23:29.288 18666 18666 D DefaultActionsRegistry: [main] ACTION_DEBUG:  Location 'ide.editor.toolbar' now has 9 actions.
06-22 15:23:29.289 18666 18666 D DefaultActionsRegistry: [main] ACTION_DEBUG:  Registering action 'ide.editor.find.inFile' at location 'ide.editor.toolbar.find.menu'. Current count: 0.
06-22 15:23:29.290 18666 18666 D DefaultActionsRegistry: [main] ACTION_DEBUG:  Location 'ide.editor.toolbar.find.menu' now has 1 actions.
06-22 15:23:29.291 18666 18666 D DefaultActionsRegistry: [main] ACTION_DEBUG:  Registering action 'ide.editor.find.inProject' at location 'ide.editor.toolbar.find.menu'. Current count: 1.
06-22 15:23:29.292 18666 18666 D DefaultActionsRegistry: [main] ACTION_DEBUG:  Location 'ide.editor.toolbar.find.menu' now has 2 actions.
06-22 15:23:29.297 18666 18666 D DefaultActionsRegistry: [main] ACTION_DEBUG:  Registering action 'ide.editor.launchInstalledApp' at location 'ide.editor.toolbar'. Current count: 9.
06-22 15:23:29.297 18666 18666 D DefaultActionsRegistry: [main] ACTION_DEBUG:  Location 'ide.editor.toolbar' now has 10 actions.
06-22 15:23:29.298 18666 18666 D DefaultActionsRegistry: [main] ACTION_DEBUG:  Registering action 'ide.editor.service.logreceiver.disconnectSenders' at location 'ide.editor.toolbar'. Current count: 10.
06-22 15:23:29.298 18666 18666 D DefaultActionsRegistry: [main] ACTION_DEBUG:  Location 'ide.editor.toolbar' now has 11 actions.
06-22 15:23:29.298 18666 18666 D plugin_debug: Registering menu items for plugin: AiCodeHelperPlugin
06-22 15:23:29.299 18666 18666 D DefaultActionsRegistry: [main] ACTION_DEBUG:  Updating action 'ide.editor.code.actions.expandSelection' at location 'ide.editor.textActions'. Current count: 10.
06-22 15:23:29.299 18666 18666 D DefaultActionsRegistry: [main] ACTION_DEBUG:  Location 'ide.editor.textActions' now has 10 actions.
06-22 15:23:29.300 18666 18666 D DefaultActionsRegistry: [main] ACTION_DEBUG:  Updating action 'ide.editor.code.text.selectAll' at location 'ide.editor.textActions'. Current count: 10.
06-22 15:23:29.300 18666 18666 D DefaultActionsRegistry: [main] ACTION_DEBUG:  Location 'ide.editor.textActions' now has 10 actions.
06-22 15:23:29.301 18666 18666 D DefaultActionsRegistry: [main] ACTION_DEBUG:  Updating action 'ide.editor.code.text.longSelect' at location 'ide.editor.textActions'. Current count: 10.
06-22 15:23:29.301 18666 18666 D DefaultActionsRegistry: [main] ACTION_DEBUG:  Location 'ide.editor.textActions' now has 10 actions.
06-22 15:23:29.302 18666 18666 D DefaultActionsRegistry: [main] ACTION_DEBUG:  Updating action 'ide.editor.code.text.cut' at location 'ide.editor.textActions'. Current count: 10.
06-22 15:23:29.302 18666 18666 D DefaultActionsRegistry: [main] ACTION_DEBUG:  Location 'ide.editor.textActions' now has 10 actions.
06-22 15:23:29.303 18666 18666 D DefaultActionsRegistry: [main] ACTION_DEBUG:  Updating action 'ide.editor.code.text.copy' at location 'ide.editor.textActions'. Current count: 10.
06-22 15:23:29.303 18666 18666 D DefaultActionsRegistry: [main] ACTION_DEBUG:  Location 'ide.editor.textActions' now has 10 actions.
06-22 15:23:29.305 18666 18666 D DefaultActionsRegistry: [main] ACTION_DEBUG:  Updating action 'ide.editor.agent.text.explain_selection' at location 'ide.editor.textActions'. Current count: 10.
06-22 15:23:29.306 18666 18666 D DefaultActionsRegistry: [main] ACTION_DEBUG:  Location 'ide.editor.textActions' now has 10 actions.
06-22 15:23:29.308 18666 18666 D DefaultActionsRegistry: [main] ACTION_DEBUG:  Updating action 'ide.editor.code.text.paste' at location 'ide.editor.textActions'. Current count: 10.
06-22 15:23:29.309 18666 18666 D DefaultActionsRegistry: [main] ACTION_DEBUG:  Location 'ide.editor.textActions' now has 10 actions.
06-22 15:23:29.310 18666 18666 D DefaultActionsRegistry: [main] ACTION_DEBUG:  Updating action 'ide.editor.code.text.format' at location 'ide.editor.textActions'. Current count: 10.
06-22 15:23:29.310 18666 18666 D DefaultActionsRegistry: [main] ACTION_DEBUG:  Location 'ide.editor.textActions' now has 10 actions.
06-22 15:23:29.313 18666 18666 D DefaultActionsRegistry: [main] ACTION_DEBUG:  Updating action 'ide.editor.code.text.show_tooltip' at location 'ide.editor.textActions'. Current count: 10.
06-22 15:23:29.314 18666 18666 D DefaultActionsRegistry: [main] ACTION_DEBUG:  Location 'ide.editor.textActions' now has 10 actions.
06-22 15:23:29.315 18666 18666 D DefaultActionsRegistry: [main] ACTION_DEBUG:  Registering action 'ide.editor.fileTab.close.current' at location 'ide.editor.fileTabs'. Current count: 0.
06-22 15:23:29.317 18666 18666 D DefaultActionsRegistry: [main] ACTION_DEBUG:  Location 'ide.editor.fileTabs' now has 1 actions.
06-22 15:23:29.320 18666 18666 D DefaultActionsRegistry: [main] ACTION_DEBUG:  Registering action 'ide.editor.fileTab.close.others' at location 'ide.editor.fileTabs'. Current count: 1.
06-22 15:23:29.320 18666 18666 D DefaultActionsRegistry: [main] ACTION_DEBUG:  Location 'ide.editor.fileTabs' now has 2 actions.
06-22 15:23:29.322 18666 18666 D DefaultActionsRegistry: [main] ACTION_DEBUG:  Registering action 'ide.editor.fileTab.close.all' at location 'ide.editor.fileTabs'. Current count: 2.
06-22 15:23:29.323 18666 18666 D DefaultActionsRegistry: [main] ACTION_DEBUG:  Location 'ide.editor.fileTabs' now has 3 actions.
06-22 15:23:29.324 18666 18666 D DefaultActionsRegistry: [main] ACTION_DEBUG:  readhed the 3 target
06-22 15:23:29.325 18666 18666 D DefaultActionsRegistry: [main] ACTION_DEBUG:  Registering action 'ide.editor.fileTab.install' at location 'ide.editor.fileTabs'. Current count: 3.
06-22 15:23:29.325 18666 18666 D DefaultActionsRegistry: [main] ACTION_DEBUG:  Location 'ide.editor.fileTabs' now has 4 actions.
06-22 15:23:29.327 18666 18666 D DefaultActionsRegistry: [main] ACTION_DEBUG:  Registering action 'ide.editor.fileTree.copyPath' at location 'ide.editor.fileTree'. Current count: 0.
06-22 15:23:29.328 18666 18666 D DefaultActionsRegistry: [main] ACTION_DEBUG:  Location 'ide.editor.fileTree' now has 1 actions.
06-22 15:23:29.331 18666 18666 D DefaultActionsRegistry: [main] ACTION_DEBUG:  Registering action 'ide.editor.fileTree.delete' at location 'ide.editor.fileTree'. Current count: 1.
06-22 15:23:29.331 18666 18666 D DefaultActionsRegistry: [main] ACTION_DEBUG:  Location 'ide.editor.fileTree' now has 2 actions.
06-22 15:23:29.334 18666 18666 D DefaultActionsRegistry: [main] ACTION_DEBUG:  Registering action 'ide.editor.fileTree.newFile' at location 'ide.editor.fileTree'. Current count: 2.
06-22 15:23:29.335 18666 18666 D DefaultActionsRegistry: [main] ACTION_DEBUG:  Location 'ide.editor.fileTree' now has 3 actions.
06-22 15:23:29.335 18666 18666 D DefaultActionsRegistry: [main] ACTION_DEBUG:  readhed the 3 target
06-22 15:23:29.338 18666 18666 D DefaultActionsRegistry: [main] ACTION_DEBUG:  Registering action 'ide.editor.fileTree.newFolder' at location 'ide.editor.fileTree'. Current count: 3.
06-22 15:23:29.338 18666 18666 D DefaultActionsRegistry: [main] ACTION_DEBUG:  Location 'ide.editor.fileTree' now has 4 actions.
06-22 15:23:29.341 18666 18666 D DefaultActionsRegistry: [main] ACTION_DEBUG:  Registering action 'ide.editor.fileTree.openWith' at location 'ide.editor.fileTree'. Current count: 4.
06-22 15:23:29.342 18666 18666 D DefaultActionsRegistry: [main] ACTION_DEBUG:  Location 'ide.editor.fileTree' now has 5 actions.
06-22 15:23:29.344 18666 18666 D DefaultActionsRegistry: [main] ACTION_DEBUG:  Registering action 'ide.editor.fileTree.rename' at location 'ide.editor.fileTree'. Current count: 5.
06-22 15:23:29.345 18666 18666 D DefaultActionsRegistry: [main] ACTION_DEBUG:  Location 'ide.editor.fileTree' now has 6 actions.
06-22 15:23:29.346 18666 18666 D DefaultActionsRegistry: [main] ACTION_DEBUG:  Registering action 'ide.editor.fileTree.help' at location 'ide.editor.fileTree'. Current count: 6.
06-22 15:23:29.347 18666 18666 D DefaultActionsRegistry: [main] ACTION_DEBUG:  Location 'ide.editor.fileTree' now has 7 actions.
06-22 15:23:29.347 18666 18666 D EventBus: No subscribers registered for event class com.itsaky.androidide.eventbus.events.editor.OnResumeEvent
06-22 15:23:29.347 18666 18666 D EventBus: No subscribers registered for event class org.greenrobot.eventbus.NoSubscriberEvent
06-22 15:23:29.349 18666 18666 I TranViewScrollBoost: TRAN_SCROLL_BOOST_SUPPORT in APP, not includeInWhiteList
06-22 15:23:29.349  1669  1818 I TranThermalBacklightCtrl: cur package [com.itsaky.androidide] is in TemperatureControlWhitelist
06-22 15:23:29.350  1669  1818 I TranThermalBacklightCtrl: mParamAPTempHigh[0]=40.0, mParamAPTempLow[0]=38.0, mParamBrightnessMax[0]=0.9, mParamLuxLimit[0]=2000.0
06-22 15:23:29.350  1189  1189 I thermal_repeater: [recvMdThermalInfo] ret=30, strLen=127,  2, 32767, -127, 227, 32767, 0
06-22 15:23:29.350  1669  1818 I TranThermalBacklightCtrl: mParamAPTempHigh[1]=47.0, mParamAPTempLow[1]=45.0, mParamBrightnessMax[1]=0.65, mParamLuxLimit[1]=2000.0
06-22 15:23:29.356   906  2487 E BufferQueueDebug: [com.itsaky.androidide/com.itsaky.androidide.activities.editor.EditorActivityKt#6240](this:0xb40000745603b990,id:-1,api:0,p:-1,c:-1) id info cannot be read from 'com.itsaky.androidide/com.itsaky.androidide.activities.editor.EditorActivityKt#6240'
06-22 15:23:29.356   906  2487 I BufferQueueDebug: [com.itsaky.androidide/com.itsaky.androidide.activities.editor.EditorActivityKt#6240](this:0xb40000745603b990,id:-1,api:0,p:-1,c:-1) BufferQueue core=(906:/system/bin/surfaceflinger)
06-22 15:23:29.359  1669  1720 I WindowManager: DisplayContent w: Window{8c8186e u0 com.google.android.documentsui/com.android.documentsui.picker.PickActivity} Apply preferredModeId = 2
06-22 15:23:29.361  1669  1720 D WindowManager: currentFocusId -1 newFocusId: 0 currentFocusIsMultiWindow: false newFocusIsMultiWindow: false
06-22 15:23:29.362  1669  1720 W WindowManager: Changing focus from null to Window{be434fe u0 com.itsaky.androidide/com.itsaky.androidide.activities.editor.EditorActivityKt} displayId=0 Callers=com.android.server.wm.RootWindowContainer.updateFocusedWindowLocked:508 com.android.server.wm.WindowManagerService.updateFocusedWindowLocked:6510 com.android.server.wm.WindowManagerService.relayoutWindow:2713 com.android.server.wm.Session.relayout:259 
06-22 15:23:29.363   906  2487 E BufferQueueDebug: [Surface(name=d6c79f9 NavigationBar0)/@0x53400d4 - animation-leash of insets_animation#6241](this:0xb400007456008570,id:-1,api:0,p:-1,c:-1) id info cannot be read from 'Surface(name=d6c79f9 NavigationBar0)/@0x53400d4 - animation-leash of insets_animation#6241'
06-22 15:23:29.364   906  2487 I BufferQueueDebug: [Surface(name=d6c79f9 NavigationBar0)/@0x53400d4 - animation-leash of insets_animation#6241](this:0xb400007456008570,id:-1,api:0,p:-1,c:-1) BufferQueue core=(906:/system/bin/surfaceflinger)
06-22 15:23:29.366   906  2487 E BufferQueueDebug: [Surface(name=8e9c80d StatusBar)/@0xf2ae115 - animation-leash of insets_animation#6242](this:0xb40000745604caf0,id:-1,api:0,p:-1,c:-1) id info cannot be read from 'Surface(name=8e9c80d StatusBar)/@0xf2ae115 - animation-leash of insets_animation#6242'
06-22 15:23:29.366   906  2487 I BufferQueueDebug: [Surface(name=8e9c80d StatusBar)/@0xf2ae115 - animation-leash of insets_animation#6242](this:0xb40000745604caf0,id:-1,api:0,p:-1,c:-1) BufferQueue core=(906:/system/bin/surfaceflinger)
06-22 15:23:29.368  1669  1720 D WindowManager: updateSystemBarAttributes appearance:24, win appearance:24, opaqueAppearance:0, win:Window{be434fe u0 com.itsaky.androidide/com.itsaky.androidide.activities.editor.EditorActivityKt}, appearanceRegions=[AppearanceRegion{LIGHT_STATUS_BARS bounds=[0,0][720,1600]}]
06-22 15:23:29.369  1669  1720 D TranDisplayJamMonitor: checkExceptionWindowResult = 1024
06-22 15:23:29.369  1669  1720 D TranDisplayJamMonitor: check display window jam detection:Window{be434fe u0 com.itsaky.androidide/com.itsaky.androidide.activities.editor.EditorActivityKt}
06-22 15:23:29.369  1669  1720 D TranDisplayJamMonitor: remove screen rotation animation detection
06-22 15:23:29.369  1669  1720 I WindowManager: Relayout Window{be434fe u0 com.itsaky.androidide/com.itsaky.androidide.activities.editor.EditorActivityKt}: oldVis=8 newVis=0 focusMayChange = true requestedWidth = 720 requestedHeight = 1600 outFrames = ClientWindowFrames{frame=[0,0][720,1600] display=[0,0][720,1600] parentFrame=[0,0][0,0]} outSurfaceControl = Surface(name=com.itsaky.androidide/com.itsaky.androidide.activities.editor.EditorActivityKt)/@0xd5a8f65
06-22 15:23:29.372 18666 18666 D BufferQueueConsumer: [](id:48ea00000008,api:0,p:-1,c:18666) connect: controlledByApp=false
06-22 15:23:29.374 18666 18711 E OpenGLRenderer: Unable to match the desired swap behavior.
06-22 15:23:29.382  1669  1735 D SurfaceComposerClient: Transaction::apply InputWindowCommands.focusRequests timestamp=1159764571268510, windowName=be434fe com.itsaky.androidide/com.itsaky.androidide.activities.editor.EditorActivityKt
06-22 15:23:29.392   906   906 D SurfaceFlinger: Focus addInputWindowCommands timestamp=1159764571268510, windowName=be434fe com.itsaky.androidide/com.itsaky.androidide.activities.editor.EditorActivityKt
06-22 15:23:29.393   906   906 D SurfaceFlinger: Find Focus windowName=be434fe com.itsaky.androidide/com.itsaky.androidide.activities.editor.EditorActivityKt, notVisible=1
06-22 15:23:29.393   906   906 D Layer   : Focus: ActivityRecord{3512204 u0 com.itsaky.androidide/.activities.editor.EditorActivityKt t92}#6163 isHiddenByPolicy s.flags&layer_state_t::eLayerHidden=1
06-22 15:23:29.393   906   906 D Layer   : Focus: isHiddenByPolicy parent ActivityRecord{3512204 u0 com.itsaky.androidide/.activities.editor.EditorActivityKt t92}#6163 is hidden cause not visible
06-22 15:23:29.393   906   906 D SurfaceFlinger: Focus inVisible Reason:isVisibleForInput(){hasInputInfo()?canReceiveInput():isVisible()}=0 has=1 can{!isHiddenByPolicy()&&(mBuffer==nullptr||getAlpha()>0.0f)}=0 Hidden=1 Buf=1 getA=1
06-22 15:23:29.394   906  1293 D SurfaceFlinger: updateWinowInfo=1, setFocusedWindow timestamp=1159764571268510, windowName=be434fe com.itsaky.androidide/com.itsaky.androidide.activities.editor.EditorActivityKt
06-22 15:23:29.403   906   906 I BufferQueueDebug: [Surface(name=d6c79f9 NavigationBar0)/@0x53400d4 - animation-leash of insets_animation#6234](this:0xb400007456016940,id:-1,api:0,p:-1,c:906) onDestructor()
06-22 15:23:29.403   906   906 I BufferQueueDebug: [Surface(name=8e9c80d StatusBar)/@0xf2ae115 - animation-leash of insets_animation#6235](this:0xb4000074560748d0,id:-1,api:0,p:-1,c:906) onDestructor()
06-22 15:23:29.418 18666 18711 D BLASTBufferQueue: [VRI[EditorActivityKt]#8](f:0,a:1) acquireNextBufferLocked size=720x1600 mFrameNumber=1 applyTransaction=true mTimestamp=1159764618575510(auto) mPendingTransactions.size=0 graphicBufferId=80169859547198 transform=0
06-22 15:23:29.419   906   987 E surfaceflinger: == MALI DEBUG ===eglp_winsys_populate_image_templates ==12288
06-22 15:23:29.420  1669  1720 W WindowManager: finishDrawingWindow: Window{be434fe u0 com.itsaky.androidide/com.itsaky.androidide.activities.editor.EditorActivityKt} mDrawState=DRAW_PENDING
06-22 15:23:29.421 18666 18666 D BottomSheetViewModel: [main] new SheetState: SheetState(sheetState=2, currentTab=7)
06-22 15:23:29.421  1669  1735 I WindowManager: DisplayContent w: Window{8c8186e u0 com.google.android.documentsui/com.android.documentsui.picker.PickActivity} Apply preferredModeId = 2
06-22 15:23:29.423  1669  1735 D BLASTSyncEngine: transition TransitionRecord{45e043a id=445 type=CLOSE flags=0x0} isAuthenticateSucceed false
06-22 15:23:29.423  1669  1735 I DreamAnimation:  hookAppTransitSuccess called,  mState=7 and doUnlockAnimation=0
06-22 15:23:29.424  1669  1735 W WindowManager: real show surface com.itsaky.androidide/com.itsaky.androidide.activities.editor.EditorActivityKt sc:Surface(name=com.itsaky.androidide/com.itsaky.androidide.activities.editor.EditorActivityKt)/@0x445f130 win : Window{be434fe u0 com.itsaky.androidide/com.itsaky.androidide.activities.editor.EditorActivityKt}
06-22 15:23:29.424  1669  1735 I Transition: ignoreThunderbackTransition back= false change= false
06-22 15:23:29.425   906  1466 E BufferQueueDebug: [Transition Root: ActivityRecord{66aacbb u0 com.google.android.documentsui/com.android.documentsui.picker.PickActivity t92 f}}#6243](this:0xb4000074560748d0,id:-1,api:0,p:-1,c:-1) id info cannot be read from 'Transition Root: ActivityRecord{66aacbb u0 com.google.android.documentsui/com.android.documentsui.picker.PickActivity t92 f}}#6243'
06-22 15:23:29.425   906  1466 I BufferQueueDebug: [Transition Root: ActivityRecord{66aacbb u0 com.google.android.documentsui/com.android.documentsui.picker.PickActivity t92 f}}#6243](this:0xb4000074560748d0,id:-1,api:0,p:-1,c:-1) BufferQueue core=(906:/system/bin/surfaceflinger)
06-22 15:23:29.431  1669  1731 V WindowManager: Sent Transition #445 createdAt=06-22 15:23:29.148 via request=TransitionRequestInfo { type = CLOSE, triggerTask = null, remoteTransition = null, displayChange = null }
06-22 15:23:29.431  1669  1731 V WindowManager:     startWCT=WindowContainerTransaction { changes = {} hops = [] errorCallbackToken=null taskFragmentOrganizer=null }
06-22 15:23:29.431  2065  2139 V WindowManagerShell: onTransitionReady android.os.BinderProxy@337a842: {id=445 t=CLOSE f=0x0 trk=0 r=[0@Point(0, 0)] c=[{null m=CLOSE f=FILLS_TASK leash=Surface(name=ActivityRecord{66aacbb u0 com.google.android.documentsui/com.android.documentsui.picker.PickActivity t92})/@0x902f053 sb=Rect(0, 0 - 720, 1600) eb=Rect(0, 0 - 720, 1600) d=0},{null m=TO_FRONT f=FILLS_TASK leash=Surface(name=ActivityRecord{3512204 u0 com.itsaky.androidide/.activities.editor.EditorActivityKt t92})/@0xeabcd90 sb=Rect(0, 0 - 720, 1600) eb=Rect(0, 0 - 720, 1600) d=0}]}
06-22 15:23:29.431  1669  1731 V WindowManager:     info={id=445 t=CLOSE f=0x0 trk=0 r=[0@Point(0, 0)] c=[{null m=CLOSE f=FILLS_TASK leash=Surface(name=ActivityRecord{66aacbb u0 com.google.android.documentsui/com.android.documentsui.picker.PickActivity t92})/@0x7ccad0 sb=Rect(0, 0 - 720, 1600) eb=Rect(0, 0 - 720, 1600) d=0},{null m=TO_FRONT f=FILLS_TASK leash=Surface(name=ActivityRecord{3512204 u0 com.itsaky.androidide/.activities.editor.EditorActivityKt t92})/@0xfac60c2 sb=Rect(0, 0 - 720, 1600) eb=Rect(0, 0 - 720, 1600) d=0}]}
06-22 15:23:29.431  2065  2139 D ShellTransitions: setupStartState hide:Surface(name=ActivityRecord{66aacbb u0 com.google.android.documentsui/com.android.documentsui.picker.PickActivity t92})/@0x902f053
06-22 15:23:29.431  2065  2139 V WindowManagerShell: Playing animation for (#445)android.os.BinderProxy@337a842@0
06-22 15:23:29.431  2065  2139 V WindowManagerShell:  try handler com.android.wm.shell.transition.DefaultMixedHandler@bb73a9b
06-22 15:23:29.431  2065  2139 V WindowManagerShell:  try handler com.android.wm.shell.keyguard.KeyguardTransitionHandler@7fb7f77
06-22 15:23:29.431  2065  2139 V WindowManagerShell:  try handler com.android.wm.shell.activityembedding.ActivityEmbeddingController@3f5b7e4
06-22 15:23:29.431  2065  2139 V WindowManagerShell:  try handler com.android.wm.shell.recents.RecentsTransitionHandler@bfef44d
06-22 15:23:29.431  2065  2139 V ShellRecents: RecentsTransitionHandler.startAnimation: no controller found
06-22 15:23:29.431  2065  2139 V WindowManagerShell:  try handler com.android.wm.shell.pip.PipTransition@a8bab02
06-22 15:23:29.431  2065  2139 V WindowManagerShell:  try handler com.android.wm.shell.splitscreen.StageCoordinator@11e9c13
06-22 15:23:29.432  2065  2139 V WindowManagerShell:  try handler com.android.wm.shell.transition.RemoteTransitionHandler@7486e50
06-22 15:23:29.432  2065  2139 V WindowManagerShell: Transition doesn't have explicit remote, search filters for match for {id=445 t=CLOSE f=0x0 trk=0 r=[0@Point(0, 0)] c=[{null m=CLOSE f=FILLS_TASK leash=Surface(name=ActivityRecord{66aacbb u0 com.google.android.documentsui/com.android.documentsui.picker.PickActivity t92})/@0x902f053 sb=Rect(0, 0 - 720, 1600) eb=Rect(0, 0 - 720, 1600) d=0},{null m=TO_FRONT f=FILLS_TASK leash=Surface(name=ActivityRecord{3512204 u0 com.itsaky.androidide/.activities.editor.EditorActivityKt t92})/@0xeabcd90 sb=Rect(0, 0 - 720, 1600) eb=Rect(0, 0 - 720, 1600) d=0}]}
06-22 15:23:29.432  2065  2139 V WindowManagerShell:  Delegate animation for #445 to null
06-22 15:23:29.432  2065  2139 V WindowManagerShell:  try handler com.android.wm.shell.transition.DefaultTransitionHandler@d538849
06-22 15:23:29.432  2065  2139 V WindowManagerShell: start default transition animation, info = {id=445 t=CLOSE f=0x0 trk=0 r=[0@Point(0, 0)] c=[{null m=CLOSE f=FILLS_TASK leash=Surface(name=ActivityRecord{66aacbb u0 com.google.android.documentsui/com.android.documentsui.picker.PickActivity t92})/@0x902f053 sb=Rect(0, 0 - 720, 1600) eb=Rect(0, 0 - 720, 1600) d=0},{null m=TO_FRONT f=FILLS_TASK leash=Surface(name=ActivityRecord{3512204 u0 com.itsaky.androidide/.activities.editor.EditorActivityKt t92})/@0xeabcd90 sb=Rect(0, 0 - 720, 1600) eb=Rect(0, 0 - 720, 1600) d=0}]}
06-22 15:23:29.432  2065  2139 I isAnimateWithFlipScreenSmartWindow: TransitionInfo.type:2
06-22 15:23:29.432  2065  2139 D isAnimateWithFlipScreenSmartWindow: isAnimateWithFlipScreenSmartWindow(info):  false
06-22 15:23:29.432  2065  2139 I isAnimateWithFlipScreenSmartWindow: TransitionInfo.type:2
06-22 15:23:29.432  2065  2139 I isAnimateWithFlipScreenSmartWindow: TransitionInfo.type:2
06-22 15:23:29.432  1669  1735 I WindowManager: DisplayContent w: Window{8c8186e u0 com.google.android.documentsui/com.android.documentsui.picker.PickActivity} Apply preferredModeId = 2
06-22 15:23:29.433   906  1466 E BufferQueueDebug: [297be17 ActivityRecordInputSink com.itsaky.androidide/.activities.editor.EditorActivityKt#6244](this:0xb400007455fffcc0,id:-1,api:0,p:-1,c:-1) id info cannot be read from '297be17 ActivityRecordInputSink com.itsaky.androidide/.activities.editor.EditorActivityKt#6244'
06-22 15:23:29.433  2065  2139 V WindowManagerShell: loadAnimation: anim=android.view.animation.AnimationSet@c23eaf animAttr=0x6 type=CLOSE isEntrance=true
06-22 15:23:29.434  2065  2139 D ShellTransitions: animationRange:  Rect(0, 0 - 720, 1600)
06-22 15:23:29.434   906  1466 I BufferQueueDebug: [297be17 ActivityRecordInputSink com.itsaky.androidide/.activities.editor.EditorActivityKt#6244](this:0xb400007455fffcc0,id:-1,api:0,p:-1,c:-1) BufferQueue core=(906:/system/bin/surfaceflinger)
06-22 15:23:29.434  2065  2139 I isAnimateWithFlipScreenSmartWindow: TransitionInfo.type:2
06-22 15:23:29.434  2065  2139 D isAnimateWithFlipScreenSmartWindow: isAnimateWithFlipScreenSmartWindow(info):  false
06-22 15:23:29.434  2065  2139 I isAnimateWithFlipScreenSmartWindow: TransitionInfo.type:2
06-22 15:23:29.434  2065  2139 I isAnimateWithFlipScreenSmartWindow: TransitionInfo.type:2
06-22 15:23:29.435  2065  2139 V WindowManagerShell: loadAnimation: anim=android.view.animation.AnimationSet@5fb1245 animAttr=0x7 type=CLOSE isEntrance=false
06-22 15:23:29.435  2065  2139 D ShellTransitions: animationRange:  Rect(0, 0 - 720, 1600)
06-22 15:23:29.437  2065  2139 V WindowManagerShell:  animated by com.android.wm.shell.transition.DefaultTransitionHandler@d538849
06-22 15:23:29.438   906   987 E surfaceflinger: == MALI DEBUG ===eglp_winsys_populate_image_templates ==12288
06-22 15:23:29.442  1669  1735 I WindowManager: DisplayContent w: Window{8c8186e u0 com.google.android.documentsui/com.android.documentsui.picker.PickActivity} Apply preferredModeId = 2
06-22 15:23:29.445  1669  1720 I WindowManager: DisplayContent w: Window{8c8186e u0 com.google.android.documentsui/com.android.documentsui.picker.PickActivity} Apply preferredModeId = 2
06-22 15:23:29.486   906   987 E surfaceflinger: == MALI DEBUG ===eglp_winsys_populate_image_templates ==12288
06-22 15:23:29.492  1669  1734 I DisplayDeviceRepository: Display device changed: DisplayDeviceInfo{"Built-in Screen": uniqueId="local:0", 720 x 1600, modeId 2, renderFrameRate 90.0, defaultModeId 1, supportedModes [{id=1, width=720, height=1600, fps=120.00001, alternativeRefreshRates=[60.0, 90.0], supportedHdrTypes=[]}, {id=2, width=720, height=1600, fps=90.0, alternativeRefreshRates=[60.0, 120.00001], supportedHdrTypes=[]}, {id=3, width=720, height=1600, fps=60.0, alternativeRefreshRates=[90.0, 120.00001], supportedHdrTypes=[]}], colorMode 0, supportedColorModes [0], hdrCapabilities HdrCapabilities{mSupportedHdrTypes=[], mMaxLuminance=500.0, mMaxAverageLuminance=500.0, mMinLuminance=0.0}, allmSupported false, gameContentTypeSupported false, density 320, 262.939 x 262.939 dpi, appVsyncOff 1033333, presDeadline 14100000, cutout DisplayCutout{insets=Rect(0, 80 - 0, 0) waterfall=Insets{left=0, top=0, right=0, bottom=0} boundingRect={Bounds=[Rect(0, 0 - 0, 0), Rect(312, 0 - 408, 80), Rect(0, 0 - 0, 0), Rect(0, 0 - 0, 0)]} cutoutPathParserInfo={CutoutPathParserInfo{displayWidth=720 displayHeight=1600 physicalDisplayWidth=720 physicalDisplayHeight=1600 density={2.0} cutoutSpec={M -24,0 L -24,40 L 24,40 L 24,0 Z @dp} rotation={0} scale={1.0} physicalPixelDisplaySizeRatio={1.0}}}}, touch INTERNAL, rotation 0, type INTERNAL, address {port=0}, deviceProductInfo null, state ON, committedState ON, frameRateOverride {uid=10058 frameRateHz=90.0} {uid=10455 frameRateHz=90.0} , brightnessMinimum 0.0, brightnessMaximum 1.0, brightnessDefault 0.4, hdrSdrRatio NaN, roundedCorners RoundedCorners{[RoundedCorner{position=TopLeft, radius=34, center=Point(34, 34)}, RoundedCorner{position=TopRight, radius=34, center=Point(686, 34)}, RoundedCorner{position=BottomRight, radius=34, center=Point(686, 1566)}, RoundedCorner{position=BottomLeft, radius=34, center=Point(34, 1566)}]}, FLAG_ALLOWED_TO_BE_DEFAULT_DISPLAY, FLAG_ROTATES_WITH_CONTENT, FLAG_SECURE, FLAG_SUPPORTS_PROTECTED_BUFFERS, FLAG_TRUSTED, installOrientation 0, displayShape DisplayShape{ spec=2134893525 displayWidth=720 displayHeight=1600 physicalPixelDisplaySizeRatio=1.0 rotation=0 offsetX=0 offsetY=0 scale=1.0}}
06-22 15:23:29.494  1669  1734 D Griffin/DeviceState: virtualDisplayPackageName :{}
06-22 15:23:29.495  1669  1735 I WindowManager: DisplayContent w: Window{8c8186e u0 com.google.android.documentsui/com.android.documentsui.picker.PickActivity} Apply preferredModeId = 2
06-22 15:23:29.535   906   987 E surfaceflinger: == MALI DEBUG ===eglp_winsys_populate_image_templates ==12288
06-22 15:23:29.553  1669  1818 I ImeTracker: com.itsaky.androidide:b74d3f1: onRequestHide at ORIGIN_SERVER_HIDE_INPUT reason HIDE_UNSPECIFIED_WINDOW
06-22 15:23:29.553  1669  1818 I ImeTracker: com.itsaky.androidide:b74d3f1: onCancelled at PHASE_SERVER_SHOULD_HIDE
06-22 15:23:29.553  1669  1818 D TranWindowManagerServiceImpl: hookIMEVisibleChanged(), show:false
06-22 15:23:29.553  1669  1818 I TranMultiWindowManagerComponentImpl: hookInputMethodShown inputShown: false
06-22 15:23:29.554  1669  1818 I TranSCSourceConnectManagerImpl: hookInputMethodShown inputShown: false
06-22 15:23:29.554  1669  1818 I input_debug: package: com.itsaky.androidide mNeedShowSafeInput: false inputType: 0 methodMap: true isKeyguardShowing: false enable: 0 isSplitScreen: false
06-22 15:23:29.556 23263 23263 I GoogleInputMethodService: GoogleInputMethodService.onFinishInput():2269 
06-22 15:23:29.557  1669  2003 V TranSecureKeyboardManagerImpl: getServiceLocked mInputMethodService = null this: com.transsion.hubcore.sk.TranSecureKeyboardManagerImpl@bbc4f0a
06-22 15:23:29.558 23263 23263 I Module  : DeviceLockedStatusModuleProvider$Module.updateDeviceLockedStatusInternal():127 repeatCheckTimes = 0, locked = false
06-22 15:23:29.558   906  1466 E BufferQueueDebug: [Surface(name=2f45194 InputMethod)/@0xacc9432 - animation-leash of insets_animation#6245](this:0xb4000074560887c0,id:-1,api:0,p:-1,c:-1) id info cannot be read from 'Surface(name=2f45194 InputMethod)/@0xacc9432 - animation-leash of insets_animation#6245'
06-22 15:23:29.559   906  1466 I BufferQueueDebug: [Surface(name=2f45194 InputMethod)/@0xacc9432 - animation-leash of insets_animation#6245](this:0xb4000074560887c0,id:-1,api:0,p:-1,c:-1) BufferQueue core=(906:/system/bin/surfaceflinger)
06-22 15:23:29.559 23263 23263 I GoogleInputMethodService: GoogleInputMethodService.onStartInput():1454 onStartInput(EditorInfo{EditorInfo{packageName=com.itsaky.androidide, inputType=0, inputTypeString=NULL, enableLearning=false, autoCorrection=false, autoComplete=false, imeOptions=0, privateImeOptions=null, actionName=UNSPECIFIED, actionLabel=null, initialSelStart=-1, initialSelEnd=-1, initialCapsMode=0, label=null, fieldId=0, fieldName=null, extras=null, hintText=null, hintLocales=[]}}, false)
06-22 15:23:29.559 23263 23263 I AndroidIME: LatinIMEBase.updateInputViewCoverNavigation():321 Update input view padding, isNavbarOverInputWindow=false, bottom inset=80
06-22 15:23:29.560 23263 23263 I Module  : DeviceLockedStatusModuleProvider$Module.updateDeviceLockedStatusInternal():127 repeatCheckTimes = 1, locked = false
06-22 15:23:29.561  1669  1721 W PackageConfigPersister: App-specific configuration not found for packageName: com.itsaky.androidide and userId: 0
06-22 15:23:29.562  1669  1735 I WindowManager: DisplayContent w: Window{8c8186e u0 com.google.android.documentsui/com.android.documentsui.picker.PickActivity} Apply preferredModeId = 2
06-22 15:23:29.565  2065  2139 D DisplayImeController: insetsChanged state equals, mImeShowing:false
06-22 15:23:29.567  1669  1734 I WindowManager: DisplayContent w: Window{8c8186e u0 com.google.android.documentsui/com.android.documentsui.picker.PickActivity} Apply preferredModeId = 2
06-22 15:23:29.589   906   906 I BufferQueueDebug: [Surface(name=2f45194 InputMethod)/@0xacc9432 - animation-leash of insets_animation#6239](this:0xb40000745600e090,id:-1,api:0,p:-1,c:906) onDestructor()
06-22 15:23:29.601   906   987 E surfaceflinger: == MALI DEBUG ===eglp_winsys_populate_image_templates ==12288
06-22 15:23:29.625   906   987 E surfaceflinger: == MALI DEBUG ===eglp_winsys_populate_image_templates ==12288
06-22 15:23:29.662   906   987 E surfaceflinger: == MALI DEBUG ===eglp_winsys_populate_image_templates ==12288
06-22 15:23:29.673  1669  2180 D TranCPUBooster: failed to reset kswapd cpu mask because is boosting
06-22 15:23:29.675  4589  4627 D AppListProvider: 2 sql SELECT DISTINCT network_acceleration FROM t_game_settings WHERE package_name=?
06-22 15:23:29.705  2428  2526 I tmw_    : notifyInputMethodShow: false mFocusOnMultiDisplay: false
06-22 15:23:29.797  1669  2180 D TranCPUBooster: failed to reset kswapd cpu mask because is boosting
06-22 15:23:29.798 18666 18666 D BottomSheetViewModel: [main] new SheetState: SheetState(sheetState=4, currentTab=7)
06-22 15:23:29.799 18666 18666 D BaseEditorActivity: [main] updateSheetState: SheetState(sheetState=4, currentTab=7)
06-22 15:23:29.801   858   858 I hwcomposer: [HWCDisplay] [Display_0 (type:1)] fps:52.815632,dur:1003.49,max:277.78,min:9.78  
06-22 15:23:29.802  1669  1721 I PowerHalWrapper: amsBoostStop AMS_BOOST_PACK_SWITCH:true, AMS_BOOST_ACT_SWITCH:false, AMS_BOOST_PROCESS_CREATE:false 
06-22 15:23:29.802   877   920 I mtkpower@impl: [mtkPowerHint] hint:22, hold:500, ext:0, ext_hold:0
